Indexing opening suite...
Started game 2 of 200 (reference vs candidate_adaptive_time)
Started game 1 of 200 (candidate_adaptive_time vs reference)
Finished game 2 (reference vs candidate_adaptive_time): 1/2-1/2 {Draw by 3-fold repetition}
Score of candidate_adaptive_time vs reference: 0 - 0 - 1  [0.500] 1
Started game 3 of 200 (candidate_adaptive_time vs reference)
Finished game 1 (candidate_adaptive_time vs reference): 1-0 {White mates}
Score of candidate_adaptive_time vs reference: 1 - 0 - 1  [0.750] 2
Started game 4 of 200 (reference vs candidate_adaptive_time)
Finished game 3 (candidate_adaptive_time vs reference): 1-0 {White mates}
Score of candidate_adaptive_time vs reference: 2 - 0 - 1  [0.833] 3
Started game 5 of 200 (candidate_adaptive_time vs reference)
Finished game 4 (reference vs candidate_adaptive_time): 1/2-1/2 {Draw by fifty moves rule}
Score of candidate_adaptive_time vs reference: 2 - 0 - 2  [0.750] 4
Started game 6 of 200 (reference vs candidate_adaptive_time)
Finished game 5 (candidate_adaptive_time vs reference): 0-1 {Black mates}
Score of candidate_adaptive_time vs reference: 2 - 1 - 2  [0.600] 5
Started game 7 of 200 (candidate_adaptive_time vs reference)
Finished game 6 (reference vs candidate_adaptive_time): 0-1 {Black mates}
Score of candidate_adaptive_time vs reference: 3 - 1 - 2  [0.667] 6
Started game 8 of 200 (reference vs candidate_adaptive_time)
Finished game 7 (candidate_adaptive_time vs reference): 1-0 {White mates}
Score of candidate_adaptive_time vs reference: 4 - 1 - 2  [0.714] 7
Started game 9 of 200 (candidate_adaptive_time vs reference)
Finished game 8 (reference vs candidate_adaptive_time): 1-0 {White mates}
Score of candidate_adaptive_time vs reference: 4 - 2 - 2  [0.625] 8
Started game 10 of 200 (reference vs candidate_adaptive_time)
Finished game 9 (candidate_adaptive_time vs reference): 1-0 {White mates}
Score of candidate_adaptive_time vs reference: 5 - 2 - 2  [0.667] 9
Started game 11 of 200 (candidate_adaptive_time vs reference)
Finished game 10 (reference vs candidate_adaptive_time): 0-1 {Black mates}
Score of candidate_adaptive_time vs reference: 6 - 2 - 2  [0.700] 10
Elo difference: 147.19 +/- 268.72, LOS: 94.31 %, DrawRatio: 20.00 %
SPRT: llr 0.07 (2.4%), lbound -2.94, ubound 2.94
Started game 12 of 200 (reference vs candidate_adaptive_time)
Warning; PV continues after threefold repetition - move h2h4 from reference
Info; info depth 2 score cp 0 nodes 202 time 2 nps 101000 pv f7e8 h2h4
Position; fen r1bqkb1r/pp1ppp1p/2n2np1/2p5/2P5/2N2NP1/PP1PPP1P/R1BQKB1R w KQkq - 0 1
Moves; d2d3 d7d6 d1b3 d8b6 c1e3 c8f5 f1g2 b6b3 a2b3 c6b4 e1d2 f6g4 f3g5 g4e3 f2e3 h7h6 g5h3 a7a6 g2b7 a8b8 b7g2 f8g7 h1f1 f5d7 h3f4 g7e5 f4d5 f7f5 d5b4 b8b4 a1a6 b4b3 a6a8 e8f7 a8h8 b3b2 d2c1 e5c3 g2d5 e7e6 h8h7 f7e8 d5f3 h6h5 h7h6 e8f7 h6h7 f7e8 h7h6 e8f7 h6h7
Warning; PV continues after threefold repetition - move h2h4 from reference
Info; info depth 3 score cp 0 nodes 648 time 6 nps 108000 pv f7e8 h2h4 c3e5
Position; fen r1bqkb1r/pp1ppp1p/2n2np1/2p5/2P5/2N2NP1/PP1PPP1P/R1BQKB1R w KQkq - 0 1
Moves; d2d3 d7d6 d1b3 d8b6 c1e3 c8f5 f1g2 b6b3 a2b3 c6b4 e1d2 f6g4 f3g5 g4e3 f2e3 h7h6 g5h3 a7a6 g2b7 a8b8 b7g2 f8g7 h1f1 f5d7 h3f4 g7e5 f4d5 f7f5 d5b4 b8b4 a1a6 b4b3 a6a8 e8f7 a8h8 b3b2 d2c1 e5c3 g2d5 e7e6 h8h7 f7e8 d5f3 h6h5 h7h6 e8f7 h6h7 f7e8 h7h6 e8f7 h6h7
Warning; PV continues after threefold repetition - move h2h4 from reference
Info; info depth 4 score cp 0 nodes 1937 time 26 nps 74500 pv f7e8 h2h4 b2a2 f1h1
Position; fen r1bqkb1r/pp1ppp1p/2n2np1/2p5/2P5/2N2NP1/PP1PPP1P/R1BQKB1R w KQkq - 0 1
Moves; d2d3 d7d6 d1b3 d8b6 c1e3 c8f5 f1g2 b6b3 a2b3 c6b4 e1d2 f6g4 f3g5 g4e3 f2e3 h7h6 g5h3 a7a6 g2b7 a8b8 b7g2 f8g7 h1f1 f5d7 h3f4 g7e5 f4d5 f7f5 d5b4 b8b4 a1a6 b4b3 a6a8 e8f7 a8h8 b3b2 d2c1 e5c3 g2d5 e7e6 h8h7 f7e8 d5f3 h6h5 h7h6 e8f7 h6h7 f7e8 h7h6 e8f7 h6h7
Warning; PV continues after threefold repetition - move h2h4 from reference
Info; info depth 4 score cp 0 nodes 1937 time 26 nps 74500 pv f7e8 h2h4 b2a2 f1h1
Position; fen r1bqkb1r/pp1ppp1p/2n2np1/2p5/2P5/2N2NP1/PP1PPP1P/R1BQKB1R w KQkq - 0 1
Moves; d2d3 d7d6 d1b3 d8b6 c1e3 c8f5 f1g2 b6b3 a2b3 c6b4 e1d2 f6g4 f3g5 g4e3 f2e3 h7h6 g5h3 a7a6 g2b7 a8b8 b7g2 f8g7 h1f1 f5d7 h3f4 g7e5 f4d5 f7f5 d5b4 b8b4 a1a6 b4b3 a6a8 e8f7 a8h8 b3b2 d2c1 e5c3 g2d5 e7e6 h8h7 f7e8 d5f3 h6h5 h7h6 e8f7 h6h7 f7e8 h7h6 e8f7 h6h7
Finished game 11 (candidate_adaptive_time vs reference): 1/2-1/2 {Draw by 3-fold repetition}
Score of candidate_adaptive_time vs reference: 6 - 2 - 3  [0.682] 11
Started game 13 of 200 (candidate_adaptive_time vs reference)
Finished game 12 (reference vs candidate_adaptive_time): 0-1 {Black mates}
Score of candidate_adaptive_time vs reference: 7 - 2 - 3  [0.708] 12
Started game 14 of 200 (reference vs candidate_adaptive_time)
Finished game 13 (candidate_adaptive_time vs reference): 1-0 {White mates}
Score of candidate_adaptive_time vs reference: 8 - 2 - 3  [0.731] 13
Started game 15 of 200 (candidate_adaptive_time vs reference)
Finished game 14 (reference vs candidate_adaptive_time): 1-0 {White mates}
Score of candidate_adaptive_time vs reference: 8 - 3 - 3  [0.679] 14
Started game 16 of 200 (reference vs candidate_adaptive_time)
Finished game 15 (candidate_adaptive_time vs reference): 0-1 {Black mates}
Score of candidate_adaptive_time vs reference: 8 - 4 - 3  [0.633] 15
Started game 17 of 200 (candidate_adaptive_time vs reference)
Finished game 16 (reference vs candidate_adaptive_time): 0-1 {Black mates}
Score of candidate_adaptive_time vs reference: 9 - 4 - 3  [0.656] 16
Started game 18 of 200 (reference vs candidate_adaptive_time)
Finished game 17 (candidate_adaptive_time vs reference): 1-0 {White mates}
Score of candidate_adaptive_time vs reference: 10 - 4 - 3  [0.676] 17
Started game 19 of 200 (candidate_adaptive_time vs reference)
Finished game 18 (reference vs candidate_adaptive_time): 0-1 {White loses on time (1ms overrun)}
Score of candidate_adaptive_time vs reference: 11 - 4 - 3  [0.694] 18
Started game 20 of 200 (reference vs candidate_adaptive_time)
Finished game 19 (candidate_adaptive_time vs reference): 0-1 {Black mates}
Score of candidate_adaptive_time vs reference: 11 - 5 - 3  [0.658] 19
Started game 21 of 200 (candidate_adaptive_time vs reference)
Finished game 20 (reference vs candidate_adaptive_time): 1-0 {White mates}
Score of candidate_adaptive_time vs reference: 11 - 6 - 3  [0.625] 20
Elo difference: 88.74 +/- 155.68, LOS: 89.61 %, DrawRatio: 15.00 %
SPRT: llr 0.08 (2.8%), lbound -2.94, ubound 2.94
Started game 22 of 200 (reference vs candidate_adaptive_time)
Finished game 21 (candidate_adaptive_time vs reference): 1/2-1/2 {Draw by insufficient mating material}
Score of candidate_adaptive_time vs reference: 11 - 6 - 4  [0.619] 21
Started game 23 of 200 (candidate_adaptive_time vs reference)
Finished game 22 (reference vs candidate_adaptive_time): 1-0 {White mates}
Score of candidate_adaptive_time vs reference: 11 - 7 - 4  [0.591] 22
Started game 24 of 200 (reference vs candidate_adaptive_time)
Finished game 23 (candidate_adaptive_time vs reference): 1-0 {White mates}
Score of candidate_adaptive_time vs reference: 12 - 7 - 4  [0.609] 23
Started game 25 of 200 (candidate_adaptive_time vs reference)
Finished game 24 (reference vs candidate_adaptive_time): 1/2-1/2 {Draw by fifty moves rule}
Score of candidate_adaptive_time vs reference: 12 - 7 - 5  [0.604] 24
Started game 26 of 200 (reference vs candidate_adaptive_time)
Finished game 25 (candidate_adaptive_time vs reference): 1/2-1/2 {Draw by 3-fold repetition}
Score of candidate_adaptive_time vs reference: 12 - 7 - 6  [0.600] 25
Started game 27 of 200 (candidate_adaptive_time vs reference)
Finished game 26 (reference vs candidate_adaptive_time): 0-1 {Black mates}
Score of candidate_adaptive_time vs reference: 13 - 7 - 6  [0.615] 26
Started game 28 of 200 (reference vs candidate_adaptive_time)
Finished game 27 (candidate_adaptive_time vs reference): 1-0 {White mates}
Score of candidate_adaptive_time vs reference: 14 - 7 - 6  [0.630] 27
Started game 29 of 200 (candidate_adaptive_time vs reference)
Finished game 28 (reference vs candidate_adaptive_time): 1-0 {White mates}
Score of candidate_adaptive_time vs reference: 14 - 8 - 6  [0.607] 28
Started game 30 of 200 (reference vs candidate_adaptive_time)
Finished game 29 (candidate_adaptive_time vs reference): 1/2-1/2 {Draw by 3-fold repetition}
Score of candidate_adaptive_time vs reference: 14 - 8 - 7  [0.603] 29
Started game 31 of 200 (candidate_adaptive_time vs reference)
Finished game 30 (reference vs candidate_adaptive_time): 1-0 {White mates}
Score of candidate_adaptive_time vs reference: 14 - 9 - 7  [0.583] 30
Elo difference: 58.45 +/- 114.21, LOS: 85.59 %, DrawRatio: 23.33 %
SPRT: llr 0.09 (3.1%), lbound -2.94, ubound 2.94
Started game 32 of 200 (reference vs candidate_adaptive_time)
Finished game 31 (candidate_adaptive_time vs reference): 0-1 {Black mates}
Score of candidate_adaptive_time vs reference: 14 - 10 - 7  [0.565] 31
Started game 33 of 200 (candidate_adaptive_time vs reference)
Finished game 32 (reference vs candidate_adaptive_time): 0-1 {Black mates}
Score of candidate_adaptive_time vs reference: 15 - 10 - 7  [0.578] 32
Started game 34 of 200 (reference vs candidate_adaptive_time)
Finished game 33 (candidate_adaptive_time vs reference): 1/2-1/2 {Draw by fifty moves rule}
Score of candidate_adaptive_time vs reference: 15 - 10 - 8  [0.576] 33
Started game 35 of 200 (candidate_adaptive_time vs reference)
Finished game 34 (reference vs candidate_adaptive_time): 0-1 {Black mates}
Score of candidate_adaptive_time vs reference: 16 - 10 - 8  [0.588] 34
Started game 36 of 200 (reference vs candidate_adaptive_time)
Finished game 35 (candidate_adaptive_time vs reference): 1-0 {White mates}
Score of candidate_adaptive_time vs reference: 17 - 10 - 8  [0.600] 35
Started game 37 of 200 (candidate_adaptive_time vs reference)
Finished game 36 (reference vs candidate_adaptive_time): 0-1 {White loses on time (2ms overrun)}
Score of candidate_adaptive_time vs reference: 18 - 10 - 8  [0.611] 36
Started game 38 of 200 (reference vs candidate_adaptive_time)
Finished game 38 (reference vs candidate_adaptive_time): 1-0 {White mates}
Score of candidate_adaptive_time vs reference: 18 - 11 - 8  [0.595] 37
Started game 39 of 200 (candidate_adaptive_time vs reference)
Finished game 37 (candidate_adaptive_time vs reference): 1/2-1/2 {Draw by fifty moves rule}
Score of candidate_adaptive_time vs reference: 18 - 11 - 9  [0.592] 38
Started game 40 of 200 (reference vs candidate_adaptive_time)
Finished game 39 (candidate_adaptive_time vs reference): 0-1 {Black mates}
Score of candidate_adaptive_time vs reference: 18 - 12 - 9  [0.577] 39
Started game 41 of 200 (candidate_adaptive_time vs reference)
Finished game 41 (candidate_adaptive_time vs reference): 1/2-1/2 {Draw by 3-fold repetition}
Score of candidate_adaptive_time vs reference: 18 - 12 - 10  [0.575] 40
Elo difference: 52.51 +/- 96.53, LOS: 86.70 %, DrawRatio: 25.00 %
SPRT: llr 0.11 (3.7%), lbound -2.94, ubound 2.94
Started game 42 of 200 (reference vs candidate_adaptive_time)
Finished game 40 (reference vs candidate_adaptive_time): 1/2-1/2 {Draw by fifty moves rule}
Score of candidate_adaptive_time vs reference: 18 - 12 - 11  [0.573] 41
Started game 43 of 200 (candidate_adaptive_time vs reference)
Finished game 42 (reference vs candidate_adaptive_time): 1-0 {White mates}
Score of candidate_adaptive_time vs reference: 18 - 13 - 11  [0.560] 42
Started game 44 of 200 (reference vs candidate_adaptive_time)
Finished game 43 (candidate_adaptive_time vs reference): 1-0 {White mates}
Score of candidate_adaptive_time vs reference: 19 - 13 - 11  [0.570] 43
Started game 45 of 200 (candidate_adaptive_time vs reference)
Finished game 44 (reference vs candidate_adaptive_time): 1/2-1/2 {Draw by insufficient mating material}
Score of candidate_adaptive_time vs reference: 19 - 13 - 12  [0.568] 44
Started game 46 of 200 (reference vs candidate_adaptive_time)
Finished game 45 (candidate_adaptive_time vs reference): 1-0 {White mates}
Score of candidate_adaptive_time vs reference: 20 - 13 - 12  [0.578] 45
Started game 47 of 200 (candidate_adaptive_time vs reference)
Finished game 46 (reference vs candidate_adaptive_time): 0-1 {Black mates}
Score of candidate_adaptive_time vs reference: 21 - 13 - 12  [0.587] 46
Started game 48 of 200 (reference vs candidate_adaptive_time)
Finished game 48 (reference vs candidate_adaptive_time): 1-0 {White mates}
Score of candidate_adaptive_time vs reference: 21 - 14 - 12  [0.574] 47
Started game 49 of 200 (candidate_adaptive_time vs reference)
Finished game 47 (candidate_adaptive_time vs reference): 1/2-1/2 {Draw by fifty moves rule}
Score of candidate_adaptive_time vs reference: 21 - 14 - 13  [0.573] 48
Started game 50 of 200 (reference vs candidate_adaptive_time)
Finished game 49 (candidate_adaptive_time vs reference): 1/2-1/2 {Draw by 3-fold repetition}
Score of candidate_adaptive_time vs reference: 21 - 14 - 14  [0.571] 49
Started game 51 of 200 (candidate_adaptive_time vs reference)
Finished game 50 (reference vs candidate_adaptive_time): 0-1 {Black mates}
Score of candidate_adaptive_time vs reference: 22 - 14 - 14  [0.580] 50
Elo difference: 56.07 +/- 84.09, LOS: 91.27 %, DrawRatio: 28.00 %
SPRT: llr 0.15 (5.2%), lbound -2.94, ubound 2.94
Started game 52 of 200 (reference vs candidate_adaptive_time)
Warning; PV continues after threefold repetition - move h2h4 from reference
Info; info depth 2 score cp 0 nodes 204 time 2 nps 102000 pv f7e8 h2h4
Position; fen r1bqkb1r/pp1ppp1p/2n2np1/2p5/2P5/2N2NP1/PP1PPP1P/R1BQKB1R w KQkq - 0 1
Moves; d2d3 d7d6 d1b3 d8b6 c1e3 c8f5 f1g2 b6b3 a2b3 c6b4 e1d2 f6g4 f3g5 g4e3 f2e3 h7h6 g5h3 a7a6 g2b7 a8b8 b7g2 f8g7 h1f1 f5d7 h3f4 g7e5 f4d5 f7f5 d5b4 b8b4 a1a6 b4b3 a6a8 e8f7 a8h8 b3b2 d2c1 e5c3 g2d5 e7e6 h8h7 f7e8 d5f3 h6h5 h7h6 e8f7 h6h7 f7e8 h7h6 e8f7 h6h7
Warning; PV continues after threefold repetition - move h2h4 from reference
Info; info depth 3 score cp 0 nodes 651 time 8 nps 81375 pv f7e8 h2h4 c3e5
Position; fen r1bqkb1r/pp1ppp1p/2n2np1/2p5/2P5/2N2NP1/PP1PPP1P/R1BQKB1R w KQkq - 0 1
Moves; d2d3 d7d6 d1b3 d8b6 c1e3 c8f5 f1g2 b6b3 a2b3 c6b4 e1d2 f6g4 f3g5 g4e3 f2e3 h7h6 g5h3 a7a6 g2b7 a8b8 b7g2 f8g7 h1f1 f5d7 h3f4 g7e5 f4d5 f7f5 d5b4 b8b4 a1a6 b4b3 a6a8 e8f7 a8h8 b3b2 d2c1 e5c3 g2d5 e7e6 h8h7 f7e8 d5f3 h6h5 h7h6 e8f7 h6h7 f7e8 h7h6 e8f7 h6h7
Warning; PV continues after threefold repetition - move h2h4 from reference
Info; info depth 4 score cp 0 nodes 2067 time 27 nps 76555 pv f7e8 h2h4 b2a2 f1h1
Position; fen r1bqkb1r/pp1ppp1p/2n2np1/2p5/2P5/2N2NP1/PP1PPP1P/R1BQKB1R w KQkq - 0 1
Moves; d2d3 d7d6 d1b3 d8b6 c1e3 c8f5 f1g2 b6b3 a2b3 c6b4 e1d2 f6g4 f3g5 g4e3 f2e3 h7h6 g5h3 a7a6 g2b7 a8b8 b7g2 f8g7 h1f1 f5d7 h3f4 g7e5 f4d5 f7f5 d5b4 b8b4 a1a6 b4b3 a6a8 e8f7 a8h8 b3b2 d2c1 e5c3 g2d5 e7e6 h8h7 f7e8 d5f3 h6h5 h7h6 e8f7 h6h7 f7e8 h7h6 e8f7 h6h7
Warning; PV continues after threefold repetition - move h2h4 from reference
Info; info depth 4 score cp 0 nodes 2067 time 27 nps 76555 pv f7e8 h2h4 b2a2 f1h1
Position; fen r1bqkb1r/pp1ppp1p/2n2np1/2p5/2P5/2N2NP1/PP1PPP1P/R1BQKB1R w KQkq - 0 1
Moves; d2d3 d7d6 d1b3 d8b6 c1e3 c8f5 f1g2 b6b3 a2b3 c6b4 e1d2 f6g4 f3g5 g4e3 f2e3 h7h6 g5h3 a7a6 g2b7 a8b8 b7g2 f8g7 h1f1 f5d7 h3f4 g7e5 f4d5 f7f5 d5b4 b8b4 a1a6 b4b3 a6a8 e8f7 a8h8 b3b2 d2c1 e5c3 g2d5 e7e6 h8h7 f7e8 d5f3 h6h5 h7h6 e8f7 h6h7 f7e8 h7h6 e8f7 h6h7
Finished game 51 (candidate_adaptive_time vs reference): 1/2-1/2 {Draw by 3-fold repetition}
Score of candidate_adaptive_time vs reference: 22 - 14 - 15  [0.578] 51
Started game 53 of 200 (candidate_adaptive_time vs reference)
Finished game 52 (reference vs candidate_adaptive_time): 1-0 {White mates}
Score of candidate_adaptive_time vs reference: 22 - 15 - 15  [0.567] 52
Started game 54 of 200 (reference vs candidate_adaptive_time)
Finished game 53 (candidate_adaptive_time vs reference): 1/2-1/2 {Draw by 3-fold repetition}
Score of candidate_adaptive_time vs reference: 22 - 15 - 16  [0.566] 53
Started game 55 of 200 (candidate_adaptive_time vs reference)
Finished game 54 (reference vs candidate_adaptive_time): 1-0 {White mates}
Score of candidate_adaptive_time vs reference: 22 - 16 - 16  [0.556] 54
Started game 56 of 200 (reference vs candidate_adaptive_time)
Finished game 56 (reference vs candidate_adaptive_time): 1/2-1/2 {Draw by insufficient mating material}
Score of candidate_adaptive_time vs reference: 22 - 16 - 17  [0.555] 55
Started game 57 of 200 (candidate_adaptive_time vs reference)
Finished game 55 (candidate_adaptive_time vs reference): 0-1 {White loses on time (14ms overrun)}
Score of candidate_adaptive_time vs reference: 22 - 17 - 17  [0.545] 56
Started game 58 of 200 (reference vs candidate_adaptive_time)
Finished game 57 (candidate_adaptive_time vs reference): 1-0 {White mates}
Score of candidate_adaptive_time vs reference: 23 - 17 - 17  [0.553] 57
Started game 59 of 200 (candidate_adaptive_time vs reference)
Finished game 58 (reference vs candidate_adaptive_time): 1-0 {White mates}
Score of candidate_adaptive_time vs reference: 23 - 18 - 17  [0.543] 58
Started game 60 of 200 (reference vs candidate_adaptive_time)
Finished game 60 (reference vs candidate_adaptive_time): 1-0 {White mates}
Score of candidate_adaptive_time vs reference: 23 - 19 - 17  [0.534] 59
Started game 61 of 200 (candidate_adaptive_time vs reference)
Finished game 59 (candidate_adaptive_time vs reference): 0-1 {Black mates}
Score of candidate_adaptive_time vs reference: 23 - 20 - 17  [0.525] 60
Elo difference: 17.39 +/- 75.66, LOS: 67.66 %, DrawRatio: 28.33 %
SPRT: llr 0.05 (1.8%), lbound -2.94, ubound 2.94
Started game 62 of 200 (reference vs candidate_adaptive_time)
Finished game 62 (reference vs candidate_adaptive_time): 1-0 {White mates}
Score of candidate_adaptive_time vs reference: 23 - 21 - 17  [0.516] 61
Started game 63 of 200 (candidate_adaptive_time vs reference)
Finished game 61 (candidate_adaptive_time vs reference): 1/2-1/2 {Draw by fifty moves rule}
Score of candidate_adaptive_time vs reference: 23 - 21 - 18  [0.516] 62
Started game 64 of 200 (reference vs candidate_adaptive_time)
Finished game 63 (candidate_adaptive_time vs reference): 1-0 {White mates}
Score of candidate_adaptive_time vs reference: 24 - 21 - 18  [0.524] 63
Started game 65 of 200 (candidate_adaptive_time vs reference)
Finished game 64 (reference vs candidate_adaptive_time): 1-0 {White mates}
Score of candidate_adaptive_time vs reference: 24 - 22 - 18  [0.516] 64
Started game 66 of 200 (reference vs candidate_adaptive_time)
Finished game 65 (candidate_adaptive_time vs reference): 1-0 {White mates}
Score of candidate_adaptive_time vs reference: 25 - 22 - 18  [0.523] 65
Started game 67 of 200 (candidate_adaptive_time vs reference)
Finished game 66 (reference vs candidate_adaptive_time): 1-0 {White mates}
Score of candidate_adaptive_time vs reference: 25 - 23 - 18  [0.515] 66
Started game 68 of 200 (reference vs candidate_adaptive_time)
Finished game 67 (candidate_adaptive_time vs reference): 0-1 {Black mates}
Score of candidate_adaptive_time vs reference: 25 - 24 - 18  [0.507] 67
Started game 69 of 200 (candidate_adaptive_time vs reference)
Finished game 68 (reference vs candidate_adaptive_time): 1/2-1/2 {Draw by insufficient mating material}
Score of candidate_adaptive_time vs reference: 25 - 24 - 19  [0.507] 68
Started game 70 of 200 (reference vs candidate_adaptive_time)
Finished game 70 (reference vs candidate_adaptive_time): 1-0 {White mates}
Score of candidate_adaptive_time vs reference: 25 - 25 - 19  [0.500] 69
Started game 71 of 200 (candidate_adaptive_time vs reference)
Finished game 69 (candidate_adaptive_time vs reference): 0-1 {Black mates}
Score of candidate_adaptive_time vs reference: 25 - 26 - 19  [0.493] 70
Elo difference: -4.96 +/- 70.43, LOS: 44.43 %, DrawRatio: 27.14 %
SPRT: llr -0.03 (1.0%), lbound -2.94, ubound 2.94
Started game 72 of 200 (reference vs candidate_adaptive_time)
Finished game 71 (candidate_adaptive_time vs reference): 1-0 {White mates}
Score of candidate_adaptive_time vs reference: 26 - 26 - 19  [0.500] 71
Started game 73 of 200 (candidate_adaptive_time vs reference)
Finished game 72 (reference vs candidate_adaptive_time): 0-1 {Black mates}
Score of candidate_adaptive_time vs reference: 27 - 26 - 19  [0.507] 72
Started game 74 of 200 (reference vs candidate_adaptive_time)
Finished game 73 (candidate_adaptive_time vs reference): 0-1 {Black mates}
Score of candidate_adaptive_time vs reference: 27 - 27 - 19  [0.500] 73
Started game 75 of 200 (candidate_adaptive_time vs reference)
Finished game 74 (reference vs candidate_adaptive_time): 0-1 {Black mates}
Score of candidate_adaptive_time vs reference: 28 - 27 - 19  [0.507] 74
Started game 76 of 200 (reference vs candidate_adaptive_time)
Finished game 75 (candidate_adaptive_time vs reference): 0-1 {Black mates}
Score of candidate_adaptive_time vs reference: 28 - 28 - 19  [0.500] 75
Started game 77 of 200 (candidate_adaptive_time vs reference)
Finished game 76 (reference vs candidate_adaptive_time): 1/2-1/2 {Draw by fifty moves rule}
Score of candidate_adaptive_time vs reference: 28 - 28 - 20  [0.500] 76
Started game 78 of 200 (reference vs candidate_adaptive_time)
Finished game 77 (candidate_adaptive_time vs reference): 1/2-1/2 {Draw by 3-fold repetition}
Score of candidate_adaptive_time vs reference: 28 - 28 - 21  [0.500] 77
Started game 79 of 200 (candidate_adaptive_time vs reference)
Finished game 78 (reference vs candidate_adaptive_time): 1-0 {White mates}
Score of candidate_adaptive_time vs reference: 28 - 29 - 21  [0.494] 78
Started game 80 of 200 (reference vs candidate_adaptive_time)
Finished game 79 (candidate_adaptive_time vs reference): 1-0 {White mates}
Score of candidate_adaptive_time vs reference: 29 - 29 - 21  [0.500] 79
Started game 81 of 200 (candidate_adaptive_time vs reference)
Finished game 80 (reference vs candidate_adaptive_time): 1/2-1/2 {Draw by insufficient mating material}
Score of candidate_adaptive_time vs reference: 29 - 29 - 22  [0.500] 80
Elo difference: -0.00 +/- 65.59, LOS: 50.00 %, DrawRatio: 27.50 %
SPRT: llr -0.01 (0.4%), lbound -2.94, ubound 2.94
Started game 82 of 200 (reference vs candidate_adaptive_time)
Finished game 81 (candidate_adaptive_time vs reference): 0-1 {Black mates}
Score of candidate_adaptive_time vs reference: 29 - 30 - 22  [0.494] 81
Started game 83 of 200 (candidate_adaptive_time vs reference)
Finished game 82 (reference vs candidate_adaptive_time): 1-0 {White mates}
Score of candidate_adaptive_time vs reference: 29 - 31 - 22  [0.488] 82
Started game 84 of 200 (reference vs candidate_adaptive_time)
Finished game 83 (candidate_adaptive_time vs reference): 1-0 {White mates}
Score of candidate_adaptive_time vs reference: 30 - 31 - 22  [0.494] 83
Started game 85 of 200 (candidate_adaptive_time vs reference)
Finished game 84 (reference vs candidate_adaptive_time): 0-1 {Black mates}
Score of candidate_adaptive_time vs reference: 31 - 31 - 22  [0.500] 84
Started game 86 of 200 (reference vs candidate_adaptive_time)
Finished game 85 (candidate_adaptive_time vs reference): 0-1 {Black mates}
Score of candidate_adaptive_time vs reference: 31 - 32 - 22  [0.494] 85
Started game 87 of 200 (candidate_adaptive_time vs reference)
Finished game 86 (reference vs candidate_adaptive_time): 1/2-1/2 {Draw by fifty moves rule}
Score of candidate_adaptive_time vs reference: 31 - 32 - 23  [0.494] 86
Started game 88 of 200 (reference vs candidate_adaptive_time)
Finished game 87 (candidate_adaptive_time vs reference): 0-1 {Black mates}
Score of candidate_adaptive_time vs reference: 31 - 33 - 23  [0.489] 87
Started game 89 of 200 (candidate_adaptive_time vs reference)
Finished game 89 (candidate_adaptive_time vs reference): 1-0 {White mates}
Score of candidate_adaptive_time vs reference: 32 - 33 - 23  [0.494] 88
Started game 90 of 200 (reference vs candidate_adaptive_time)
Finished game 88 (reference vs candidate_adaptive_time): 1/2-1/2 {Draw by fifty moves rule}
Score of candidate_adaptive_time vs reference: 32 - 33 - 24  [0.494] 89
Started game 91 of 200 (candidate_adaptive_time vs reference)
Finished game 91 (candidate_adaptive_time vs reference): 0-1 {Black mates}
Score of candidate_adaptive_time vs reference: 32 - 34 - 24  [0.489] 90
Elo difference: -7.72 +/- 62.13, LOS: 40.27 %, DrawRatio: 26.67 %
SPRT: llr -0.05 (1.8%), lbound -2.94, ubound 2.94
Started game 92 of 200 (reference vs candidate_adaptive_time)
Finished game 90 (reference vs candidate_adaptive_time): 0-1 {Black mates}
Score of candidate_adaptive_time vs reference: 33 - 34 - 24  [0.495] 91
Started game 93 of 200 (candidate_adaptive_time vs reference)
Warning; PV continues after threefold repetition - move c5d5 from reference
Info; info depth 2 score cp 0 nodes 1024 time 17 nps 60235 pv d2e3 c5d5
Position; fen r1bqkb1r/pp1ppp1p/2n2np1/2p5/2P5/2N2NP1/PP1PPP1P/R1BQKB1R w KQkq - 0 1
Moves; d2d3 d7d6 d1b3 d8b6 c1f4 c8e6 h2h4 b6b3 a2b3 c6b4 a1a4 e6d7 c3b5 d7b5 c4b5 f6d5 f4d2 f8g7 d2c1 d5b6 a4a5 h7h5 f1g2 b6d5 e1d1 g7h6 c1h6 h8h6 f3g5 f7f6 g2d5 b4d5 g5f3 b7b6 a5a4 d5c7 b3b4 e8f7 b4c5 d6c5 d1d2 c7b5 b2b4 c5b4 a4b4 a7a6 h1a1 h6h8 b4a4 a6a5 a1b1 b5d6 b1b6 h8c8 d2e3 c8c5 f3d4 a8c8 f2f4 c5c3 b6b1 c3c5 b1b6 c5c3 e3d2 c3c5
Warning; PV continues after threefold repetition - move c5d5 from reference
Info; info depth 2 score cp 0 nodes 1216 time 20 nps 60800 pv d2e3 c5d5
Position; fen r1bqkb1r/pp1ppp1p/2n2np1/2p5/2P5/2N2NP1/PP1PPP1P/R1BQKB1R w KQkq - 0 1
Moves; d2d3 d7d6 d1b3 d8b6 c1f4 c8e6 h2h4 b6b3 a2b3 c6b4 a1a4 e6d7 c3b5 d7b5 c4b5 f6d5 f4d2 f8g7 d2c1 d5b6 a4a5 h7h5 f1g2 b6d5 e1d1 g7h6 c1h6 h8h6 f3g5 f7f6 g2d5 b4d5 g5f3 b7b6 a5a4 d5c7 b3b4 e8f7 b4c5 d6c5 d1d2 c7b5 b2b4 c5b4 a4b4 a7a6 h1a1 h6h8 b4a4 a6a5 a1b1 b5d6 b1b6 h8c8 d2e3 c8c5 f3d4 a8c8 f2f4 c5c3 b6b1 c3c5 b1b6 c5c3 e3d2 c3c5
Finished game 92 (reference vs candidate_adaptive_time): 1/2-1/2 {Draw by 3-fold repetition}
Score of candidate_adaptive_time vs reference: 33 - 34 - 25  [0.495] 92
Started game 94 of 200 (reference vs candidate_adaptive_time)
Finished game 93 (candidate_adaptive_time vs reference): 0-1 {White loses on time (5ms overrun)}
Score of candidate_adaptive_time vs reference: 33 - 35 - 25  [0.489] 93
Started game 95 of 200 (candidate_adaptive_time vs reference)
Finished game 94 (reference vs candidate_adaptive_time): 1-0 {White mates}
Score of candidate_adaptive_time vs reference: 33 - 36 - 25  [0.484] 94
Started game 96 of 200 (reference vs candidate_adaptive_time)
Finished game 95 (candidate_adaptive_time vs reference): 1-0 {White mates}
Score of candidate_adaptive_time vs reference: 34 - 36 - 25  [0.489] 95
Started game 97 of 200 (candidate_adaptive_time vs reference)
Finished game 96 (reference vs candidate_adaptive_time): 1-0 {White mates}
Score of candidate_adaptive_time vs reference: 34 - 37 - 25  [0.484] 96
Started game 98 of 200 (reference vs candidate_adaptive_time)
Finished game 97 (candidate_adaptive_time vs reference): 0-1 {White loses on time (1ms overrun)}
Score of candidate_adaptive_time vs reference: 34 - 38 - 25  [0.479] 97
Started game 99 of 200 (candidate_adaptive_time vs reference)
Warning; PV continues after threefold repetition - move d5e5 from reference
Info; info depth 4 score cp 0 nodes 833 time 11 nps 75727 pv f4f3 d5e5 f3e3 f7d5
Position; fen rnbqk2r/ppppp1bp/5np1/5p2/3P4/5NP1/PPP1PPBP/RNBQK2R w KQkq - 0 1
Moves; b1c3 d7d6 d1d3 c8d7 c1e3 b8c6 d3c4 e7e6 f3g5 d8e7 c4b5 a8b8 d4d5 a7a6 b5b3 e6d5 c3d5 f6d5 g2d5 g7d4 g5f7 h8f8 e3d4 c6d4 b3d3 d4e6 d5e6 d7e6 f7h6 e7f6 d3c3 f6c3 b2c3 e8e7 a2a4 f8f6 h2h4 e7f8 g3g4 f5g4 h1g1 f6f4 e2e3 f4e4 e1d2 b8e8 d2d3 e6c4 d3d2 g4g3 g1g3 e4h4 h6g4 f8f7 g3f3 f7g7 f3f4 c4f7 g4f6 h4f4 f6e8 f7e8 e3f4 g7f6 a4a5 h7h5 a1e1 e8c6 e1e3 h5h4 e3h3 g6g5 f4g5 f6g5 h3e3 c6d5 d2d3 b7b5 a5b6 c7b6 c3c4 d5f7 d3d4 f7g8 e3e7 g5f5 e7b7 h4h3 b7b6 h3h2 b6b1 f5g4 b1h1 g4h3 c4c5 d6c5 d4c5 h3g2 h1h2 g2h2 c2c4 a6a5 c5d4 a5a4 d4c3 a4a3 c3b3 a3a2 b3a2 g8c4 a2b2 c4d5 f2f4 h2g3 f4f5 g3f4 f5f6 d5f7 b2c3 f4e4 c3c2 e4f5 c2d3 f5e6 d3c4 e6e5 c4c5 e5e6 c5c4 e6f5 c4d3 f5e5 d3e3 e5d5 e3f3 f7h5 f3e3 h5f7 e3f3 f7h5 f3f4 h5f7
Warning; PV continues after threefold repetition - move d5e5 from reference
Info; info depth 4 score cp 0 nodes 1587 time 28 nps 56678 pv f4f3 d5e5 f3e3 f7d5
Position; fen rnbqk2r/ppppp1bp/5np1/5p2/3P4/5NP1/PPP1PPBP/RNBQK2R w KQkq - 0 1
Moves; b1c3 d7d6 d1d3 c8d7 c1e3 b8c6 d3c4 e7e6 f3g5 d8e7 c4b5 a8b8 d4d5 a7a6 b5b3 e6d5 c3d5 f6d5 g2d5 g7d4 g5f7 h8f8 e3d4 c6d4 b3d3 d4e6 d5e6 d7e6 f7h6 e7f6 d3c3 f6c3 b2c3 e8e7 a2a4 f8f6 h2h4 e7f8 g3g4 f5g4 h1g1 f6f4 e2e3 f4e4 e1d2 b8e8 d2d3 e6c4 d3d2 g4g3 g1g3 e4h4 h6g4 f8f7 g3f3 f7g7 f3f4 c4f7 g4f6 h4f4 f6e8 f7e8 e3f4 g7f6 a4a5 h7h5 a1e1 e8c6 e1e3 h5h4 e3h3 g6g5 f4g5 f6g5 h3e3 c6d5 d2d3 b7b5 a5b6 c7b6 c3c4 d5f7 d3d4 f7g8 e3e7 g5f5 e7b7 h4h3 b7b6 h3h2 b6b1 f5g4 b1h1 g4h3 c4c5 d6c5 d4c5 h3g2 h1h2 g2h2 c2c4 a6a5 c5d4 a5a4 d4c3 a4a3 c3b3 a3a2 b3a2 g8c4 a2b2 c4d5 f2f4 h2g3 f4f5 g3f4 f5f6 d5f7 b2c3 f4e4 c3c2 e4f5 c2d3 f5e6 d3c4 e6e5 c4c5 e5e6 c5c4 e6f5 c4d3 f5e5 d3e3 e5d5 e3f3 f7h5 f3e3 h5f7 e3f3 f7h5 f3f4 h5f7
Finished game 98 (reference vs candidate_adaptive_time): 1/2-1/2 {Draw by 3-fold repetition}
Score of candidate_adaptive_time vs reference: 34 - 38 - 26  [0.480] 98
Started game 100 of 200 (reference vs candidate_adaptive_time)
Finished game 99 (candidate_adaptive_time vs reference): 1-0 {White mates}
Score of candidate_adaptive_time vs reference: 35 - 38 - 26  [0.485] 99
Started game 101 of 200 (candidate_adaptive_time vs reference)
Finished game 100 (reference vs candidate_adaptive_time): 1-0 {White mates}
Score of candidate_adaptive_time vs reference: 35 - 39 - 26  [0.480] 100
Elo difference: -13.90 +/- 59.18, LOS: 32.08 %, DrawRatio: 26.00 %
SPRT: llr -0.09 (3.1%), lbound -2.94, ubound 2.94
Started game 102 of 200 (reference vs candidate_adaptive_time)
Warning; PV continues after threefold repetition - move d5c4 from candidate_adaptive_time
Info; info depth 2 score cp 0 nodes 758 time 10 nps 75800 pv d4e3 d5c4
Position; fen rnbqk2r/ppp1bppp/4pn2/3p2B1/3PP3/2N5/PPP2PPP/R2QKBNR w KQkq - 0 1
Moves; e4e5 f6e4 g5e7 e4c3 e7d8 c3d1 d8c7 d1b2 a1b1 b2c4 f1c4 d5c4 c7d6 b8d7 b1b4 b7b6 b4c4 c8b7 g1f3 b7d5 c4a4 a8c8 e1d2 a7a5 c2c3 h7h5 h1b1 h8h6 h2h3 h6g6 f3h4 g6h6 f2f4 f7f6 e5f6 h6f6 d6e5 f6f7 g2g3 d7e5 d4e5 c8c6 b1b5 f7c7 a4a3 c7d7 d2e3 d7c7 e3d4 c7d7 d4e3 d7c7 e3d4 c7d7
Finished game 101 (candidate_adaptive_time vs reference): 1/2-1/2 {Draw by 3-fold repetition}
Score of candidate_adaptive_time vs reference: 35 - 39 - 27  [0.480] 101
Started game 103 of 200 (candidate_adaptive_time vs reference)
Finished game 103 (candidate_adaptive_time vs reference): 0-1 {Black mates}
Score of candidate_adaptive_time vs reference: 35 - 40 - 27  [0.475] 102
Started game 104 of 200 (reference vs candidate_adaptive_time)
Finished game 102 (reference vs candidate_adaptive_time): 1-0 {White mates}
Score of candidate_adaptive_time vs reference: 35 - 41 - 27  [0.471] 103
Started game 105 of 200 (candidate_adaptive_time vs reference)
Finished game 104 (reference vs candidate_adaptive_time): 1-0 {White mates}
Score of candidate_adaptive_time vs reference: 35 - 42 - 27  [0.466] 104
Started game 106 of 200 (reference vs candidate_adaptive_time)
Finished game 105 (candidate_adaptive_time vs reference): 1-0 {White mates}
Score of candidate_adaptive_time vs reference: 36 - 42 - 27  [0.471] 105
Started game 107 of 200 (candidate_adaptive_time vs reference)
Finished game 106 (reference vs candidate_adaptive_time): 1-0 {White mates}
Score of candidate_adaptive_time vs reference: 36 - 43 - 27  [0.467] 106
Started game 108 of 200 (reference vs candidate_adaptive_time)
Finished game 107 (candidate_adaptive_time vs reference): 1-0 {White mates}
Score of candidate_adaptive_time vs reference: 37 - 43 - 27  [0.472] 107
Started game 109 of 200 (candidate_adaptive_time vs reference)
Finished game 108 (reference vs candidate_adaptive_time): 1-0 {White mates}
Score of candidate_adaptive_time vs reference: 37 - 44 - 27  [0.468] 108
Started game 110 of 200 (reference vs candidate_adaptive_time)
Finished game 109 (candidate_adaptive_time vs reference): 0-1 {Black mates}
Score of candidate_adaptive_time vs reference: 37 - 45 - 27  [0.463] 109
Started game 111 of 200 (candidate_adaptive_time vs reference)
Finished game 110 (reference vs candidate_adaptive_time): 1-0 {White mates}
Score of candidate_adaptive_time vs reference: 37 - 46 - 27  [0.459] 110
Elo difference: -28.49 +/- 57.04, LOS: 16.05 %, DrawRatio: 24.55 %
SPRT: llr -0.19 (6.3%), lbound -2.94, ubound 2.94
Started game 112 of 200 (reference vs candidate_adaptive_time)
Finished game 111 (candidate_adaptive_time vs reference): 0-1 {Black mates}
Score of candidate_adaptive_time vs reference: 37 - 47 - 27  [0.455] 111
Started game 113 of 200 (candidate_adaptive_time vs reference)
Finished game 112 (reference vs candidate_adaptive_time): 0-1 {Black mates}
Score of candidate_adaptive_time vs reference: 38 - 47 - 27  [0.460] 112
Started game 114 of 200 (reference vs candidate_adaptive_time)
Finished game 113 (candidate_adaptive_time vs reference): 0-1 {Black mates}
Score of candidate_adaptive_time vs reference: 38 - 48 - 27  [0.456] 113
Started game 115 of 200 (candidate_adaptive_time vs reference)
Finished game 114 (reference vs candidate_adaptive_time): 0-1 {Black mates}
Score of candidate_adaptive_time vs reference: 39 - 48 - 27  [0.461] 114
Started game 116 of 200 (reference vs candidate_adaptive_time)
Finished game 115 (candidate_adaptive_time vs reference): 0-1 {Black mates}
Score of candidate_adaptive_time vs reference: 39 - 49 - 27  [0.457] 115
Started game 117 of 200 (candidate_adaptive_time vs reference)
Finished game 117 (candidate_adaptive_time vs reference): 1/2-1/2 {Draw by fifty moves rule}
Score of candidate_adaptive_time vs reference: 39 - 49 - 28  [0.457] 116
Started game 118 of 200 (reference vs candidate_adaptive_time)
Finished game 116 (reference vs candidate_adaptive_time): 1/2-1/2 {Draw by fifty moves rule}
Score of candidate_adaptive_time vs reference: 39 - 49 - 29  [0.457] 117
Started game 119 of 200 (candidate_adaptive_time vs reference)
Finished game 118 (reference vs candidate_adaptive_time): 1/2-1/2 {Draw by fifty moves rule}
Score of candidate_adaptive_time vs reference: 39 - 49 - 30  [0.458] 118
Started game 120 of 200 (reference vs candidate_adaptive_time)
Finished game 119 (candidate_adaptive_time vs reference): 0-1 {Black mates}
Score of candidate_adaptive_time vs reference: 39 - 50 - 30  [0.454] 119
Started game 121 of 200 (candidate_adaptive_time vs reference)
Finished game 121 (candidate_adaptive_time vs reference): 1-0 {White mates}
Score of candidate_adaptive_time vs reference: 40 - 50 - 30  [0.458] 120
Elo difference: -29.02 +/- 54.41, LOS: 14.48 %, DrawRatio: 25.00 %
SPRT: llr -0.21 (7.1%), lbound -2.94, ubound 2.94
Started game 122 of 200 (reference vs candidate_adaptive_time)
Finished game 120 (reference vs candidate_adaptive_time): 1/2-1/2 {Draw by fifty moves rule}
Score of candidate_adaptive_time vs reference: 40 - 50 - 31  [0.459] 121
Started game 123 of 200 (candidate_adaptive_time vs reference)
Finished game 122 (reference vs candidate_adaptive_time): 0-1 {White loses on time (39ms overrun)}
Score of candidate_adaptive_time vs reference: 41 - 50 - 31  [0.463] 122
Started game 124 of 200 (reference vs candidate_adaptive_time)
Finished game 123 (candidate_adaptive_time vs reference): 1/2-1/2 {Draw by fifty moves rule}
Score of candidate_adaptive_time vs reference: 41 - 50 - 32  [0.463] 123
Started game 125 of 200 (candidate_adaptive_time vs reference)
Finished game 124 (reference vs candidate_adaptive_time): 1-0 {White mates}
Score of candidate_adaptive_time vs reference: 41 - 51 - 32  [0.460] 124
Started game 126 of 200 (reference vs candidate_adaptive_time)
Finished game 125 (candidate_adaptive_time vs reference): 0-1 {Black mates}
Score of candidate_adaptive_time vs reference: 41 - 52 - 32  [0.456] 125
Started game 127 of 200 (candidate_adaptive_time vs reference)
Finished game 126 (reference vs candidate_adaptive_time): 0-1 {Black mates}
Score of candidate_adaptive_time vs reference: 42 - 52 - 32  [0.460] 126
Started game 128 of 200 (reference vs candidate_adaptive_time)
Finished game 127 (candidate_adaptive_time vs reference): 0-1 {Black mates}
Score of candidate_adaptive_time vs reference: 42 - 53 - 32  [0.457] 127
Started game 129 of 200 (candidate_adaptive_time vs reference)
Finished game 128 (reference vs candidate_adaptive_time): 1-0 {White mates}
Score of candidate_adaptive_time vs reference: 42 - 54 - 32  [0.453] 128
Started game 130 of 200 (reference vs candidate_adaptive_time)
Finished game 129 (candidate_adaptive_time vs reference): 1-0 {White mates}
Score of candidate_adaptive_time vs reference: 43 - 54 - 32  [0.457] 129
Started game 131 of 200 (candidate_adaptive_time vs reference)
Finished game 130 (reference vs candidate_adaptive_time): 1-0 {Black loses on time (52ms overrun)}
Score of candidate_adaptive_time vs reference: 43 - 55 - 32  [0.454] 130
Elo difference: -32.16 +/- 52.41, LOS: 11.14 %, DrawRatio: 24.62 %
SPRT: llr -0.25 (8.4%), lbound -2.94, ubound 2.94
Started game 132 of 200 (reference vs candidate_adaptive_time)
Finished game 131 (candidate_adaptive_time vs reference): 0-1 {Black mates}
Score of candidate_adaptive_time vs reference: 43 - 56 - 32  [0.450] 131
Started game 133 of 200 (candidate_adaptive_time vs reference)
Finished game 132 (reference vs candidate_adaptive_time): 1-0 {White mates}
Score of candidate_adaptive_time vs reference: 43 - 57 - 32  [0.447] 132
Started game 134 of 200 (reference vs candidate_adaptive_time)
Finished game 134 (reference vs candidate_adaptive_time): 0-1 {Black mates}
Score of candidate_adaptive_time vs reference: 44 - 57 - 32  [0.451] 133
Started game 135 of 200 (candidate_adaptive_time vs reference)
Finished game 133 (candidate_adaptive_time vs reference): 1/2-1/2 {Draw by insufficient mating material}
Score of candidate_adaptive_time vs reference: 44 - 57 - 33  [0.451] 134
Started game 136 of 200 (reference vs candidate_adaptive_time)
Finished game 136 (reference vs candidate_adaptive_time): 0-1 {Black mates}
Score of candidate_adaptive_time vs reference: 45 - 57 - 33  [0.456] 135
Started game 137 of 200 (candidate_adaptive_time vs reference)
Finished game 135 (candidate_adaptive_time vs reference): 1-0 {White mates}
Score of candidate_adaptive_time vs reference: 46 - 57 - 33  [0.460] 136
Started game 138 of 200 (reference vs candidate_adaptive_time)
Finished game 137 (candidate_adaptive_time vs reference): 1-0 {White mates}
Score of candidate_adaptive_time vs reference: 47 - 57 - 33  [0.464] 137
Started game 139 of 200 (candidate_adaptive_time vs reference)
Finished game 138 (reference vs candidate_adaptive_time): 1-0 {White mates}
Score of candidate_adaptive_time vs reference: 47 - 58 - 33  [0.460] 138
Started game 140 of 200 (reference vs candidate_adaptive_time)
Finished game 140 (reference vs candidate_adaptive_time): 1-0 {White mates}
Score of candidate_adaptive_time vs reference: 47 - 59 - 33  [0.457] 139
Started game 141 of 200 (candidate_adaptive_time vs reference)
Finished game 139 (candidate_adaptive_time vs reference): 0-1 {Black mates}
Score of candidate_adaptive_time vs reference: 47 - 60 - 33  [0.454] 140
Elo difference: -32.36 +/- 50.83, LOS: 10.31 %, DrawRatio: 23.57 %
SPRT: llr -0.26 (9.0%), lbound -2.94, ubound 2.94
Started game 142 of 200 (reference vs candidate_adaptive_time)
Finished game 141 (candidate_adaptive_time vs reference): 1-0 {White mates}
Score of candidate_adaptive_time vs reference: 48 - 60 - 33  [0.457] 141
Started game 143 of 200 (candidate_adaptive_time vs reference)
Finished game 142 (reference vs candidate_adaptive_time): 1-0 {White mates}
Score of candidate_adaptive_time vs reference: 48 - 61 - 33  [0.454] 142
Started game 144 of 200 (reference vs candidate_adaptive_time)
Finished game 144 (reference vs candidate_adaptive_time): 1-0 {White mates}
Score of candidate_adaptive_time vs reference: 48 - 62 - 33  [0.451] 143
Started game 145 of 200 (candidate_adaptive_time vs reference)
Finished game 143 (candidate_adaptive_time vs reference): 1/2-1/2 {Draw by fifty moves rule}
Score of candidate_adaptive_time vs reference: 48 - 62 - 34  [0.451] 144
Started game 146 of 200 (reference vs candidate_adaptive_time)
Finished game 145 (candidate_adaptive_time vs reference): 1-0 {White mates}
Score of candidate_adaptive_time vs reference: 49 - 62 - 34  [0.455] 145
Started game 147 of 200 (candidate_adaptive_time vs reference)
Finished game 146 (reference vs candidate_adaptive_time): 0-1 {Black mates}
Score of candidate_adaptive_time vs reference: 50 - 62 - 34  [0.459] 146
Started game 148 of 200 (reference vs candidate_adaptive_time)
Finished game 147 (candidate_adaptive_time vs reference): 0-1 {Black mates}
Score of candidate_adaptive_time vs reference: 50 - 63 - 34  [0.456] 147
Started game 149 of 200 (candidate_adaptive_time vs reference)
Finished game 148 (reference vs candidate_adaptive_time): 0-1 {Black mates}
Score of candidate_adaptive_time vs reference: 51 - 63 - 34  [0.459] 148
Started game 150 of 200 (reference vs candidate_adaptive_time)
Finished game 149 (candidate_adaptive_time vs reference): 1-0 {White mates}
Score of candidate_adaptive_time vs reference: 52 - 63 - 34  [0.463] 149
Started game 151 of 200 (candidate_adaptive_time vs reference)
Finished game 150 (reference vs candidate_adaptive_time): 1-0 {White mates}
Score of candidate_adaptive_time vs reference: 52 - 64 - 34  [0.460] 150
Elo difference: -27.85 +/- 49.34, LOS: 13.16 %, DrawRatio: 22.67 %
SPRT: llr -0.24 (8.3%), lbound -2.94, ubound 2.94
Started game 152 of 200 (reference vs candidate_adaptive_time)
Finished game 151 (candidate_adaptive_time vs reference): 1-0 {White mates}
Score of candidate_adaptive_time vs reference: 53 - 64 - 34  [0.464] 151
Started game 153 of 200 (candidate_adaptive_time vs reference)
Finished game 152 (reference vs candidate_adaptive_time): 1-0 {White mates}
Score of candidate_adaptive_time vs reference: 53 - 65 - 34  [0.461] 152
Started game 154 of 200 (reference vs candidate_adaptive_time)
Finished game 153 (candidate_adaptive_time vs reference): 0-1 {White loses on time (2ms overrun)}
Score of candidate_adaptive_time vs reference: 53 - 66 - 34  [0.458] 153
Started game 155 of 200 (candidate_adaptive_time vs reference)
Warning; PV continues after threefold repetition - move e7d8 from reference
Info; info depth 2 score cp 0 nodes 1088 time 14 nps 77714 pv b7b8 e7d8
Position; fen rn1qkbnr/pp2pppp/2p5/5b2/3PN3/8/PPP2PPP/R1BQKBNR w KQkq - 0 1
Moves; e4g3 g8f6 c1f4 f5e6 g1f3 f6d5 f4d2 d8b6 c2c4 d5f6 c4c5 b6b2 a1b1 b2a2 b1b7 b8d7 f3g5 e6d5 f1d3 a8b8 b7b8 d7b8 e1g1 b8d7 g3e2 a2b2 f1e1 h7h6 g5h3 f6e4 d3e4 d5e4 h3f4 e7e5 f2f3 e4f3 g2f3 e5f4 e2f4 f8e7 e1e4 d7f6 f4d3 b2b5 e4e3 f6d5 d1e2 d5e3 e2e3 a7a5 e3e4 a5a4 d3e5 a4a3 e5c6 b5b7 d4d5 a3a2 e4e5 b7b1 g1f2 b1b7 c6e7 b7e7 e5g7 e7c5 f2e2 c5f8 g7b2 f8e7 d2e3 h8g8 e2d3 g8g2 b2b8 e7d8 b8e5 d8e7 e5b8 e8d7 b8b7 d7e8
Warning; PV continues after threefold repetition - move e7d8 from reference
Info; info depth 2 score cp 0 nodes 1364 time 20 nps 68200 pv b7b8 e7d8
Position; fen rn1qkbnr/pp2pppp/2p5/5b2/3PN3/8/PPP2PPP/R1BQKBNR w KQkq - 0 1
Moves; e4g3 g8f6 c1f4 f5e6 g1f3 f6d5 f4d2 d8b6 c2c4 d5f6 c4c5 b6b2 a1b1 b2a2 b1b7 b8d7 f3g5 e6d5 f1d3 a8b8 b7b8 d7b8 e1g1 b8d7 g3e2 a2b2 f1e1 h7h6 g5h3 f6e4 d3e4 d5e4 h3f4 e7e5 f2f3 e4f3 g2f3 e5f4 e2f4 f8e7 e1e4 d7f6 f4d3 b2b5 e4e3 f6d5 d1e2 d5e3 e2e3 a7a5 e3e4 a5a4 d3e5 a4a3 e5c6 b5b7 d4d5 a3a2 e4e5 b7b1 g1f2 b1b7 c6e7 b7e7 e5g7 e7c5 f2e2 c5f8 g7b2 f8e7 d2e3 h8g8 e2d3 g8g2 b2b8 e7d8 b8e5 d8e7 e5b8 e8d7 b8b7 d7e8
Finished game 154 (reference vs candidate_adaptive_time): 1/2-1/2 {Draw by 3-fold repetition}
Score of candidate_adaptive_time vs reference: 53 - 66 - 35  [0.458] 154
Started game 156 of 200 (reference vs candidate_adaptive_time)
Finished game 155 (candidate_adaptive_time vs reference): 1-0 {White mates}
Score of candidate_adaptive_time vs reference: 54 - 66 - 35  [0.461] 155
Started game 157 of 200 (candidate_adaptive_time vs reference)
Finished game 156 (reference vs candidate_adaptive_time): 1-0 {White mates}
Score of candidate_adaptive_time vs reference: 54 - 67 - 35  [0.458] 156
Started game 158 of 200 (reference vs candidate_adaptive_time)
Finished game 157 (candidate_adaptive_time vs reference): 0-1 {Black mates}
Score of candidate_adaptive_time vs reference: 54 - 68 - 35  [0.455] 157
Started game 159 of 200 (candidate_adaptive_time vs reference)
Finished game 158 (reference vs candidate_adaptive_time): 1-0 {White mates}
Score of candidate_adaptive_time vs reference: 54 - 69 - 35  [0.453] 158
Started game 160 of 200 (reference vs candidate_adaptive_time)
Finished game 160 (reference vs candidate_adaptive_time): 0-1 {Black mates}
Score of candidate_adaptive_time vs reference: 55 - 69 - 35  [0.456] 159
Started game 161 of 200 (candidate_adaptive_time vs reference)
Finished game 159 (candidate_adaptive_time vs reference): 1-0 {White mates}
Score of candidate_adaptive_time vs reference: 56 - 69 - 35  [0.459] 160
Elo difference: -28.29 +/- 48.01, LOS: 12.15 %, DrawRatio: 21.88 %
SPRT: llr -0.26 (8.9%), lbound -2.94, ubound 2.94
Started game 162 of 200 (reference vs candidate_adaptive_time)
Finished game 162 (reference vs candidate_adaptive_time): 1-0 {Black loses on time (19ms overrun)}
Score of candidate_adaptive_time vs reference: 56 - 70 - 35  [0.457] 161
Started game 163 of 200 (candidate_adaptive_time vs reference)
Finished game 161 (candidate_adaptive_time vs reference): 1-0 {Black loses on time (36ms overrun)}
Score of candidate_adaptive_time vs reference: 57 - 70 - 35  [0.460] 162
Started game 164 of 200 (reference vs candidate_adaptive_time)
Finished game 163 (candidate_adaptive_time vs reference): 1-0 {White mates}
Score of candidate_adaptive_time vs reference: 58 - 70 - 35  [0.463] 163
Started game 165 of 200 (candidate_adaptive_time vs reference)
Finished game 164 (reference vs candidate_adaptive_time): 1-0 {White mates}
Score of candidate_adaptive_time vs reference: 58 - 71 - 35  [0.460] 164
Started game 166 of 200 (reference vs candidate_adaptive_time)
Finished game 165 (candidate_adaptive_time vs reference): 0-1 {Black mates}
Score of candidate_adaptive_time vs reference: 58 - 72 - 35  [0.458] 165
Started game 167 of 200 (candidate_adaptive_time vs reference)
Finished game 166 (reference vs candidate_adaptive_time): 0-1 {Black mates}
Score of candidate_adaptive_time vs reference: 59 - 72 - 35  [0.461] 166
Started game 168 of 200 (reference vs candidate_adaptive_time)
Finished game 167 (candidate_adaptive_time vs reference): 0-1 {Black mates}
Score of candidate_adaptive_time vs reference: 59 - 73 - 35  [0.458] 167
Started game 169 of 200 (candidate_adaptive_time vs reference)
Finished game 168 (reference vs candidate_adaptive_time): 1-0 {White mates}
Score of candidate_adaptive_time vs reference: 59 - 74 - 35  [0.455] 168
Started game 170 of 200 (reference vs candidate_adaptive_time)
Finished game 170 (reference vs candidate_adaptive_time): 0-1 {Black mates}
Score of candidate_adaptive_time vs reference: 60 - 74 - 35  [0.459] 169
Started game 171 of 200 (candidate_adaptive_time vs reference)
Finished game 169 (candidate_adaptive_time vs reference): 1/2-1/2 {Draw by fifty moves rule}
Score of candidate_adaptive_time vs reference: 60 - 74 - 36  [0.459] 170
Elo difference: -28.68 +/- 46.77, LOS: 11.22 %, DrawRatio: 21.18 %
SPRT: llr -0.28 (9.4%), lbound -2.94, ubound 2.94
Started game 172 of 200 (reference vs candidate_adaptive_time)
Warning; PV continues after threefold repetition - move h2h4 from reference
Info; info depth 2 score cp 0 nodes 243 time 2 nps 121500 pv f7e8 h2h4
Position; fen r1bqkb1r/pp1ppp1p/2n2np1/2p5/2P5/2N2NP1/PP1PPP1P/R1BQKB1R w KQkq - 0 1
Moves; d2d3 d7d6 d1b3 d8b6 c1e3 c8f5 f1g2 b6b3 a2b3 c6b4 e1d2 f6g4 f3g5 g4e3 f2e3 h7h6 g5h3 a7a6 g2b7 a8b8 b7g2 f8g7 h1f1 f5d7 h3f4 g7e5 f4d5 f7f5 d5b4 b8b4 a1a6 b4b3 a6a8 e8f7 a8h8 b3b2 d2c1 e5c3 g2d5 e7e6 h8h7 f7e8 d5f3 h6h5 h7h6 e8f7 h6h7 f7e8 h7h6 e8f7 h6h7
Warning; PV continues after threefold repetition - move h2h4 from reference
Info; info depth 3 score cp 0 nodes 616 time 6 nps 102666 pv f7e8 h2h4 c3e5
Position; fen r1bqkb1r/pp1ppp1p/2n2np1/2p5/2P5/2N2NP1/PP1PPP1P/R1BQKB1R w KQkq - 0 1
Moves; d2d3 d7d6 d1b3 d8b6 c1e3 c8f5 f1g2 b6b3 a2b3 c6b4 e1d2 f6g4 f3g5 g4e3 f2e3 h7h6 g5h3 a7a6 g2b7 a8b8 b7g2 f8g7 h1f1 f5d7 h3f4 g7e5 f4d5 f7f5 d5b4 b8b4 a1a6 b4b3 a6a8 e8f7 a8h8 b3b2 d2c1 e5c3 g2d5 e7e6 h8h7 f7e8 d5f3 h6h5 h7h6 e8f7 h6h7 f7e8 h7h6 e8f7 h6h7
Warning; PV continues after threefold repetition - move h2h4 from reference
Info; info depth 4 score cp 0 nodes 1977 time 26 nps 76038 pv f7e8 h2h4 b2a2 f1h1
Position; fen r1bqkb1r/pp1ppp1p/2n2np1/2p5/2P5/2N2NP1/PP1PPP1P/R1BQKB1R w KQkq - 0 1
Moves; d2d3 d7d6 d1b3 d8b6 c1e3 c8f5 f1g2 b6b3 a2b3 c6b4 e1d2 f6g4 f3g5 g4e3 f2e3 h7h6 g5h3 a7a6 g2b7 a8b8 b7g2 f8g7 h1f1 f5d7 h3f4 g7e5 f4d5 f7f5 d5b4 b8b4 a1a6 b4b3 a6a8 e8f7 a8h8 b3b2 d2c1 e5c3 g2d5 e7e6 h8h7 f7e8 d5f3 h6h5 h7h6 e8f7 h6h7 f7e8 h7h6 e8f7 h6h7
Warning; PV continues after threefold repetition - move h2h4 from reference
Info; info depth 4 score cp 0 nodes 1977 time 26 nps 76038 pv f7e8 h2h4 b2a2 f1h1
Position; fen r1bqkb1r/pp1ppp1p/2n2np1/2p5/2P5/2N2NP1/PP1PPP1P/R1BQKB1R w KQkq - 0 1
Moves; d2d3 d7d6 d1b3 d8b6 c1e3 c8f5 f1g2 b6b3 a2b3 c6b4 e1d2 f6g4 f3g5 g4e3 f2e3 h7h6 g5h3 a7a6 g2b7 a8b8 b7g2 f8g7 h1f1 f5d7 h3f4 g7e5 f4d5 f7f5 d5b4 b8b4 a1a6 b4b3 a6a8 e8f7 a8h8 b3b2 d2c1 e5c3 g2d5 e7e6 h8h7 f7e8 d5f3 h6h5 h7h6 e8f7 h6h7 f7e8 h7h6 e8f7 h6h7
Finished game 171 (candidate_adaptive_time vs reference): 1/2-1/2 {Draw by 3-fold repetition}
Score of candidate_adaptive_time vs reference: 60 - 74 - 37  [0.459] 171
Started game 173 of 200 (candidate_adaptive_time vs reference)
Finished game 172 (reference vs candidate_adaptive_time): 1-0 {White mates}
Score of candidate_adaptive_time vs reference: 60 - 75 - 37  [0.456] 172
Started game 174 of 200 (reference vs candidate_adaptive_time)
Finished game 173 (candidate_adaptive_time vs reference): 0-1 {White loses on time (55ms overrun)}
Score of candidate_adaptive_time vs reference: 60 - 76 - 37  [0.454] 173
Started game 175 of 200 (candidate_adaptive_time vs reference)
Finished game 174 (reference vs candidate_adaptive_time): 0-1 {Black mates}
Score of candidate_adaptive_time vs reference: 61 - 76 - 37  [0.457] 174
Started game 176 of 200 (reference vs candidate_adaptive_time)
Finished game 175 (candidate_adaptive_time vs reference): 0-1 {Black mates}
Score of candidate_adaptive_time vs reference: 61 - 77 - 37  [0.454] 175
Started game 177 of 200 (candidate_adaptive_time vs reference)
Finished game 176 (reference vs candidate_adaptive_time): 0-1 {Black mates}
Score of candidate_adaptive_time vs reference: 62 - 77 - 37  [0.457] 176
Started game 178 of 200 (reference vs candidate_adaptive_time)
Finished game 177 (candidate_adaptive_time vs reference): 1-0 {White mates}
Score of candidate_adaptive_time vs reference: 63 - 77 - 37  [0.460] 177
Started game 179 of 200 (candidate_adaptive_time vs reference)
Finished game 178 (reference vs candidate_adaptive_time): 0-1 {Black mates}
Score of candidate_adaptive_time vs reference: 64 - 77 - 37  [0.463] 178
Started game 180 of 200 (reference vs candidate_adaptive_time)
Finished game 179 (candidate_adaptive_time vs reference): 1-0 {White mates}
Score of candidate_adaptive_time vs reference: 65 - 77 - 37  [0.466] 179
Started game 181 of 200 (candidate_adaptive_time vs reference)
Finished game 180 (reference vs candidate_adaptive_time): 1-0 {White mates}
Score of candidate_adaptive_time vs reference: 65 - 78 - 37  [0.464] 180
Elo difference: -25.14 +/- 45.59, LOS: 13.77 %, DrawRatio: 20.56 %
SPRT: llr -0.26 (8.8%), lbound -2.94, ubound 2.94
Started game 182 of 200 (reference vs candidate_adaptive_time)
Finished game 181 (candidate_adaptive_time vs reference): 1-0 {White mates}
Score of candidate_adaptive_time vs reference: 66 - 78 - 37  [0.467] 181
Started game 183 of 200 (candidate_adaptive_time vs reference)
Finished game 182 (reference vs candidate_adaptive_time): 0-1 {Black mates}
Score of candidate_adaptive_time vs reference: 67 - 78 - 37  [0.470] 182
Started game 184 of 200 (reference vs candidate_adaptive_time)
Finished game 183 (candidate_adaptive_time vs reference): 1/2-1/2 {Draw by fifty moves rule}
Score of candidate_adaptive_time vs reference: 67 - 78 - 38  [0.470] 183
Started game 185 of 200 (candidate_adaptive_time vs reference)
Finished game 184 (reference vs candidate_adaptive_time): 0-1 {Black mates}
Score of candidate_adaptive_time vs reference: 68 - 78 - 38  [0.473] 184
Started game 186 of 200 (reference vs candidate_adaptive_time)
Finished game 185 (candidate_adaptive_time vs reference): 1-0 {Black loses on time (3ms overrun)}
Score of candidate_adaptive_time vs reference: 69 - 78 - 38  [0.476] 185
Started game 187 of 200 (candidate_adaptive_time vs reference)
Finished game 186 (reference vs candidate_adaptive_time): 1-0 {White mates}
Score of candidate_adaptive_time vs reference: 69 - 79 - 38  [0.473] 186
Started game 188 of 200 (reference vs candidate_adaptive_time)
Finished game 187 (candidate_adaptive_time vs reference): 0-1 {Black mates}
Score of candidate_adaptive_time vs reference: 69 - 80 - 38  [0.471] 187
Started game 189 of 200 (candidate_adaptive_time vs reference)
Finished game 188 (reference vs candidate_adaptive_time): 1-0 {White mates}
Score of candidate_adaptive_time vs reference: 69 - 81 - 38  [0.468] 188
Started game 190 of 200 (reference vs candidate_adaptive_time)
Finished game 189 (candidate_adaptive_time vs reference): 0-1 {White loses on time (14ms overrun)}
Score of candidate_adaptive_time vs reference: 69 - 82 - 38  [0.466] 189
Started game 191 of 200 (candidate_adaptive_time vs reference)
Finished game 190 (reference vs candidate_adaptive_time): 0-1 {White loses on time (8ms overrun)}
Score of candidate_adaptive_time vs reference: 70 - 82 - 38  [0.468] 190
Elo difference: -21.97 +/- 44.50, LOS: 16.46 %, DrawRatio: 20.00 %
SPRT: llr -0.24 (8.2%), lbound -2.94, ubound 2.94
Started game 192 of 200 (reference vs candidate_adaptive_time)
Finished game 191 (candidate_adaptive_time vs reference): 0-1 {Black mates}
Score of candidate_adaptive_time vs reference: 70 - 83 - 38  [0.466] 191
Started game 193 of 200 (candidate_adaptive_time vs reference)
Finished game 192 (reference vs candidate_adaptive_time): 0-1 {Black mates}
Score of candidate_adaptive_time vs reference: 71 - 83 - 38  [0.469] 192
Started game 194 of 200 (reference vs candidate_adaptive_time)
Finished game 193 (candidate_adaptive_time vs reference): 0-1 {Black mates}
Score of candidate_adaptive_time vs reference: 71 - 84 - 38  [0.466] 193
Started game 195 of 200 (candidate_adaptive_time vs reference)
Finished game 194 (reference vs candidate_adaptive_time): 0-1 {Black mates}
Score of candidate_adaptive_time vs reference: 72 - 84 - 38  [0.469] 194
Started game 196 of 200 (reference vs candidate_adaptive_time)
Finished game 195 (candidate_adaptive_time vs reference): 0-1 {Black mates}
Score of candidate_adaptive_time vs reference: 72 - 85 - 38  [0.467] 195
Started game 197 of 200 (candidate_adaptive_time vs reference)
Finished game 196 (reference vs candidate_adaptive_time): 1-0 {Black loses on time (19ms overrun)}
Score of candidate_adaptive_time vs reference: 72 - 86 - 38  [0.464] 196
Started game 198 of 200 (reference vs candidate_adaptive_time)
Finished game 198 (reference vs candidate_adaptive_time): 1-0 {White mates}
Score of candidate_adaptive_time vs reference: 72 - 87 - 38  [0.462] 197
Started game 199 of 200 (candidate_adaptive_time vs reference)
Finished game 197 (candidate_adaptive_time vs reference): 1/2-1/2 {Draw by insufficient mating material}
Score of candidate_adaptive_time vs reference: 72 - 87 - 39  [0.462] 198
Started game 200 of 200 (reference vs candidate_adaptive_time)
Finished game 199 (candidate_adaptive_time vs reference): 0-1 {Black mates}
Score of candidate_adaptive_time vs reference: 72 - 88 - 39  [0.460] 199
Finished game 200 (reference vs candidate_adaptive_time): 0-1 {Black mates}
Score of candidate_adaptive_time vs reference: 73 - 88 - 39  [0.463] 200
Elo difference: -26.11 +/- 43.52, LOS: 11.77 %, DrawRatio: 19.50 %
SPRT: llr -0.29 (10.0%), lbound -2.94, ubound 2.94
Finished match
Total Time: 00:11:21 (hours:minutes:seconds)

