[INFO  ] [22:18:51.900294] <   > fastchess --- fastchess alpha 1.8.2 compiled for windows-latest 20260726-f618e34 (CI) 
[INFO  ] [22:18:51.900435] <   > fastchess --- Setting seed to: 20260911
[INFO  ] [22:18:51.900749] <   > fastchess --- Indexing opening suite...

[INFO  ] [22:18:51.901290] <   > fastchess --- Starting tournament...
[WARN  ] [22:19:29.200049] <   > fastchess --- Warning; PV continues after threefold repetition - move h2h4 from reference
Info; info depth 2 score cp 0 nodes 202 time 2 nps 101000 pv f7e8 h2h4
Position; fen r1bqkb1r/pp1ppp1p/2n2np1/2p5/2P5/2N2NP1/PP1PPP1P/R1BQKB1R w KQkq - 0 1
Moves; d2d3 d7d6 d1b3 d8b6 c1e3 c8f5 f1g2 b6b3 a2b3 c6b4 e1d2 f6g4 f3g5 g4e3 f2e3 h7h6 g5h3 a7a6 g2b7 a8b8 b7g2 f8g7 h1f1 f5d7 h3f4 g7e5 f4d5 f7f5 d5b4 b8b4 a1a6 b4b3 a6a8 e8f7 a8h8 b3b2 d2c1 e5c3 g2d5 e7e6 h8h7 f7e8 d5f3 h6h5 h7h6 e8f7 h6h7 f7e8 h7h6 e8f7 h6h7

[WARN  ] [22:19:29.200307] <   > fastchess --- Warning; PV continues after threefold repetition - move h2h4 from reference
Info; info depth 3 score cp 0 nodes 648 time 6 nps 108000 pv f7e8 h2h4 c3e5
Position; fen r1bqkb1r/pp1ppp1p/2n2np1/2p5/2P5/2N2NP1/PP1PPP1P/R1BQKB1R w KQkq - 0 1
Moves; d2d3 d7d6 d1b3 d8b6 c1e3 c8f5 f1g2 b6b3 a2b3 c6b4 e1d2 f6g4 f3g5 g4e3 f2e3 h7h6 g5h3 a7a6 g2b7 a8b8 b7g2 f8g7 h1f1 f5d7 h3f4 g7e5 f4d5 f7f5 d5b4 b8b4 a1a6 b4b3 a6a8 e8f7 a8h8 b3b2 d2c1 e5c3 g2d5 e7e6 h8h7 f7e8 d5f3 h6h5 h7h6 e8f7 h6h7 f7e8 h7h6 e8f7 h6h7

[WARN  ] [22:19:29.200357] <   > fastchess --- Warning; PV continues after threefold repetition - move h2h4 from reference
Info; info depth 4 score cp 0 nodes 1937 time 26 nps 74500 pv f7e8 h2h4 b2a2 f1h1
Position; fen r1bqkb1r/pp1ppp1p/2n2np1/2p5/2P5/2N2NP1/PP1PPP1P/R1BQKB1R w KQkq - 0 1
Moves; d2d3 d7d6 d1b3 d8b6 c1e3 c8f5 f1g2 b6b3 a2b3 c6b4 e1d2 f6g4 f3g5 g4e3 f2e3 h7h6 g5h3 a7a6 g2b7 a8b8 b7g2 f8g7 h1f1 f5d7 h3f4 g7e5 f4d5 f7f5 d5b4 b8b4 a1a6 b4b3 a6a8 e8f7 a8h8 b3b2 d2c1 e5c3 g2d5 e7e6 h8h7 f7e8 d5f3 h6h5 h7h6 e8f7 h6h7 f7e8 h7h6 e8f7 h6h7

[WARN  ] [22:19:29.200399] <   > fastchess --- Warning; PV continues after threefold repetition - move h2h4 from reference
Info; info depth 4 score cp 0 nodes 1937 time 26 nps 74500 pv f7e8 h2h4 b2a2 f1h1
Position; fen r1bqkb1r/pp1ppp1p/2n2np1/2p5/2P5/2N2NP1/PP1PPP1P/R1BQKB1R w KQkq - 0 1
Moves; d2d3 d7d6 d1b3 d8b6 c1e3 c8f5 f1g2 b6b3 a2b3 c6b4 e1d2 f6g4 f3g5 g4e3 f2e3 h7h6 g5h3 a7a6 g2b7 a8b8 b7g2 f8g7 h1f1 f5d7 h3f4 g7e5 f4d5 f7f5 d5b4 b8b4 a1a6 b4b3 a6a8 e8f7 a8h8 b3b2 d2c1 e5c3 g2d5 e7e6 h8h7 f7e8 d5f3 h6h5 h7h6 e8f7 h6h7 f7e8 h7h6 e8f7 h6h7

[WARN  ] [22:19:50.161834] <  3> fastchess --- Engine reference loses on time by 1ms
[WARN  ] [22:20:52.045978] <  3> fastchess --- Engine reference loses on time by 2ms
[WARN  ] [22:21:44.890352] <   > fastchess --- Warning; PV continues after threefold repetition - move h2h4 from reference
Info; info depth 2 score cp 0 nodes 204 time 2 nps 102000 pv f7e8 h2h4
Position; fen r1bqkb1r/pp1ppp1p/2n2np1/2p5/2P5/2N2NP1/PP1PPP1P/R1BQKB1R w KQkq - 0 1
Moves; d2d3 d7d6 d1b3 d8b6 c1e3 c8f5 f1g2 b6b3 a2b3 c6b4 e1d2 f6g4 f3g5 g4e3 f2e3 h7h6 g5h3 a7a6 g2b7 a8b8 b7g2 f8g7 h1f1 f5d7 h3f4 g7e5 f4d5 f7f5 d5b4 b8b4 a1a6 b4b3 a6a8 e8f7 a8h8 b3b2 d2c1 e5c3 g2d5 e7e6 h8h7 f7e8 d5f3 h6h5 h7h6 e8f7 h6h7 f7e8 h7h6 e8f7 h6h7

[WARN  ] [22:21:44.890426] <   > fastchess --- Warning; PV continues after threefold repetition - move h2h4 from reference
Info; info depth 3 score cp 0 nodes 651 time 8 nps 81375 pv f7e8 h2h4 c3e5
Position; fen r1bqkb1r/pp1ppp1p/2n2np1/2p5/2P5/2N2NP1/PP1PPP1P/R1BQKB1R w KQkq - 0 1
Moves; d2d3 d7d6 d1b3 d8b6 c1e3 c8f5 f1g2 b6b3 a2b3 c6b4 e1d2 f6g4 f3g5 g4e3 f2e3 h7h6 g5h3 a7a6 g2b7 a8b8 b7g2 f8g7 h1f1 f5d7 h3f4 g7e5 f4d5 f7f5 d5b4 b8b4 a1a6 b4b3 a6a8 e8f7 a8h8 b3b2 d2c1 e5c3 g2d5 e7e6 h8h7 f7e8 d5f3 h6h5 h7h6 e8f7 h6h7 f7e8 h7h6 e8f7 h6h7

[WARN  ] [22:21:44.890465] <   > fastchess --- Warning; PV continues after threefold repetition - move h2h4 from reference
Info; info depth 4 score cp 0 nodes 2067 time 27 nps 76555 pv f7e8 h2h4 b2a2 f1h1
Position; fen r1bqkb1r/pp1ppp1p/2n2np1/2p5/2P5/2N2NP1/PP1PPP1P/R1BQKB1R w KQkq - 0 1
Moves; d2d3 d7d6 d1b3 d8b6 c1e3 c8f5 f1g2 b6b3 a2b3 c6b4 e1d2 f6g4 f3g5 g4e3 f2e3 h7h6 g5h3 a7a6 g2b7 a8b8 b7g2 f8g7 h1f1 f5d7 h3f4 g7e5 f4d5 f7f5 d5b4 b8b4 a1a6 b4b3 a6a8 e8f7 a8h8 b3b2 d2c1 e5c3 g2d5 e7e6 h8h7 f7e8 d5f3 h6h5 h7h6 e8f7 h6h7 f7e8 h7h6 e8f7 h6h7

[WARN  ] [22:21:44.890558] <   > fastchess --- Warning; PV continues after threefold repetition - move h2h4 from reference
Info; info depth 4 score cp 0 nodes 2067 time 27 nps 76555 pv f7e8 h2h4 b2a2 f1h1
Position; fen r1bqkb1r/pp1ppp1p/2n2np1/2p5/2P5/2N2NP1/PP1PPP1P/R1BQKB1R w KQkq - 0 1
Moves; d2d3 d7d6 d1b3 d8b6 c1e3 c8f5 f1g2 b6b3 a2b3 c6b4 e1d2 f6g4 f3g5 g4e3 f2e3 h7h6 g5h3 a7a6 g2b7 a8b8 b7g2 f8g7 h1f1 f5d7 h3f4 g7e5 f4d5 f7f5 d5b4 b8b4 a1a6 b4b3 a6a8 e8f7 a8h8 b3b2 d2c1 e5c3 g2d5 e7e6 h8h7 f7e8 d5f3 h6h5 h7h6 e8f7 h6h7 f7e8 h7h6 e8f7 h6h7

[WARN  ] [22:22:05.245330] <  3> fastchess --- Engine candidate_adaptive_time loses on time by 14ms
[WARN  ] [22:24:10.114536] <   > fastchess --- Warning; PV continues after threefold repetition - move c5d5 from reference
Info; info depth 2 score cp 0 nodes 1024 time 17 nps 60235 pv d2e3 c5d5
Position; fen r1bqkb1r/pp1ppp1p/2n2np1/2p5/2P5/2N2NP1/PP1PPP1P/R1BQKB1R w KQkq - 0 1
Moves; d2d3 d7d6 d1b3 d8b6 c1f4 c8e6 h2h4 b6b3 a2b3 c6b4 a1a4 e6d7 c3b5 d7b5 c4b5 f6d5 f4d2 f8g7 d2c1 d5b6 a4a5 h7h5 f1g2 b6d5 e1d1 g7h6 c1h6 h8h6 f3g5 f7f6 g2d5 b4d5 g5f3 b7b6 a5a4 d5c7 b3b4 e8f7 b4c5 d6c5 d1d2 c7b5 b2b4 c5b4 a4b4 a7a6 h1a1 h6h8 b4a4 a6a5 a1b1 b5d6 b1b6 h8c8 d2e3 c8c5 f3d4 a8c8 f2f4 c5c3 b6b1 c3c5 b1b6 c5c3 e3d2 c3c5

[WARN  ] [22:24:10.114606] <   > fastchess --- Warning; PV continues after threefold repetition - move c5d5 from reference
Info; info depth 2 score cp 0 nodes 1216 time 20 nps 60800 pv d2e3 c5d5
Position; fen r1bqkb1r/pp1ppp1p/2n2np1/2p5/2P5/2N2NP1/PP1PPP1P/R1BQKB1R w KQkq - 0 1
Moves; d2d3 d7d6 d1b3 d8b6 c1f4 c8e6 h2h4 b6b3 a2b3 c6b4 a1a4 e6d7 c3b5 d7b5 c4b5 f6d5 f4d2 f8g7 d2c1 d5b6 a4a5 h7h5 f1g2 b6d5 e1d1 g7h6 c1h6 h8h6 f3g5 f7f6 g2d5 b4d5 g5f3 b7b6 a5a4 d5c7 b3b4 e8f7 b4c5 d6c5 d1d2 c7b5 b2b4 c5b4 a4b4 a7a6 h1a1 h6h8 b4a4 a6a5 a1b1 b5d6 b1b6 h8c8 d2e3 c8c5 f3d4 a8c8 f2f4 c5c3 b6b1 c3c5 b1b6 c5c3 e3d2 c3c5

[WARN  ] [22:24:10.309497] <  3> fastchess --- Engine candidate_adaptive_time loses on time by 5ms
[WARN  ] [22:24:23.027454] <  3> fastchess --- Engine candidate_adaptive_time loses on time by 1ms
[WARN  ] [22:24:29.116866] <   > fastchess --- Warning; PV continues after threefold repetition - move d5e5 from reference
Info; info depth 4 score cp 0 nodes 833 time 11 nps 75727 pv f4f3 d5e5 f3e3 f7d5
Position; fen rnbqk2r/ppppp1bp/5np1/5p2/3P4/5NP1/PPP1PPBP/RNBQK2R w KQkq - 0 1
Moves; b1c3 d7d6 d1d3 c8d7 c1e3 b8c6 d3c4 e7e6 f3g5 d8e7 c4b5 a8b8 d4d5 a7a6 b5b3 e6d5 c3d5 f6d5 g2d5 g7d4 g5f7 h8f8 e3d4 c6d4 b3d3 d4e6 d5e6 d7e6 f7h6 e7f6 d3c3 f6c3 b2c3 e8e7 a2a4 f8f6 h2h4 e7f8 g3g4 f5g4 h1g1 f6f4 e2e3 f4e4 e1d2 b8e8 d2d3 e6c4 d3d2 g4g3 g1g3 e4h4 h6g4 f8f7 g3f3 f7g7 f3f4 c4f7 g4f6 h4f4 f6e8 f7e8 e3f4 g7f6 a4a5 h7h5 a1e1 e8c6 e1e3 h5h4 e3h3 g6g5 f4g5 f6g5 h3e3 c6d5 d2d3 b7b5 a5b6 c7b6 c3c4 d5f7 d3d4 f7g8 e3e7 g5f5 e7b7 h4h3 b7b6 h3h2 b6b1 f5g4 b1h1 g4h3 c4c5 d6c5 d4c5 h3g2 h1h2 g2h2 c2c4 a6a5 c5d4 a5a4 d4c3 a4a3 c3b3 a3a2 b3a2 g8c4 a2b2 c4d5 f2f4 h2g3 f4f5 g3f4 f5f6 d5f7 b2c3 f4e4 c3c2 e4f5 c2d3 f5e6 d3c4 e6e5 c4c5 e5e6 c5c4 e6f5 c4d3 f5e5 d3e3 e5d5 e3f3 f7h5 f3e3 h5f7 e3f3 f7h5 f3f4 h5f7

[WARN  ] [22:24:29.116951] <   > fastchess --- Warning; PV continues after threefold repetition - move d5e5 from reference
Info; info depth 4 score cp 0 nodes 1587 time 28 nps 56678 pv f4f3 d5e5 f3e3 f7d5
Position; fen rnbqk2r/ppppp1bp/5np1/5p2/3P4/5NP1/PPP1PPBP/RNBQK2R w KQkq - 0 1
Moves; b1c3 d7d6 d1d3 c8d7 c1e3 b8c6 d3c4 e7e6 f3g5 d8e7 c4b5 a8b8 d4d5 a7a6 b5b3 e6d5 c3d5 f6d5 g2d5 g7d4 g5f7 h8f8 e3d4 c6d4 b3d3 d4e6 d5e6 d7e6 f7h6 e7f6 d3c3 f6c3 b2c3 e8e7 a2a4 f8f6 h2h4 e7f8 g3g4 f5g4 h1g1 f6f4 e2e3 f4e4 e1d2 b8e8 d2d3 e6c4 d3d2 g4g3 g1g3 e4h4 h6g4 f8f7 g3f3 f7g7 f3f4 c4f7 g4f6 h4f4 f6e8 f7e8 e3f4 g7f6 a4a5 h7h5 a1e1 e8c6 e1e3 h5h4 e3h3 g6g5 f4g5 f6g5 h3e3 c6d5 d2d3 b7b5 a5b6 c7b6 c3c4 d5f7 d3d4 f7g8 e3e7 g5f5 e7b7 h4h3 b7b6 h3h2 b6b1 f5g4 b1h1 g4h3 c4c5 d6c5 d4c5 h3g2 h1h2 g2h2 c2c4 a6a5 c5d4 a5a4 d4c3 a4a3 c3b3 a3a2 b3a2 g8c4 a2b2 c4d5 f2f4 h2g3 f4f5 g3f4 f5f6 d5f7 b2c3 f4e4 c3c2 e4f5 c2d3 f5e6 d3c4 e6e5 c4c5 e5e6 c5c4 e6f5 c4d3 f5e5 d3e3 e5d5 e3f3 f7h5 f3e3 h5f7 e3f3 f7h5 f3f4 h5f7

[WARN  ] [22:24:34.965779] <   > fastchess --- Warning; PV continues after threefold repetition - move d5c4 from candidate_adaptive_time
Info; info depth 2 score cp 0 nodes 758 time 10 nps 75800 pv d4e3 d5c4
Position; fen rnbqk2r/ppp1bppp/4pn2/3p2B1/3PP3/2N5/PPP2PPP/R2QKBNR w KQkq - 0 1
Moves; e4e5 f6e4 g5e7 e4c3 e7d8 c3d1 d8c7 d1b2 a1b1 b2c4 f1c4 d5c4 c7d6 b8d7 b1b4 b7b6 b4c4 c8b7 g1f3 b7d5 c4a4 a8c8 e1d2 a7a5 c2c3 h7h5 h1b1 h8h6 h2h3 h6g6 f3h4 g6h6 f2f4 f7f6 e5f6 h6f6 d6e5 f6f7 g2g3 d7e5 d4e5 c8c6 b1b5 f7c7 a4a3 c7d7 d2e3 d7c7 e3d4 c7d7 d4e3 d7c7 e3d4 c7d7

[WARN  ] [22:25:51.541730] <  3> fastchess --- Engine reference loses on time by 39ms
[WARN  ] [22:26:16.654622] <  3> fastchess --- Engine candidate_adaptive_time loses on time by 52ms
[WARN  ] [22:27:35.853813] <  4> fastchess --- Engine candidate_adaptive_time loses on time by 2ms
[WARN  ] [22:27:37.116230] <   > fastchess --- Warning; PV continues after threefold repetition - move e7d8 from reference
Info; info depth 2 score cp 0 nodes 1088 time 14 nps 77714 pv b7b8 e7d8
Position; fen rn1qkbnr/pp2pppp/2p5/5b2/3PN3/8/PPP2PPP/R1BQKBNR w KQkq - 0 1
Moves; e4g3 g8f6 c1f4 f5e6 g1f3 f6d5 f4d2 d8b6 c2c4 d5f6 c4c5 b6b2 a1b1 b2a2 b1b7 b8d7 f3g5 e6d5 f1d3 a8b8 b7b8 d7b8 e1g1 b8d7 g3e2 a2b2 f1e1 h7h6 g5h3 f6e4 d3e4 d5e4 h3f4 e7e5 f2f3 e4f3 g2f3 e5f4 e2f4 f8e7 e1e4 d7f6 f4d3 b2b5 e4e3 f6d5 d1e2 d5e3 e2e3 a7a5 e3e4 a5a4 d3e5 a4a3 e5c6 b5b7 d4d5 a3a2 e4e5 b7b1 g1f2 b1b7 c6e7 b7e7 e5g7 e7c5 f2e2 c5f8 g7b2 f8e7 d2e3 h8g8 e2d3 g8g2 b2b8 e7d8 b8e5 d8e7 e5b8 e8d7 b8b7 d7e8

[WARN  ] [22:27:37.116300] <   > fastchess --- Warning; PV continues after threefold repetition - move e7d8 from reference
Info; info depth 2 score cp 0 nodes 1364 time 20 nps 68200 pv b7b8 e7d8
Position; fen rn1qkbnr/pp2pppp/2p5/5b2/3PN3/8/PPP2PPP/R1BQKBNR w KQkq - 0 1
Moves; e4g3 g8f6 c1f4 f5e6 g1f3 f6d5 f4d2 d8b6 c2c4 d5f6 c4c5 b6b2 a1b1 b2a2 b1b7 b8d7 f3g5 e6d5 f1d3 a8b8 b7b8 d7b8 e1g1 b8d7 g3e2 a2b2 f1e1 h7h6 g5h3 f6e4 d3e4 d5e4 h3f4 e7e5 f2f3 e4f3 g2f3 e5f4 e2f4 f8e7 e1e4 d7f6 f4d3 b2b5 e4e3 f6d5 d1e2 d5e3 e2e3 a7a5 e3e4 a5a4 d3e5 a4a3 e5c6 b5b7 d4d5 a3a2 e4e5 b7b1 g1f2 b1b7 c6e7 b7e7 e5g7 e7c5 f2e2 c5f8 g7b2 f8e7 d2e3 h8g8 e2d3 g8g2 b2b8 e7d8 b8e5 d8e7 e5b8 e8d7 b8b7 d7e8

[WARN  ] [22:28:03.722650] <  4> fastchess --- Engine candidate_adaptive_time loses on time by 19ms
[WARN  ] [22:28:03.722920] <  3> fastchess --- Engine reference loses on time by 36ms
[WARN  ] [22:28:35.470466] <   > fastchess --- Warning; PV continues after threefold repetition - move h2h4 from reference
Info; info depth 2 score cp 0 nodes 243 time 2 nps 121500 pv f7e8 h2h4
Position; fen r1bqkb1r/pp1ppp1p/2n2np1/2p5/2P5/2N2NP1/PP1PPP1P/R1BQKB1R w KQkq - 0 1
Moves; d2d3 d7d6 d1b3 d8b6 c1e3 c8f5 f1g2 b6b3 a2b3 c6b4 e1d2 f6g4 f3g5 g4e3 f2e3 h7h6 g5h3 a7a6 g2b7 a8b8 b7g2 f8g7 h1f1 f5d7 h3f4 g7e5 f4d5 f7f5 d5b4 b8b4 a1a6 b4b3 a6a8 e8f7 a8h8 b3b2 d2c1 e5c3 g2d5 e7e6 h8h7 f7e8 d5f3 h6h5 h7h6 e8f7 h6h7 f7e8 h7h6 e8f7 h6h7

[WARN  ] [22:28:35.470548] <   > fastchess --- Warning; PV continues after threefold repetition - move h2h4 from reference
Info; info depth 3 score cp 0 nodes 616 time 6 nps 102666 pv f7e8 h2h4 c3e5
Position; fen r1bqkb1r/pp1ppp1p/2n2np1/2p5/2P5/2N2NP1/PP1PPP1P/R1BQKB1R w KQkq - 0 1
Moves; d2d3 d7d6 d1b3 d8b6 c1e3 c8f5 f1g2 b6b3 a2b3 c6b4 e1d2 f6g4 f3g5 g4e3 f2e3 h7h6 g5h3 a7a6 g2b7 a8b8 b7g2 f8g7 h1f1 f5d7 h3f4 g7e5 f4d5 f7f5 d5b4 b8b4 a1a6 b4b3 a6a8 e8f7 a8h8 b3b2 d2c1 e5c3 g2d5 e7e6 h8h7 f7e8 d5f3 h6h5 h7h6 e8f7 h6h7 f7e8 h7h6 e8f7 h6h7

[WARN  ] [22:28:35.470586] <   > fastchess --- Warning; PV continues after threefold repetition - move h2h4 from reference
Info; info depth 4 score cp 0 nodes 1977 time 26 nps 76038 pv f7e8 h2h4 b2a2 f1h1
Position; fen r1bqkb1r/pp1ppp1p/2n2np1/2p5/2P5/2N2NP1/PP1PPP1P/R1BQKB1R w KQkq - 0 1
Moves; d2d3 d7d6 d1b3 d8b6 c1e3 c8f5 f1g2 b6b3 a2b3 c6b4 e1d2 f6g4 f3g5 g4e3 f2e3 h7h6 g5h3 a7a6 g2b7 a8b8 b7g2 f8g7 h1f1 f5d7 h3f4 g7e5 f4d5 f7f5 d5b4 b8b4 a1a6 b4b3 a6a8 e8f7 a8h8 b3b2 d2c1 e5c3 g2d5 e7e6 h8h7 f7e8 d5f3 h6h5 h7h6 e8f7 h6h7 f7e8 h7h6 e8f7 h6h7

[WARN  ] [22:28:35.470627] <   > fastchess --- Warning; PV continues after threefold repetition - move h2h4 from reference
Info; info depth 4 score cp 0 nodes 1977 time 26 nps 76038 pv f7e8 h2h4 b2a2 f1h1
Position; fen r1bqkb1r/pp1ppp1p/2n2np1/2p5/2P5/2N2NP1/PP1PPP1P/R1BQKB1R w KQkq - 0 1
Moves; d2d3 d7d6 d1b3 d8b6 c1e3 c8f5 f1g2 b6b3 a2b3 c6b4 e1d2 f6g4 f3g5 g4e3 f2e3 h7h6 g5h3 a7a6 g2b7 a8b8 b7g2 f8g7 h1f1 f5d7 h3f4 g7e5 f4d5 f7f5 d5b4 b8b4 a1a6 b4b3 a6a8 e8f7 a8h8 b3b2 d2c1 e5c3 g2d5 e7e6 h8h7 f7e8 d5f3 h6h5 h7h6 e8f7 h6h7 f7e8 h7h6 e8f7 h6h7

[WARN  ] [22:28:40.664901] <  3> fastchess --- Engine candidate_adaptive_time loses on time by 55ms
[WARN  ] [22:29:22.390918] <  3> fastchess --- Engine reference loses on time by 3ms
[WARN  ] [22:29:35.743552] <  3> fastchess --- Engine candidate_adaptive_time loses on time by 14ms
[WARN  ] [22:29:40.557995] <  4> fastchess --- Engine reference loses on time by 8ms
[WARN  ] [22:29:58.403561] <  4> fastchess --- Engine candidate_adaptive_time loses on time by 19ms
[INFO  ] [22:30:13.715031] <   > fastchess --- Finished match

[INFO  ] [22:30:13.715133] <   > fastchess --- Total Time: 00:11:21 (hours:minutes:seconds)


