Indexing opening suite...
Started game 1 of 100 (candidate_reuse_move_facts vs reference)
Started game 2 of 100 (reference vs candidate_reuse_move_facts)
Finished game 1 (candidate_reuse_move_facts vs reference): 0-1 {Black mates}
Score of candidate_reuse_move_facts vs reference: 0 - 1 - 0  [0.000] 1
Finished game 2 (reference vs candidate_reuse_move_facts): 0-1 {Black mates}
Score of candidate_reuse_move_facts vs reference: 1 - 1 - 0  [0.500] 2
Started game 3 of 100 (candidate_reuse_move_facts vs reference)
Started game 4 of 100 (reference vs candidate_reuse_move_facts)
Finished game 4 (reference vs candidate_reuse_move_facts): 1-0 {White mates}
Score of candidate_reuse_move_facts vs reference: 1 - 2 - 0  [0.333] 3
Started game 5 of 100 (candidate_reuse_move_facts vs reference)
Finished game 3 (candidate_reuse_move_facts vs reference): 1-0 {White mates}
Score of candidate_reuse_move_facts vs reference: 2 - 2 - 0  [0.500] 4
Started game 6 of 100 (reference vs candidate_reuse_move_facts)
Finished game 5 (candidate_reuse_move_facts vs reference): 1-0 {White mates}
Score of candidate_reuse_move_facts vs reference: 3 - 2 - 0  [0.600] 5
Started game 7 of 100 (candidate_reuse_move_facts vs reference)
Finished game 6 (reference vs candidate_reuse_move_facts): 0-1 {Black mates}
Score of candidate_reuse_move_facts vs reference: 4 - 2 - 0  [0.667] 6
Started game 8 of 100 (reference vs candidate_reuse_move_facts)
Finished game 7 (candidate_reuse_move_facts vs reference): 0-1 {Black mates}
Score of candidate_reuse_move_facts vs reference: 4 - 3 - 0  [0.571] 7
Started game 9 of 100 (candidate_reuse_move_facts vs reference)
Finished game 8 (reference vs candidate_reuse_move_facts): 0-1 {Black mates}
Score of candidate_reuse_move_facts vs reference: 5 - 3 - 0  [0.625] 8
Started game 10 of 100 (reference vs candidate_reuse_move_facts)
Finished game 9 (candidate_reuse_move_facts vs reference): 1-0 {White mates}
Score of candidate_reuse_move_facts vs reference: 6 - 3 - 0  [0.667] 9
Started game 11 of 100 (candidate_reuse_move_facts vs reference)
Finished game 10 (reference vs candidate_reuse_move_facts): 0-1 {Black mates}
Score of candidate_reuse_move_facts vs reference: 7 - 3 - 0  [0.700] 10
Elo difference: 147.19 +/- 387.39, LOS: 91.62 %, DrawRatio: 0.00 %
SPRT: llr 0.06 (1.9%), lbound -2.94, ubound 2.94
Started game 12 of 100 (reference vs candidate_reuse_move_facts)
Finished game 11 (candidate_reuse_move_facts vs reference): 1-0 {White mates}
Score of candidate_reuse_move_facts vs reference: 8 - 3 - 0  [0.727] 11
Started game 13 of 100 (candidate_reuse_move_facts vs reference)
Finished game 12 (reference vs candidate_reuse_move_facts): 0-1 {Black mates}
Score of candidate_reuse_move_facts vs reference: 9 - 3 - 0  [0.750] 12
Started game 14 of 100 (reference vs candidate_reuse_move_facts)
Finished game 14 (reference vs candidate_reuse_move_facts): 0-1 {Black mates}
Score of candidate_reuse_move_facts vs reference: 10 - 3 - 0  [0.769] 13
Started game 15 of 100 (candidate_reuse_move_facts vs reference)
Finished game 13 (candidate_reuse_move_facts vs reference): 1/2-1/2 {Draw by insufficient mating material}
Score of candidate_reuse_move_facts vs reference: 10 - 3 - 1  [0.750] 14
Started game 16 of 100 (reference vs candidate_reuse_move_facts)
Finished game 15 (candidate_reuse_move_facts vs reference): 1-0 {White mates}
Score of candidate_reuse_move_facts vs reference: 11 - 3 - 1  [0.767] 15
Started game 17 of 100 (candidate_reuse_move_facts vs reference)
Finished game 16 (reference vs candidate_reuse_move_facts): 0-1 {Black mates}
Score of candidate_reuse_move_facts vs reference: 12 - 3 - 1  [0.781] 16
Started game 18 of 100 (reference vs candidate_reuse_move_facts)
Finished game 17 (candidate_reuse_move_facts vs reference): 0-1 {Black mates}
Score of candidate_reuse_move_facts vs reference: 12 - 4 - 1  [0.735] 17
Started game 19 of 100 (candidate_reuse_move_facts vs reference)
Finished game 18 (reference vs candidate_reuse_move_facts): 1-0 {White mates}
Score of candidate_reuse_move_facts vs reference: 12 - 5 - 1  [0.694] 18
Started game 20 of 100 (reference vs candidate_reuse_move_facts)
Finished game 19 (candidate_reuse_move_facts vs reference): 1/2-1/2 {Draw by 3-fold repetition}
Score of candidate_reuse_move_facts vs reference: 12 - 5 - 2  [0.684] 19
Started game 21 of 100 (candidate_reuse_move_facts vs reference)
Finished game 21 (candidate_reuse_move_facts vs reference): 0-1 {Black mates}
Score of candidate_reuse_move_facts vs reference: 12 - 6 - 2  [0.650] 20
Elo difference: 107.54 +/- 165.24, LOS: 93.20 %, DrawRatio: 10.00 %
SPRT: llr 0.09 (3.2%), lbound -2.94, ubound 2.94
Started game 22 of 100 (reference vs candidate_reuse_move_facts)
Finished game 20 (reference vs candidate_reuse_move_facts): 1-0 {White mates}
Score of candidate_reuse_move_facts vs reference: 12 - 7 - 2  [0.619] 21
Started game 23 of 100 (candidate_reuse_move_facts vs reference)
Warning; PV continues after threefold repetition - move b7b8 from candidate_reuse_move_facts
Info; info depth 2 score cp 0 nodes 73 time 1 nps 73000 pv f8b4 b7b8
Position; fen rnbqkb1r/ppp2ppp/8/3np3/8/2N3P1/PP1PPP1P/R1BQKBNR w KQkq - 0 1
Moves; e2e4 d5c3 d2c3 d8d1 e1d1 b8c6 c1e3 c8e6 g1f3 e8c8 d1e1 f8e7 f3g5 e7g5 e3g5 f7f6 g5e3 d8d6 e3c5 d6d8 f1b5 a7a6 b5c6 b7c6 e1e2 e6c4 e2f3 d8d3 c5e3 h8d8 a2a4 c8b7 g3g4 c4e6 h2h4 a6a5 h4h5 h7h6 b2b4 b7a6 b4a5 a6a5 a1a3 d3d1 h1d1 d8d1 e3c5 d1d3 c5e3 c6c5 f3e2 d3d8 e2f3 e6d7 e3c5 d7a4 c5b4 a5b5 a3a1 c7c5 b4c5 a4d1 a1d1 d8d1 c5b4 b5c4 f3e2 d1d7 b4a5 d7d3 f2f3 d3d7 a5b4 d7d3 b4a5 d3d6 a5b4 d6d7 b4a5 d7a7 a5b4 a7d7 b4a5 d7a7 a5b4 a7a8 e2d2 a8d8 d2e2 c4b5 e2f2 b5c4 f2e2 d8a8 e2d2 a8a1 d2e2 a1a7 e2f2 c4d3 f2g3 a7a2 b4f8 a2a7 f8b4 a7a8 g3h4 a8a2 h4g3 a2b2 b4f8 b2b7 f8b4 d3e3 b4c5 e3d3 c5b4 b7b5 b4f8 b5b7
Warning; PV continues after threefold repetition - move d3e3 from candidate_reuse_move_facts
Info; info depth 3 score cp 0 nodes 213 time 5 nps 42600 pv f8b4 d3e3 b4c5
Position; fen rnbqkb1r/ppp2ppp/8/3np3/8/2N3P1/PP1PPP1P/R1BQKBNR w KQkq - 0 1
Moves; e2e4 d5c3 d2c3 d8d1 e1d1 b8c6 c1e3 c8e6 g1f3 e8c8 d1e1 f8e7 f3g5 e7g5 e3g5 f7f6 g5e3 d8d6 e3c5 d6d8 f1b5 a7a6 b5c6 b7c6 e1e2 e6c4 e2f3 d8d3 c5e3 h8d8 a2a4 c8b7 g3g4 c4e6 h2h4 a6a5 h4h5 h7h6 b2b4 b7a6 b4a5 a6a5 a1a3 d3d1 h1d1 d8d1 e3c5 d1d3 c5e3 c6c5 f3e2 d3d8 e2f3 e6d7 e3c5 d7a4 c5b4 a5b5 a3a1 c7c5 b4c5 a4d1 a1d1 d8d1 c5b4 b5c4 f3e2 d1d7 b4a5 d7d3 f2f3 d3d7 a5b4 d7d3 b4a5 d3d6 a5b4 d6d7 b4a5 d7a7 a5b4 a7d7 b4a5 d7a7 a5b4 a7a8 e2d2 a8d8 d2e2 c4b5 e2f2 b5c4 f2e2 d8a8 e2d2 a8a1 d2e2 a1a7 e2f2 c4d3 f2g3 a7a2 b4f8 a2a7 f8b4 a7a8 g3h4 a8a2 h4g3 a2b2 b4f8 b2b7 f8b4 d3e3 b4c5 e3d3 c5b4 b7b5 b4f8 b5b7
Warning; PV continues after threefold repetition - move d3e3 from candidate_reuse_move_facts
Info; info depth 3 score cp 0 nodes 819 time 14 nps 58500 pv f8b4 d3e3 b4c5
Position; fen rnbqkb1r/ppp2ppp/8/3np3/8/2N3P1/PP1PPP1P/R1BQKBNR w KQkq - 0 1
Moves; e2e4 d5c3 d2c3 d8d1 e1d1 b8c6 c1e3 c8e6 g1f3 e8c8 d1e1 f8e7 f3g5 e7g5 e3g5 f7f6 g5e3 d8d6 e3c5 d6d8 f1b5 a7a6 b5c6 b7c6 e1e2 e6c4 e2f3 d8d3 c5e3 h8d8 a2a4 c8b7 g3g4 c4e6 h2h4 a6a5 h4h5 h7h6 b2b4 b7a6 b4a5 a6a5 a1a3 d3d1 h1d1 d8d1 e3c5 d1d3 c5e3 c6c5 f3e2 d3d8 e2f3 e6d7 e3c5 d7a4 c5b4 a5b5 a3a1 c7c5 b4c5 a4d1 a1d1 d8d1 c5b4 b5c4 f3e2 d1d7 b4a5 d7d3 f2f3 d3d7 a5b4 d7d3 b4a5 d3d6 a5b4 d6d7 b4a5 d7a7 a5b4 a7d7 b4a5 d7a7 a5b4 a7a8 e2d2 a8d8 d2e2 c4b5 e2f2 b5c4 f2e2 d8a8 e2d2 a8a1 d2e2 a1a7 e2f2 c4d3 f2g3 a7a2 b4f8 a2a7 f8b4 a7a8 g3h4 a8a2 h4g3 a2b2 b4f8 b2b7 f8b4 d3e3 b4c5 e3d3 c5b4 b7b5 b4f8 b5b7
Finished game 23 (candidate_reuse_move_facts vs reference): 1/2-1/2 {Draw by 3-fold repetition}
Score of candidate_reuse_move_facts vs reference: 12 - 7 - 3  [0.614] 22
Started game 24 of 100 (reference vs candidate_reuse_move_facts)
Finished game 22 (reference vs candidate_reuse_move_facts): 1/2-1/2 {Draw by fifty moves rule}
Score of candidate_reuse_move_facts vs reference: 12 - 7 - 4  [0.609] 23
Started game 25 of 100 (candidate_reuse_move_facts vs reference)
Finished game 24 (reference vs candidate_reuse_move_facts): 1-0 {White mates}
Score of candidate_reuse_move_facts vs reference: 12 - 8 - 4  [0.583] 24
Started game 26 of 100 (reference vs candidate_reuse_move_facts)
Finished game 25 (candidate_reuse_move_facts vs reference): 1-0 {White mates}
Score of candidate_reuse_move_facts vs reference: 13 - 8 - 4  [0.600] 25
Started game 27 of 100 (candidate_reuse_move_facts vs reference)
Finished game 26 (reference vs candidate_reuse_move_facts): 0-1 {Black mates}
Score of candidate_reuse_move_facts vs reference: 14 - 8 - 4  [0.615] 26
Started game 28 of 100 (reference vs candidate_reuse_move_facts)
Finished game 27 (candidate_reuse_move_facts vs reference): 1-0 {White mates}
Score of candidate_reuse_move_facts vs reference: 15 - 8 - 4  [0.630] 27
Started game 29 of 100 (candidate_reuse_move_facts vs reference)
Finished game 28 (reference vs candidate_reuse_move_facts): 1-0 {White mates}
Score of candidate_reuse_move_facts vs reference: 15 - 9 - 4  [0.607] 28
Started game 30 of 100 (reference vs candidate_reuse_move_facts)
Finished game 29 (candidate_reuse_move_facts vs reference): 1/2-1/2 {Draw by 3-fold repetition}
Score of candidate_reuse_move_facts vs reference: 15 - 9 - 5  [0.603] 29
Started game 31 of 100 (candidate_reuse_move_facts vs reference)
Finished game 31 (candidate_reuse_move_facts vs reference): 0-1 {Black mates}
Score of candidate_reuse_move_facts vs reference: 15 - 10 - 5  [0.583] 30
Elo difference: 58.45 +/- 119.69, LOS: 84.54 %, DrawRatio: 16.67 %
SPRT: llr 0.08 (2.8%), lbound -2.94, ubound 2.94
Started game 32 of 100 (reference vs candidate_reuse_move_facts)
Finished game 30 (reference vs candidate_reuse_move_facts): 1/2-1/2 {Draw by fifty moves rule}
Score of candidate_reuse_move_facts vs reference: 15 - 10 - 6  [0.581] 31
Started game 33 of 100 (candidate_reuse_move_facts vs reference)
Finished game 33 (candidate_reuse_move_facts vs reference): 1-0 {White mates}
Score of candidate_reuse_move_facts vs reference: 16 - 10 - 6  [0.594] 32
Started game 34 of 100 (reference vs candidate_reuse_move_facts)
Finished game 32 (reference vs candidate_reuse_move_facts): 0-1 {Black mates}
Score of candidate_reuse_move_facts vs reference: 17 - 10 - 6  [0.606] 33
Started game 35 of 100 (candidate_reuse_move_facts vs reference)
Finished game 34 (reference vs candidate_reuse_move_facts): 0-1 {Black mates}
Score of candidate_reuse_move_facts vs reference: 18 - 10 - 6  [0.618] 34
Started game 36 of 100 (reference vs candidate_reuse_move_facts)
Finished game 36 (reference vs candidate_reuse_move_facts): 1-0 {White mates}
Score of candidate_reuse_move_facts vs reference: 18 - 11 - 6  [0.600] 35
Started game 37 of 100 (candidate_reuse_move_facts vs reference)
Finished game 35 (candidate_reuse_move_facts vs reference): 1/2-1/2 {Draw by fifty moves rule}
Score of candidate_reuse_move_facts vs reference: 18 - 11 - 7  [0.597] 36
Started game 38 of 100 (reference vs candidate_reuse_move_facts)
Finished game 37 (candidate_reuse_move_facts vs reference): 1-0 {White mates}
Score of candidate_reuse_move_facts vs reference: 19 - 11 - 7  [0.608] 37
Started game 39 of 100 (candidate_reuse_move_facts vs reference)
Finished game 38 (reference vs candidate_reuse_move_facts): 0-1 {Black mates}
Score of candidate_reuse_move_facts vs reference: 20 - 11 - 7  [0.618] 38
Started game 40 of 100 (reference vs candidate_reuse_move_facts)
Finished game 39 (candidate_reuse_move_facts vs reference): 1-0 {White mates}
Score of candidate_reuse_move_facts vs reference: 21 - 11 - 7  [0.628] 39
Started game 41 of 100 (candidate_reuse_move_facts vs reference)
Finished game 40 (reference vs candidate_reuse_move_facts): 1-0 {White mates}
Score of candidate_reuse_move_facts vs reference: 21 - 12 - 7  [0.613] 40
Elo difference: 79.53 +/- 103.19, LOS: 94.71 %, DrawRatio: 17.50 %
SPRT: llr 0.15 (5.2%), lbound -2.94, ubound 2.94
Started game 42 of 100 (reference vs candidate_reuse_move_facts)
Finished game 41 (candidate_reuse_move_facts vs reference): 1-0 {White mates}
Score of candidate_reuse_move_facts vs reference: 22 - 12 - 7  [0.622] 41
Started game 43 of 100 (candidate_reuse_move_facts vs reference)
Finished game 42 (reference vs candidate_reuse_move_facts): 1/2-1/2 {Draw by 3-fold repetition}
Score of candidate_reuse_move_facts vs reference: 22 - 12 - 8  [0.619] 42
Started game 44 of 100 (reference vs candidate_reuse_move_facts)
Finished game 43 (candidate_reuse_move_facts vs reference): 1-0 {White mates}
Score of candidate_reuse_move_facts vs reference: 23 - 12 - 8  [0.628] 43
Started game 45 of 100 (candidate_reuse_move_facts vs reference)
Finished game 44 (reference vs candidate_reuse_move_facts): 0-1 {Black mates}
Score of candidate_reuse_move_facts vs reference: 24 - 12 - 8  [0.636] 44
Started game 46 of 100 (reference vs candidate_reuse_move_facts)
Finished game 45 (candidate_reuse_move_facts vs reference): 0-1 {Black mates}
Score of candidate_reuse_move_facts vs reference: 24 - 13 - 8  [0.622] 45
Started game 47 of 100 (candidate_reuse_move_facts vs reference)
Finished game 46 (reference vs candidate_reuse_move_facts): 1-0 {White mates}
Score of candidate_reuse_move_facts vs reference: 24 - 14 - 8  [0.609] 46
Started game 48 of 100 (reference vs candidate_reuse_move_facts)
Finished game 47 (candidate_reuse_move_facts vs reference): 1-0 {White mates}
Score of candidate_reuse_move_facts vs reference: 25 - 14 - 8  [0.617] 47
Started game 49 of 100 (candidate_reuse_move_facts vs reference)
Finished game 48 (reference vs candidate_reuse_move_facts): 1/2-1/2 {Draw by 3-fold repetition}
Score of candidate_reuse_move_facts vs reference: 25 - 14 - 9  [0.615] 48
Started game 50 of 100 (reference vs candidate_reuse_move_facts)
Finished game 49 (candidate_reuse_move_facts vs reference): 1-0 {White mates}
Score of candidate_reuse_move_facts vs reference: 26 - 14 - 9  [0.622] 49
Started game 51 of 100 (candidate_reuse_move_facts vs reference)
Finished game 50 (reference vs candidate_reuse_move_facts): 1-0 {White mates}
Score of candidate_reuse_move_facts vs reference: 26 - 15 - 9  [0.610] 50
Elo difference: 77.71 +/- 91.24, LOS: 96.17 %, DrawRatio: 18.00 %
SPRT: llr 0.19 (6.3%), lbound -2.94, ubound 2.94
Started game 52 of 100 (reference vs candidate_reuse_move_facts)
Finished game 51 (candidate_reuse_move_facts vs reference): 1-0 {White mates}
Score of candidate_reuse_move_facts vs reference: 27 - 15 - 9  [0.618] 51
Started game 53 of 100 (candidate_reuse_move_facts vs reference)
Finished game 52 (reference vs candidate_reuse_move_facts): 0-1 {Black mates}
Score of candidate_reuse_move_facts vs reference: 28 - 15 - 9  [0.625] 52
Started game 54 of 100 (reference vs candidate_reuse_move_facts)
Finished game 53 (candidate_reuse_move_facts vs reference): 1-0 {White mates}
Score of candidate_reuse_move_facts vs reference: 29 - 15 - 9  [0.632] 53
Started game 55 of 100 (candidate_reuse_move_facts vs reference)
Finished game 54 (reference vs candidate_reuse_move_facts): 0-1 {Black mates}
Score of candidate_reuse_move_facts vs reference: 30 - 15 - 9  [0.639] 54
Started game 56 of 100 (reference vs candidate_reuse_move_facts)
Finished game 55 (candidate_reuse_move_facts vs reference): 1-0 {White mates}
Score of candidate_reuse_move_facts vs reference: 31 - 15 - 9  [0.645] 55
Started game 57 of 100 (candidate_reuse_move_facts vs reference)
Finished game 56 (reference vs candidate_reuse_move_facts): 1-0 {White mates}
Score of candidate_reuse_move_facts vs reference: 31 - 16 - 9  [0.634] 56
Started game 58 of 100 (reference vs candidate_reuse_move_facts)
Finished game 57 (candidate_reuse_move_facts vs reference): 1-0 {White mates}
Score of candidate_reuse_move_facts vs reference: 32 - 16 - 9  [0.640] 57
Started game 59 of 100 (candidate_reuse_move_facts vs reference)
Finished game 58 (reference vs candidate_reuse_move_facts): 1/2-1/2 {Draw by 3-fold repetition}
Score of candidate_reuse_move_facts vs reference: 32 - 16 - 10  [0.638] 58
Started game 60 of 100 (reference vs candidate_reuse_move_facts)
Finished game 59 (candidate_reuse_move_facts vs reference): 1-0 {White mates}
Score of candidate_reuse_move_facts vs reference: 33 - 16 - 10  [0.644] 59
Started game 61 of 100 (candidate_reuse_move_facts vs reference)
Finished game 60 (reference vs candidate_reuse_move_facts): 1-0 {White mates}
Score of candidate_reuse_move_facts vs reference: 33 - 17 - 10  [0.633] 60
Elo difference: 94.94 +/- 84.62, LOS: 99.10 %, DrawRatio: 16.67 %
SPRT: llr 0.27 (9.1%), lbound -2.94, ubound 2.94
Started game 62 of 100 (reference vs candidate_reuse_move_facts)
Finished game 62 (reference vs candidate_reuse_move_facts): 0-1 {Black mates}
Score of candidate_reuse_move_facts vs reference: 34 - 17 - 10  [0.639] 61
Started game 63 of 100 (candidate_reuse_move_facts vs reference)
Finished game 61 (candidate_reuse_move_facts vs reference): 0-1 {Black mates}
Score of candidate_reuse_move_facts vs reference: 34 - 18 - 10  [0.629] 62
Started game 64 of 100 (reference vs candidate_reuse_move_facts)
Finished game 64 (reference vs candidate_reuse_move_facts): 1/2-1/2 {Draw by insufficient mating material}
Score of candidate_reuse_move_facts vs reference: 34 - 18 - 11  [0.627] 63
Started game 65 of 100 (candidate_reuse_move_facts vs reference)
Finished game 63 (candidate_reuse_move_facts vs reference): 0-1 {Black mates}
Score of candidate_reuse_move_facts vs reference: 34 - 19 - 11  [0.617] 64
Started game 66 of 100 (reference vs candidate_reuse_move_facts)
Finished game 66 (reference vs candidate_reuse_move_facts): 0-1 {Black mates}
Score of candidate_reuse_move_facts vs reference: 35 - 19 - 11  [0.623] 65
Started game 67 of 100 (candidate_reuse_move_facts vs reference)
Finished game 65 (candidate_reuse_move_facts vs reference): 1-0 {White mates}
Score of candidate_reuse_move_facts vs reference: 36 - 19 - 11  [0.629] 66
Started game 68 of 100 (reference vs candidate_reuse_move_facts)
Finished game 67 (candidate_reuse_move_facts vs reference): 1-0 {White mates}
Score of candidate_reuse_move_facts vs reference: 37 - 19 - 11  [0.634] 67
Started game 69 of 100 (candidate_reuse_move_facts vs reference)
Finished game 68 (reference vs candidate_reuse_move_facts): 1-0 {White mates}
Score of candidate_reuse_move_facts vs reference: 37 - 20 - 11  [0.625] 68
Started game 70 of 100 (reference vs candidate_reuse_move_facts)
Finished game 70 (reference vs candidate_reuse_move_facts): 0-1 {Black mates}
Score of candidate_reuse_move_facts vs reference: 38 - 20 - 11  [0.630] 69
Started game 71 of 100 (candidate_reuse_move_facts vs reference)
Finished game 69 (candidate_reuse_move_facts vs reference): 1-0 {White mates}
Score of candidate_reuse_move_facts vs reference: 39 - 20 - 11  [0.636] 70
Elo difference: 96.73 +/- 78.67, LOS: 99.52 %, DrawRatio: 15.71 %
SPRT: llr 0.32 (10.7%), lbound -2.94, ubound 2.94
Started game 72 of 100 (reference vs candidate_reuse_move_facts)
Finished game 71 (candidate_reuse_move_facts vs reference): 0-1 {Black mates}
Score of candidate_reuse_move_facts vs reference: 39 - 21 - 11  [0.627] 71
Started game 73 of 100 (candidate_reuse_move_facts vs reference)
Finished game 72 (reference vs candidate_reuse_move_facts): 0-1 {Black mates}
Score of candidate_reuse_move_facts vs reference: 40 - 21 - 11  [0.632] 72
Started game 74 of 100 (reference vs candidate_reuse_move_facts)
Finished game 73 (candidate_reuse_move_facts vs reference): 0-1 {Black mates}
Score of candidate_reuse_move_facts vs reference: 40 - 22 - 11  [0.623] 73
Started game 75 of 100 (candidate_reuse_move_facts vs reference)
Finished game 74 (reference vs candidate_reuse_move_facts): 0-1 {Black mates}
Score of candidate_reuse_move_facts vs reference: 41 - 22 - 11  [0.628] 74
Started game 76 of 100 (reference vs candidate_reuse_move_facts)
Finished game 75 (candidate_reuse_move_facts vs reference): 1-0 {White mates}
Score of candidate_reuse_move_facts vs reference: 42 - 22 - 11  [0.633] 75
Started game 77 of 100 (candidate_reuse_move_facts vs reference)
Finished game 77 (candidate_reuse_move_facts vs reference): 1-0 {White mates}
Score of candidate_reuse_move_facts vs reference: 43 - 22 - 11  [0.638] 76
Started game 78 of 100 (reference vs candidate_reuse_move_facts)
Finished game 76 (reference vs candidate_reuse_move_facts): 0-1 {Black mates}
Score of candidate_reuse_move_facts vs reference: 44 - 22 - 11  [0.643] 77
Started game 79 of 100 (candidate_reuse_move_facts vs reference)
Finished game 78 (reference vs candidate_reuse_move_facts): 1-0 {White mates}
Score of candidate_reuse_move_facts vs reference: 44 - 23 - 11  [0.635] 78
Started game 80 of 100 (reference vs candidate_reuse_move_facts)
Finished game 79 (candidate_reuse_move_facts vs reference): 0-1 {Black mates}
Score of candidate_reuse_move_facts vs reference: 44 - 24 - 11  [0.627] 79
Started game 81 of 100 (candidate_reuse_move_facts vs reference)
Finished game 80 (reference vs candidate_reuse_move_facts): 0-1 {Black mates}
Score of candidate_reuse_move_facts vs reference: 45 - 24 - 11  [0.631] 80
Elo difference: 93.39 +/- 74.18, LOS: 99.58 %, DrawRatio: 13.75 %
SPRT: llr 0.34 (11.6%), lbound -2.94, ubound 2.94
Started game 82 of 100 (reference vs candidate_reuse_move_facts)
Finished game 81 (candidate_reuse_move_facts vs reference): 1-0 {White mates}
Score of candidate_reuse_move_facts vs reference: 46 - 24 - 11  [0.636] 81
Started game 83 of 100 (candidate_reuse_move_facts vs reference)
Finished game 82 (reference vs candidate_reuse_move_facts): 0-1 {Black mates}
Score of candidate_reuse_move_facts vs reference: 47 - 24 - 11  [0.640] 82
Started game 84 of 100 (reference vs candidate_reuse_move_facts)
Finished game 83 (candidate_reuse_move_facts vs reference): 1-0 {White mates}
Score of candidate_reuse_move_facts vs reference: 48 - 24 - 11  [0.645] 83
Started game 85 of 100 (candidate_reuse_move_facts vs reference)
Finished game 84 (reference vs candidate_reuse_move_facts): 1-0 {White mates}
Score of candidate_reuse_move_facts vs reference: 48 - 25 - 11  [0.637] 84
Started game 86 of 100 (reference vs candidate_reuse_move_facts)
Finished game 85 (candidate_reuse_move_facts vs reference): 1/2-1/2 {Draw by fifty moves rule}
Score of candidate_reuse_move_facts vs reference: 48 - 25 - 12  [0.635] 85
Started game 87 of 100 (candidate_reuse_move_facts vs reference)
Finished game 86 (reference vs candidate_reuse_move_facts): 1-0 {White mates}
Score of candidate_reuse_move_facts vs reference: 48 - 26 - 12  [0.628] 86
Started game 88 of 100 (reference vs candidate_reuse_move_facts)
Finished game 88 (reference vs candidate_reuse_move_facts): 0-1 {Black mates}
Score of candidate_reuse_move_facts vs reference: 49 - 26 - 12  [0.632] 87
Started game 89 of 100 (candidate_reuse_move_facts vs reference)
Finished game 87 (candidate_reuse_move_facts vs reference): 1-0 {White mates}
Score of candidate_reuse_move_facts vs reference: 50 - 26 - 12  [0.636] 88
Started game 90 of 100 (reference vs candidate_reuse_move_facts)
Finished game 90 (reference vs candidate_reuse_move_facts): 0-1 {Black mates}
Score of candidate_reuse_move_facts vs reference: 51 - 26 - 12  [0.640] 89
Started game 91 of 100 (candidate_reuse_move_facts vs reference)
Finished game 89 (candidate_reuse_move_facts vs reference): 0-1 {Black mates}
Score of candidate_reuse_move_facts vs reference: 51 - 27 - 12  [0.633] 90
Elo difference: 94.94 +/- 70.06, LOS: 99.77 %, DrawRatio: 13.33 %
SPRT: llr 0.39 (13.2%), lbound -2.94, ubound 2.94
Started game 92 of 100 (reference vs candidate_reuse_move_facts)
Finished game 91 (candidate_reuse_move_facts vs reference): 1-0 {White mates}
Score of candidate_reuse_move_facts vs reference: 52 - 27 - 12  [0.637] 91
Started game 93 of 100 (candidate_reuse_move_facts vs reference)
Finished game 93 (candidate_reuse_move_facts vs reference): 1-0 {White mates}
Score of candidate_reuse_move_facts vs reference: 53 - 27 - 12  [0.641] 92
Started game 94 of 100 (reference vs candidate_reuse_move_facts)
Finished game 92 (reference vs candidate_reuse_move_facts): 1/2-1/2 {Draw by fifty moves rule}
Score of candidate_reuse_move_facts vs reference: 53 - 27 - 13  [0.640] 93
Started game 95 of 100 (candidate_reuse_move_facts vs reference)
Finished game 94 (reference vs candidate_reuse_move_facts): 1-0 {White mates}
Score of candidate_reuse_move_facts vs reference: 53 - 28 - 13  [0.633] 94
Started game 96 of 100 (reference vs candidate_reuse_move_facts)
Finished game 95 (candidate_reuse_move_facts vs reference): 1-0 {White mates}
Score of candidate_reuse_move_facts vs reference: 54 - 28 - 13  [0.637] 95
Started game 97 of 100 (candidate_reuse_move_facts vs reference)
Finished game 96 (reference vs candidate_reuse_move_facts): 1/2-1/2 {Draw by 3-fold repetition}
Score of candidate_reuse_move_facts vs reference: 54 - 28 - 14  [0.635] 96
Started game 98 of 100 (reference vs candidate_reuse_move_facts)
Finished game 97 (candidate_reuse_move_facts vs reference): 1-0 {White mates}
Score of candidate_reuse_move_facts vs reference: 55 - 28 - 14  [0.639] 97
Started game 99 of 100 (candidate_reuse_move_facts vs reference)
Finished game 99 (candidate_reuse_move_facts vs reference): 1-0 {White mates}
Score of candidate_reuse_move_facts vs reference: 56 - 28 - 14  [0.643] 98
Started game 100 of 100 (reference vs candidate_reuse_move_facts)
Finished game 98 (reference vs candidate_reuse_move_facts): 1-0 {White mates}
Score of candidate_reuse_move_facts vs reference: 56 - 29 - 14  [0.636] 99
Finished game 100 (reference vs candidate_reuse_move_facts): 1-0 {White mates}
Score of candidate_reuse_move_facts vs reference: 56 - 30 - 14  [0.630] 100
Elo difference: 92.46 +/- 65.95, LOS: 99.83 %, DrawRatio: 14.00 %
SPRT: llr 0.42 (14.4%), lbound -2.94, ubound 2.94
Finished match
Total Time: 00:02:19 (hours:minutes:seconds)

