Started game 1 of 8 (Axiom2 vs Axiom1)
Started game 2 of 8 (Axiom1 vs Axiom2)
Finished game 2 (Axiom1 vs Axiom2): 0-1 {Black wins by adjudication}
Score of Axiom2 vs Axiom1: 1 - 0 - 0  [1.000] 1
Started game 3 of 8 (Axiom2 vs Axiom1)
Finished game 1 (Axiom2 vs Axiom1): 1-0 {White wins by adjudication}
Score of Axiom2 vs Axiom1: 2 - 0 - 0  [1.000] 2
Elo difference: inf +/- nan, LOS: 100.00 %, DrawRatio: 0.00 %
Started game 4 of 8 (Axiom1 vs Axiom2)
Finished game 3 (Axiom2 vs Axiom1): 1-0 {White wins by adjudication}
Score of Axiom2 vs Axiom1: 3 - 0 - 0  [1.000] 3
Started game 5 of 8 (Axiom2 vs Axiom1)
Finished game 4 (Axiom1 vs Axiom2): 1/2-1/2 {Draw by fifty moves rule}
Score of Axiom2 vs Axiom1: 3 - 0 - 1  [0.875] 4
Elo difference: 338.04 +/- nan, LOS: 99.97 %, DrawRatio: 25.00 %
Started game 6 of 8 (Axiom1 vs Axiom2)
Finished game 5 (Axiom2 vs Axiom1): 1-0 {White wins by adjudication}
Score of Axiom2 vs Axiom1: 4 - 0 - 1  [0.900] 5
Started game 7 of 8 (Axiom2 vs Axiom1)
Finished game 6 (Axiom1 vs Axiom2): 0-1 {Black wins by adjudication}
Score of Axiom2 vs Axiom1: 5 - 0 - 1  [0.917] 6
Elo difference: 416.56 +/- nan, LOS: 100.00 %, DrawRatio: 16.67 %
Started game 8 of 8 (Axiom1 vs Axiom2)
Finished game 7 (Axiom2 vs Axiom1): 1-0 {White wins by adjudication}
Score of Axiom2 vs Axiom1: 6 - 0 - 1  [0.929] 7
Finished game 8 (Axiom1 vs Axiom2): 0-1 {Black wins by adjudication}
Score of Axiom2 vs Axiom1: 7 - 0 - 1  [0.938] 8
Elo difference: 470.44 +/- nan, LOS: 100.00 %, DrawRatio: 12.50 %
Finished match
Total Time: 00:01:58 (hours:minutes:seconds)
