Started game 1 of 12 (Axiom2 vs Axiom1)
Started game 2 of 12 (Axiom1 vs Axiom2)
Finished game 2 (Axiom1 vs Axiom2): 1/2-1/2 {Draw by 3-fold repetition}
Score of Axiom2 vs Axiom1: 0 - 0 - 1  [0.500] 1
Started game 3 of 12 (Axiom2 vs Axiom1)
Finished game 1 (Axiom2 vs Axiom1): 1-0 {White wins by adjudication}
Score of Axiom2 vs Axiom1: 1 - 0 - 1  [0.750] 2
Elo difference: 190.85 +/- nan, LOS: 92.14 %, DrawRatio: 50.00 %
Started game 4 of 12 (Axiom1 vs Axiom2)
Finished game 3 (Axiom2 vs Axiom1): 1-0 {White wins by adjudication}
Score of Axiom2 vs Axiom1: 2 - 0 - 1  [0.833] 3
Started game 5 of 12 (Axiom2 vs Axiom1)
Finished game 4 (Axiom1 vs Axiom2): 0-1 {Black mates}
Score of Axiom2 vs Axiom1: 3 - 0 - 1  [0.875] 4
Elo difference: 338.04 +/- nan, LOS: 99.97 %, DrawRatio: 25.00 %
Started game 6 of 12 (Axiom1 vs Axiom2)
Finished game 5 (Axiom2 vs Axiom1): 1-0 {White wins by adjudication}
Score of Axiom2 vs Axiom1: 4 - 0 - 1  [0.900] 5
Started game 7 of 12 (Axiom2 vs Axiom1)
Finished game 6 (Axiom1 vs Axiom2): 0-1 {Black wins by adjudication}
Score of Axiom2 vs Axiom1: 5 - 0 - 1  [0.917] 6
Elo difference: 416.56 +/- nan, LOS: 100.00 %, DrawRatio: 16.67 %
Started game 8 of 12 (Axiom1 vs Axiom2)
Finished game 7 (Axiom2 vs Axiom1): 1/2-1/2 {Draw by insufficient mating material}
Score of Axiom2 vs Axiom1: 5 - 0 - 2  [0.857] 7
Started game 9 of 12 (Axiom2 vs Axiom1)
Finished game 8 (Axiom1 vs Axiom2): 0-1 {Black wins by adjudication}
Score of Axiom2 vs Axiom1: 6 - 0 - 2  [0.875] 8
Elo difference: 338.04 +/- nan, LOS: 100.00 %, DrawRatio: 25.00 %
Started game 10 of 12 (Axiom1 vs Axiom2)
Finished game 10 (Axiom1 vs Axiom2): 0-1 {Black wins by adjudication}
Score of Axiom2 vs Axiom1: 7 - 0 - 2  [0.889] 9
Started game 11 of 12 (Axiom2 vs Axiom1)
Finished game 9 (Axiom2 vs Axiom1): 1-0 {White wins by adjudication}
Score of Axiom2 vs Axiom1: 8 - 0 - 2  [0.900] 10
Elo difference: 381.70 +/- nan, LOS: 100.00 %, DrawRatio: 20.00 %
Started game 12 of 12 (Axiom1 vs Axiom2)
Finished game 12 (Axiom1 vs Axiom2): 0-1 {Black wins by adjudication}
Score of Axiom2 vs Axiom1: 9 - 0 - 2  [0.909] 11
Finished game 11 (Axiom2 vs Axiom1): 0-1 {White loses on time (25ms overrun)}
Score of Axiom2 vs Axiom1: 9 - 1 - 2  [0.833] 12
Elo difference: 279.59 +/- nan, LOS: 99.99 %, DrawRatio: 16.67 %
Finished match
Total Time: 00:02:45 (hours:minutes:seconds)
