Started game 1 of 24 (Axiom2 vs Axiom1)
Started game 2 of 24 (Axiom1 vs Axiom2)
Finished game 2 (Axiom1 vs Axiom2): 0-1 {Black wins by adjudication}
Score of Axiom2 vs Axiom1: 1 - 0 - 0  [1.000] 1
Started game 3 of 24 (Axiom2 vs Axiom1)
Finished game 1 (Axiom2 vs Axiom1): 0-1 {Black wins by adjudication}
Score of Axiom2 vs Axiom1: 1 - 1 - 0  [0.500] 2
Elo difference: -0.00 +/- nan, LOS: 50.00 %, DrawRatio: 0.00 %
Started game 4 of 24 (Axiom1 vs Axiom2)
Finished game 3 (Axiom2 vs Axiom1): 1/2-1/2 {Draw by adjudication}
Score of Axiom2 vs Axiom1: 1 - 1 - 1  [0.500] 3
Started game 5 of 24 (Axiom2 vs Axiom1)
Finished game 4 (Axiom1 vs Axiom2): 0-1 {Black mates}
Score of Axiom2 vs Axiom1: 2 - 1 - 1  [0.625] 4
Elo difference: 88.74 +/- nan, LOS: 72.68 %, DrawRatio: 25.00 %
Started game 6 of 24 (Axiom1 vs Axiom2)
Finished game 5 (Axiom2 vs Axiom1): 1-0 {White wins by adjudication}
Score of Axiom2 vs Axiom1: 3 - 1 - 1  [0.700] 5
Started game 7 of 24 (Axiom2 vs Axiom1)
Finished game 6 (Axiom1 vs Axiom2): 0-1 {Black wins by adjudication}
Score of Axiom2 vs Axiom1: 4 - 1 - 1  [0.750] 6
Elo difference: 190.85 +/- nan, LOS: 94.56 %, DrawRatio: 16.67 %
Started game 8 of 24 (Axiom1 vs Axiom2)
Finished game 7 (Axiom2 vs Axiom1): 1-0 {White wins by adjudication}
Score of Axiom2 vs Axiom1: 5 - 1 - 1  [0.786] 7
Started game 9 of 24 (Axiom2 vs Axiom1)
Finished game 8 (Axiom1 vs Axiom2): 1-0 {White wins by adjudication}
Score of Axiom2 vs Axiom1: 5 - 2 - 1  [0.688] 8
Elo difference: 136.97 +/- 398.73, LOS: 89.21 %, DrawRatio: 12.50 %
Started game 10 of 24 (Axiom1 vs Axiom2)
Finished game 9 (Axiom2 vs Axiom1): 1-0 {White wins by adjudication}
Score of Axiom2 vs Axiom1: 6 - 2 - 1  [0.722] 9
Started game 11 of 24 (Axiom2 vs Axiom1)
Finished game 10 (Axiom1 vs Axiom2): 0-1 {Black wins by adjudication}
Score of Axiom2 vs Axiom1: 7 - 2 - 1  [0.750] 10
Elo difference: 190.85 +/- 763.20, LOS: 97.51 %, DrawRatio: 10.00 %
Started game 12 of 24 (Axiom1 vs Axiom2)
Finished game 11 (Axiom2 vs Axiom1): 0-1 {Black wins by adjudication}
Score of Axiom2 vs Axiom1: 7 - 3 - 1  [0.682] 11
Started game 13 of 24 (Axiom2 vs Axiom1)
Finished game 12 (Axiom1 vs Axiom2): 0-1 {Black mates}
Score of Axiom2 vs Axiom1: 8 - 3 - 1  [0.708] 12
Elo difference: 154.14 +/- 272.21, LOS: 95.30 %, DrawRatio: 8.33 %
Started game 14 of 24 (Axiom1 vs Axiom2)
Finished game 13 (Axiom2 vs Axiom1): 1-0 {White wins by adjudication}
Score of Axiom2 vs Axiom1: 9 - 3 - 1  [0.731] 13
Started game 15 of 24 (Axiom2 vs Axiom1)
Finished game 14 (Axiom1 vs Axiom2): 1-0 {White wins by adjudication}
Score of Axiom2 vs Axiom1: 9 - 4 - 1  [0.679] 14
Elo difference: 129.80 +/- 223.65, LOS: 93.23 %, DrawRatio: 7.14 %
Started game 16 of 24 (Axiom1 vs Axiom2)
Finished game 15 (Axiom2 vs Axiom1): 1-0 {White wins by adjudication}
Score of Axiom2 vs Axiom1: 10 - 4 - 1  [0.700] 15
Started game 17 of 24 (Axiom2 vs Axiom1)
Finished game 16 (Axiom1 vs Axiom2): 0-1 {Black wins by adjudication}
Score of Axiom2 vs Axiom1: 11 - 4 - 1  [0.719] 16
Elo difference: 162.99 +/- 222.69, LOS: 97.86 %, DrawRatio: 6.25 %
Started game 18 of 24 (Axiom1 vs Axiom2)
Finished game 17 (Axiom2 vs Axiom1): 1-0 {White wins by adjudication}
Score of Axiom2 vs Axiom1: 12 - 4 - 1  [0.735] 17
Started game 19 of 24 (Axiom2 vs Axiom1)
Finished game 18 (Axiom1 vs Axiom2): 0-1 {Black wins by adjudication}
Score of Axiom2 vs Axiom1: 13 - 4 - 1  [0.750] 18
Elo difference: 190.85 +/- 222.83, LOS: 99.45 %, DrawRatio: 5.56 %
Started game 20 of 24 (Axiom1 vs Axiom2)
Finished game 20 (Axiom1 vs Axiom2): 1-0 {Black loses on time (42743ms overrun)}
Score of Axiom2 vs Axiom1: 13 - 5 - 1  [0.711] 19
Started game 21 of 24 (Axiom2 vs Axiom1)
Finished game 19 (Axiom2 vs Axiom1): 1-0 {Black loses on time (47448ms overrun)}
Score of Axiom2 vs Axiom1: 14 - 5 - 1  [0.725] 20
Elo difference: 168.40 +/- 193.42, LOS: 99.00 %, DrawRatio: 5.00 %
Started game 22 of 24 (Axiom1 vs Axiom2)
Finished game 22 (Axiom1 vs Axiom2): 0-1 {Black wins by adjudication}
Score of Axiom2 vs Axiom1: 15 - 5 - 1  [0.738] 21
Started game 23 of 24 (Axiom2 vs Axiom1)
Finished game 21 (Axiom2 vs Axiom1): 1-0 {White wins by adjudication}
Score of Axiom2 vs Axiom1: 16 - 5 - 1  [0.750] 22
Elo difference: 190.85 +/- 192.56, LOS: 99.74 %, DrawRatio: 4.55 %
Started game 24 of 24 (Axiom1 vs Axiom2)
Finished game 24 (Axiom1 vs Axiom2): 0-1 {Black wins by adjudication}
Score of Axiom2 vs Axiom1: 17 - 5 - 1  [0.761] 23
Finished game 23 (Axiom2 vs Axiom1): 1-0 {White wins by adjudication}
Score of Axiom2 vs Axiom1: 18 - 5 - 1  [0.771] 24
Elo difference: 210.72 +/- 192.07, LOS: 99.94 %, DrawRatio: 4.17 %
Finished match
Total Time: 00:06:07 (hours:minutes:seconds)
