Started game 1 of 24 (Axiom2 vs Axiom1)
Started game 2 of 24 (Axiom1 vs Axiom2)
Finished game 2 (Axiom1 vs Axiom2): 0-1 {Black wins by adjudication}
Score of Axiom2 vs Axiom1: 1 - 0 - 0  [1.000] 1
Started game 3 of 24 (Axiom2 vs Axiom1)
Finished game 1 (Axiom2 vs Axiom1): 0-1 {Black wins by adjudication}
Score of Axiom2 vs Axiom1: 1 - 1 - 0  [0.500] 2
Elo difference: -0.00 +/- nan, LOS: 50.00 %, DrawRatio: 0.00 %
Started game 4 of 24 (Axiom1 vs Axiom2)
Finished game 3 (Axiom2 vs Axiom1): 1-0 {White wins by adjudication}
Score of Axiom2 vs Axiom1: 2 - 1 - 0  [0.667] 3
Started game 5 of 24 (Axiom2 vs Axiom1)
Finished game 4 (Axiom1 vs Axiom2): 1/2-1/2 {Draw by 3-fold repetition}
Score of Axiom2 vs Axiom1: 2 - 1 - 1  [0.625] 4
Elo difference: 88.74 +/- nan, LOS: 72.68 %, DrawRatio: 25.00 %
Started game 6 of 24 (Axiom1 vs Axiom2)
Finished game 5 (Axiom2 vs Axiom1): 1-0 {White wins by adjudication}
Score of Axiom2 vs Axiom1: 3 - 1 - 1  [0.700] 5
Started game 7 of 24 (Axiom2 vs Axiom1)
Finished game 6 (Axiom1 vs Axiom2): 0-1 {Black wins by adjudication}
Score of Axiom2 vs Axiom1: 4 - 1 - 1  [0.750] 6
Elo difference: 190.85 +/- nan, LOS: 94.56 %, DrawRatio: 16.67 %
Started game 8 of 24 (Axiom1 vs Axiom2)
Finished game 8 (Axiom1 vs Axiom2): 1-0 {White wins by adjudication}
Score of Axiom2 vs Axiom1: 4 - 2 - 1  [0.643] 7
Started game 9 of 24 (Axiom2 vs Axiom1)
Finished game 7 (Axiom2 vs Axiom1): 0-1 {Black mates}
Score of Axiom2 vs Axiom1: 4 - 3 - 1  [0.562] 8
Elo difference: 43.66 +/- 275.64, LOS: 64.85 %, DrawRatio: 12.50 %
Started game 10 of 24 (Axiom1 vs Axiom2)
Finished game 9 (Axiom2 vs Axiom1): 1-0 {White wins by adjudication}
Score of Axiom2 vs Axiom1: 5 - 3 - 1  [0.611] 9
Started game 11 of 24 (Axiom2 vs Axiom1)
Finished game 10 (Axiom1 vs Axiom2): 1-0 {White mates}
Score of Axiom2 vs Axiom1: 5 - 4 - 1  [0.550] 10
Elo difference: 34.86 +/- 237.48, LOS: 63.13 %, DrawRatio: 10.00 %
Started game 12 of 24 (Axiom1 vs Axiom2)
Finished game 12 (Axiom1 vs Axiom2): 1-0 {White wins by adjudication}
Score of Axiom2 vs Axiom1: 5 - 5 - 1  [0.500] 11
Started game 13 of 24 (Axiom2 vs Axiom1)
Finished game 11 (Axiom2 vs Axiom1): 0-1 {Black wins by adjudication}
Score of Axiom2 vs Axiom1: 5 - 6 - 1  [0.458] 12
Elo difference: -29.02 +/- 212.37, LOS: 38.11 %, DrawRatio: 8.33 %
Started game 14 of 24 (Axiom1 vs Axiom2)
Finished game 14 (Axiom1 vs Axiom2): 1/2-1/2 {Draw by 3-fold repetition}
Score of Axiom2 vs Axiom1: 5 - 6 - 2  [0.462] 13
Started game 15 of 24 (Axiom2 vs Axiom1)
Finished game 13 (Axiom2 vs Axiom1): 0-1 {Black wins by adjudication}
Score of Axiom2 vs Axiom1: 5 - 7 - 2  [0.429] 14
Elo difference: -49.98 +/- 187.30, LOS: 27.95 %, DrawRatio: 14.29 %
Started game 16 of 24 (Axiom1 vs Axiom2)
Finished game 15 (Axiom2 vs Axiom1): 1-0 {White wins by adjudication}
Score of Axiom2 vs Axiom1: 6 - 7 - 2  [0.467] 15
Started game 17 of 24 (Axiom2 vs Axiom1)
Finished game 16 (Axiom1 vs Axiom2): 0-1 {Black wins by adjudication}
Score of Axiom2 vs Axiom1: 7 - 7 - 2  [0.500] 16
Elo difference: -0.00 +/- 172.05, LOS: 50.00 %, DrawRatio: 12.50 %
Started game 18 of 24 (Axiom1 vs Axiom2)
Finished game 18 (Axiom1 vs Axiom2): 1-0 {White mates}
Score of Axiom2 vs Axiom1: 7 - 8 - 2  [0.471] 17
Started game 19 of 24 (Axiom2 vs Axiom1)
Finished game 19 (Axiom2 vs Axiom1): 0-1 {Black mates}
Score of Axiom2 vs Axiom1: 7 - 9 - 2  [0.444] 18
Elo difference: -38.76 +/- 163.73, LOS: 30.73 %, DrawRatio: 11.11 %
Started game 20 of 24 (Axiom1 vs Axiom2)
Finished game 17 (Axiom2 vs Axiom1): 1/2-1/2 {Draw by fifty moves rule}
Score of Axiom2 vs Axiom1: 7 - 9 - 3  [0.447] 19
Started game 21 of 24 (Axiom2 vs Axiom1)
Finished game 21 (Axiom2 vs Axiom1): 0-1 {Black wins by adjudication}
Score of Axiom2 vs Axiom1: 7 - 10 - 3  [0.425] 20
Elo difference: -52.51 +/- 151.22, LOS: 23.04 %, DrawRatio: 15.00 %
Started game 22 of 24 (Axiom1 vs Axiom2)
Finished game 20 (Axiom1 vs Axiom2): 0-1 {Black wins by adjudication}
Score of Axiom2 vs Axiom1: 8 - 10 - 3  [0.452] 21
Started game 23 of 24 (Axiom2 vs Axiom1)
Finished game 23 (Axiom2 vs Axiom1): 0-1 {Black wins by adjudication}
Score of Axiom2 vs Axiom1: 8 - 11 - 3  [0.432] 22
Elo difference: -47.67 +/- 144.19, LOS: 24.33 %, DrawRatio: 13.64 %
Started game 24 of 24 (Axiom1 vs Axiom2)
Finished game 24 (Axiom1 vs Axiom2): 1-0 {White mates}
Score of Axiom2 vs Axiom1: 8 - 12 - 3  [0.413] 23
Finished game 22 (Axiom1 vs Axiom2): 0-1 {Black wins by adjudication}
Score of Axiom2 vs Axiom1: 9 - 12 - 3  [0.438] 24
Elo difference: -43.66 +/- 138.08, LOS: 25.44 %, DrawRatio: 12.50 %
Finished match
Total Time: 00:03:54 (hours:minutes:seconds)
