Indexing opening suite...
Started game 1 of 20 (candidate_reuse_move_facts vs reference)
Started game 2 of 20 (reference vs candidate_reuse_move_facts)
Finished game 2 (reference vs candidate_reuse_move_facts): 0-1 {Black mates}
Score of candidate_reuse_move_facts vs reference: 1 - 0 - 0  [1.000] 1
Started game 3 of 20 (candidate_reuse_move_facts vs reference)
Finished game 1 (candidate_reuse_move_facts vs reference): 1/2-1/2 {Draw by 3-fold repetition}
Score of candidate_reuse_move_facts vs reference: 1 - 0 - 1  [0.750] 2
Started game 4 of 20 (reference vs candidate_reuse_move_facts)
Finished game 3 (candidate_reuse_move_facts vs reference): 1/2-1/2 {Draw by insufficient mating material}
Score of candidate_reuse_move_facts vs reference: 1 - 0 - 2  [0.667] 3
Started game 5 of 20 (candidate_reuse_move_facts vs reference)
Finished game 4 (reference vs candidate_reuse_move_facts): 0-1 {Black mates}
Score of candidate_reuse_move_facts vs reference: 2 - 0 - 2  [0.750] 4
Started game 6 of 20 (reference vs candidate_reuse_move_facts)
Finished game 5 (candidate_reuse_move_facts vs reference): 0-1 {Black mates}
Score of candidate_reuse_move_facts vs reference: 2 - 1 - 2  [0.600] 5
Started game 7 of 20 (candidate_reuse_move_facts vs reference)
Finished game 6 (reference vs candidate_reuse_move_facts): 1/2-1/2 {Draw by fifty moves rule}
Score of candidate_reuse_move_facts vs reference: 2 - 1 - 3  [0.583] 6
Started game 8 of 20 (reference vs candidate_reuse_move_facts)
Finished game 7 (candidate_reuse_move_facts vs reference): 1/2-1/2 {Draw by 3-fold repetition}
Score of candidate_reuse_move_facts vs reference: 2 - 1 - 4  [0.571] 7
Started game 9 of 20 (candidate_reuse_move_facts vs reference)
Finished game 8 (reference vs candidate_reuse_move_facts): 0-1 {Black mates}
Score of candidate_reuse_move_facts vs reference: 3 - 1 - 4  [0.625] 8
Started game 10 of 20 (reference vs candidate_reuse_move_facts)
Finished game 9 (candidate_reuse_move_facts vs reference): 0-1 {Black mates}
Score of candidate_reuse_move_facts vs reference: 3 - 2 - 4  [0.556] 9
Started game 11 of 20 (candidate_reuse_move_facts vs reference)
Finished game 11 (candidate_reuse_move_facts vs reference): 1-0 {White mates}
Score of candidate_reuse_move_facts vs reference: 4 - 2 - 4  [0.600] 10
Elo difference: 70.44 +/- 185.84, LOS: 80.10 %, DrawRatio: 40.00 %
SPRT: llr 0.05 (1.6%), lbound -2.94, ubound 2.94
Started game 12 of 20 (reference vs candidate_reuse_move_facts)
Finished game 10 (reference vs candidate_reuse_move_facts): 1/2-1/2 {Draw by 3-fold repetition}
Score of candidate_reuse_move_facts vs reference: 4 - 2 - 5  [0.591] 11
Started game 13 of 20 (candidate_reuse_move_facts vs reference)
Finished game 12 (reference vs candidate_reuse_move_facts): 0-1 {Black mates}
Score of candidate_reuse_move_facts vs reference: 5 - 2 - 5  [0.625] 12
Started game 14 of 20 (reference vs candidate_reuse_move_facts)
Finished game 13 (candidate_reuse_move_facts vs reference): 0-1 {Black mates}
Score of candidate_reuse_move_facts vs reference: 5 - 3 - 5  [0.577] 13
Started game 15 of 20 (candidate_reuse_move_facts vs reference)
Finished game 14 (reference vs candidate_reuse_move_facts): 0-1 {Black mates}
Score of candidate_reuse_move_facts vs reference: 6 - 3 - 5  [0.607] 14
Started game 16 of 20 (reference vs candidate_reuse_move_facts)
Finished game 16 (reference vs candidate_reuse_move_facts): 1-0 {White mates}
Score of candidate_reuse_move_facts vs reference: 6 - 4 - 5  [0.567] 15
Started game 17 of 20 (candidate_reuse_move_facts vs reference)
Finished game 15 (candidate_reuse_move_facts vs reference): 0-1 {Black mates}
Score of candidate_reuse_move_facts vs reference: 6 - 5 - 5  [0.531] 16
Started game 18 of 20 (reference vs candidate_reuse_move_facts)
Finished game 17 (candidate_reuse_move_facts vs reference): 1-0 {White mates}
Score of candidate_reuse_move_facts vs reference: 7 - 5 - 5  [0.559] 17
Started game 19 of 20 (candidate_reuse_move_facts vs reference)
Finished game 18 (reference vs candidate_reuse_move_facts): 1-0 {White mates}
Score of candidate_reuse_move_facts vs reference: 7 - 6 - 5  [0.528] 18
Started game 20 of 20 (reference vs candidate_reuse_move_facts)
Finished game 19 (candidate_reuse_move_facts vs reference): 1-0 {White mates}
Score of candidate_reuse_move_facts vs reference: 8 - 6 - 5  [0.553] 19
Finished game 20 (reference vs candidate_reuse_move_facts): 0-1 {Black mates}
Score of candidate_reuse_move_facts vs reference: 9 - 6 - 5  [0.575] 20
Elo difference: 52.51 +/- 140.58, LOS: 78.42 %, DrawRatio: 25.00 %
SPRT: llr 0.05 (1.9%), lbound -2.94, ubound 2.94
Finished match
Total Time: 00:00:29 (hours:minutes:seconds)

