Indexing opening suite...
Started game 1 of 20 (candidate_version vs reference)
Warning; PV continues after threefold repetition - move e6f6 from candidate_version
Info; info depth 3 score cp 0 nodes 715 time 10 nps 71500 pv h7b7 e6f6 b7b6
Position; fen rnbqkbnr/pppp1ppp/8/4p3/4P3/8/PPPP1PPP/RNBQKBNR w KQkq - 0 1
Moves; b1c3 b8c6 a2a4 f8c5 d1g4 d8f6 g1f3 c6b4 c3d5 b4d5 e4d5 d7d6 f1b5 e8d8 g4e4 c8f5 e4e2 a7a6 b5d3 g8e7 d3f5 f6f5 c2c4 e5e4 f3h4 f5e5 g2g3 g7g5 h4g2 d8d7 d2d3 e4d3 e2e5 d6e5 c1g5 h8g8 g5e7 d7e7 e1c1 g8g4 b2b3 e5e4 g2e3 g4g6 e3f5 e7f6 f5e3 f6e5 h1e1 f7f5 f2f4 e5f6 c1b2 c5b4 e1f1 a8g8 e3g2 d3d2 b2c2 g6h6 g2h4 e4e3 c2d3 g8e8 d3e2 b4c5 a4a5 e8g8 b3b4 h6h4 g3h4 c5d4 e2d3 d4a7 c4c5 g8e8 d3e2 e8e4 f1f3 e4b4 f3e3 a7c5 e3e6 f6f7 d1d2 b4f4 d2c2 c5d6 c2b2 f4d4 b2b7 d4d5 e6d6 d5d6 b7c7 f7g6 e2e3 d6e6 e3f3 h7h5 c7b7 g6f6 b7h7 f6g6 h7b7 g6f6 b7h7 f6g6
Finished game 1 (candidate_version vs reference): 1/2-1/2 {Draw by 3-fold repetition}
Score of candidate_version vs reference: 0 - 0 - 1  [0.500] 1
Started game 2 of 20 (reference vs candidate_version)
Finished game 2 (reference vs candidate_version): 1-0 {White mates}
Score of candidate_version vs reference: 0 - 1 - 1  [0.250] 2
Started game 3 of 20 (candidate_version vs reference)
Finished game 3 (candidate_version vs reference): 0-1 {Black mates}
Score of candidate_version vs reference: 0 - 2 - 1  [0.167] 3
Started game 4 of 20 (reference vs candidate_version)
Finished game 4 (reference vs candidate_version): 0-1 {Black mates}
Score of candidate_version vs reference: 1 - 2 - 1  [0.375] 4
Started game 5 of 20 (candidate_version vs reference)
Finished game 5 (candidate_version vs reference): 1-0 {White mates}
Score of candidate_version vs reference: 2 - 2 - 1  [0.500] 5
Started game 6 of 20 (reference vs candidate_version)
Finished game 6 (reference vs candidate_version): 0-1 {Black mates}
Score of candidate_version vs reference: 3 - 2 - 1  [0.583] 6
Started game 7 of 20 (candidate_version vs reference)
Finished game 7 (candidate_version vs reference): 0-1 {Black mates}
Score of candidate_version vs reference: 3 - 3 - 1  [0.500] 7
Started game 8 of 20 (reference vs candidate_version)
Finished game 8 (reference vs candidate_version): 0-1 {Black mates}
Score of candidate_version vs reference: 4 - 3 - 1  [0.562] 8
Started game 9 of 20 (candidate_version vs reference)
Finished game 9 (candidate_version vs reference): 1-0 {White mates}
Score of candidate_version vs reference: 5 - 3 - 1  [0.611] 9
Started game 10 of 20 (reference vs candidate_version)
Finished game 10 (reference vs candidate_version): 0-1 {Black mates}
Score of candidate_version vs reference: 6 - 3 - 1  [0.650] 10
Elo difference: 107.54 +/- 269.05, LOS: 85.41 %, DrawRatio: 10.00 %
SPRT: llr 0.05 (1.6%), lbound -2.94, ubound 2.94
Started game 11 of 20 (candidate_version vs reference)
Finished game 11 (candidate_version vs reference): 0-1 {Black mates}
Score of candidate_version vs reference: 6 - 4 - 1  [0.591] 11
Started game 12 of 20 (reference vs candidate_version)
Finished game 12 (reference vs candidate_version): 1-0 {White mates}
Score of candidate_version vs reference: 6 - 5 - 1  [0.542] 12
Started game 13 of 20 (candidate_version vs reference)
Finished game 13 (candidate_version vs reference): 0-1 {Black mates}
Score of candidate_version vs reference: 6 - 6 - 1  [0.500] 13
Started game 14 of 20 (reference vs candidate_version)
Finished game 14 (reference vs candidate_version): 1-0 {White mates}
Score of candidate_version vs reference: 6 - 7 - 1  [0.464] 14
Started game 15 of 20 (candidate_version vs reference)
Finished game 15 (candidate_version vs reference): 1-0 {White mates}
Score of candidate_version vs reference: 7 - 7 - 1  [0.500] 15
Started game 16 of 20 (reference vs candidate_version)
Finished game 16 (reference vs candidate_version): 0-1 {Black mates}
Score of candidate_version vs reference: 8 - 7 - 1  [0.531] 16
Started game 17 of 20 (candidate_version vs reference)
Finished game 17 (candidate_version vs reference): 0-1 {Black mates}
Score of candidate_version vs reference: 8 - 8 - 1  [0.500] 17
Started game 18 of 20 (reference vs candidate_version)
Finished game 18 (reference vs candidate_version): 1/2-1/2 {Draw by insufficient mating material}
Score of candidate_version vs reference: 8 - 8 - 2  [0.500] 18
Started game 19 of 20 (candidate_version vs reference)
Finished game 19 (candidate_version vs reference): 0-1 {Black mates}
Score of candidate_version vs reference: 8 - 9 - 2  [0.474] 19
Started game 20 of 20 (reference vs candidate_version)
Finished game 20 (reference vs candidate_version): 1/2-1/2 {Draw by 3-fold repetition}
Score of candidate_version vs reference: 8 - 9 - 3  [0.475] 20
Elo difference: -17.39 +/- 149.13, LOS: 40.40 %, DrawRatio: 15.00 %
SPRT: llr -0.02 (0.7%), lbound -2.94, ubound 2.94
Finished match
Total Time: 00:03:10 (hours:minutes:seconds)

