Indexing opening suite...
Started game 1 of 300 (candidate_reuse_move_facts vs reference)
Started game 2 of 300 (reference vs candidate_reuse_move_facts)
Finished game 1 (candidate_reuse_move_facts vs reference): 0-1 {Black mates}
Score of candidate_reuse_move_facts vs reference: 0 - 1 - 0  [0.000] 1
Started game 3 of 300 (candidate_reuse_move_facts vs reference)
Finished game 2 (reference vs candidate_reuse_move_facts): 0-1 {Black mates}
Score of candidate_reuse_move_facts vs reference: 1 - 1 - 0  [0.500] 2
Started game 4 of 300 (reference vs candidate_reuse_move_facts)
Finished game 3 (candidate_reuse_move_facts vs reference): 0-1 {Black mates}
Score of candidate_reuse_move_facts vs reference: 1 - 2 - 0  [0.333] 3
Started game 5 of 300 (candidate_reuse_move_facts vs reference)
Finished game 4 (reference vs candidate_reuse_move_facts): 0-1 {Black mates}
Score of candidate_reuse_move_facts vs reference: 2 - 2 - 0  [0.500] 4
Started game 6 of 300 (reference vs candidate_reuse_move_facts)
Finished game 5 (candidate_reuse_move_facts vs reference): 0-1 {Black mates}
Score of candidate_reuse_move_facts vs reference: 2 - 3 - 0  [0.400] 5
Started game 7 of 300 (candidate_reuse_move_facts vs reference)
Finished game 6 (reference vs candidate_reuse_move_facts): 0-1 {Black mates}
Score of candidate_reuse_move_facts vs reference: 3 - 3 - 0  [0.500] 6
Started game 8 of 300 (reference vs candidate_reuse_move_facts)
Finished game 8 (reference vs candidate_reuse_move_facts): 1-0 {White mates}
Score of candidate_reuse_move_facts vs reference: 3 - 4 - 0  [0.429] 7
Started game 9 of 300 (candidate_reuse_move_facts vs reference)
Finished game 7 (candidate_reuse_move_facts vs reference): 0-1 {Black mates}
Score of candidate_reuse_move_facts vs reference: 3 - 5 - 0  [0.375] 8
Started game 10 of 300 (reference vs candidate_reuse_move_facts)
Finished game 10 (reference vs candidate_reuse_move_facts): 1/2-1/2 {Draw by 3-fold repetition}
Score of candidate_reuse_move_facts vs reference: 3 - 5 - 1  [0.389] 9
Started game 11 of 300 (candidate_reuse_move_facts vs reference)
Finished game 9 (candidate_reuse_move_facts vs reference): 0-1 {Black mates}
Score of candidate_reuse_move_facts vs reference: 3 - 6 - 1  [0.350] 10
Elo difference: -107.54 +/- 269.05, LOS: 14.59 %, DrawRatio: 10.00 %
SPRT: llr -0.05 (1.7%), lbound -2.94, ubound 2.94
Started game 12 of 300 (reference vs candidate_reuse_move_facts)
Finished game 12 (reference vs candidate_reuse_move_facts): 0-1 {Black mates}
Score of candidate_reuse_move_facts vs reference: 4 - 6 - 1  [0.409] 11
Started game 13 of 300 (candidate_reuse_move_facts vs reference)
Finished game 11 (candidate_reuse_move_facts vs reference): 1-0 {White mates}
Score of candidate_reuse_move_facts vs reference: 5 - 6 - 1  [0.458] 12
Started game 14 of 300 (reference vs candidate_reuse_move_facts)
Finished game 14 (reference vs candidate_reuse_move_facts): 0-1 {Black mates}
Score of candidate_reuse_move_facts vs reference: 6 - 6 - 1  [0.500] 13
Started game 15 of 300 (candidate_reuse_move_facts vs reference)
Finished game 13 (candidate_reuse_move_facts vs reference): 1-0 {White mates}
Score of candidate_reuse_move_facts vs reference: 7 - 6 - 1  [0.536] 14
Started game 16 of 300 (reference vs candidate_reuse_move_facts)
Finished game 16 (reference vs candidate_reuse_move_facts): 0-1 {Black mates}
Score of candidate_reuse_move_facts vs reference: 8 - 6 - 1  [0.567] 15
Started game 17 of 300 (candidate_reuse_move_facts vs reference)
Finished game 15 (candidate_reuse_move_facts vs reference): 1/2-1/2 {Draw by fifty moves rule}
Score of candidate_reuse_move_facts vs reference: 8 - 6 - 2  [0.562] 16
Started game 18 of 300 (reference vs candidate_reuse_move_facts)
Finished game 18 (reference vs candidate_reuse_move_facts): 0-1 {Black mates}
Score of candidate_reuse_move_facts vs reference: 9 - 6 - 2  [0.588] 17
Started game 19 of 300 (candidate_reuse_move_facts vs reference)
Finished game 17 (candidate_reuse_move_facts vs reference): 1/2-1/2 {Draw by fifty moves rule}
Score of candidate_reuse_move_facts vs reference: 9 - 6 - 3  [0.583] 18
Started game 20 of 300 (reference vs candidate_reuse_move_facts)
Finished game 20 (reference vs candidate_reuse_move_facts): 1-0 {White mates}
Score of candidate_reuse_move_facts vs reference: 9 - 7 - 3  [0.553] 19
Started game 21 of 300 (candidate_reuse_move_facts vs reference)
Finished game 19 (candidate_reuse_move_facts vs reference): 0-1 {Black mates}
Score of candidate_reuse_move_facts vs reference: 9 - 8 - 3  [0.525] 20
Elo difference: 17.39 +/- 149.13, LOS: 59.60 %, DrawRatio: 15.00 %
SPRT: llr 0.01 (0.5%), lbound -2.94, ubound 2.94
Started game 22 of 300 (reference vs candidate_reuse_move_facts)
Finished game 21 (candidate_reuse_move_facts vs reference): 1-0 {White mates}
Score of candidate_reuse_move_facts vs reference: 10 - 8 - 3  [0.548] 21
Started game 23 of 300 (candidate_reuse_move_facts vs reference)
Finished game 22 (reference vs candidate_reuse_move_facts): 1-0 {White mates}
Score of candidate_reuse_move_facts vs reference: 10 - 9 - 3  [0.523] 22
Started game 24 of 300 (reference vs candidate_reuse_move_facts)
Finished game 23 (candidate_reuse_move_facts vs reference): 0-1 {Black mates}
Score of candidate_reuse_move_facts vs reference: 10 - 10 - 3  [0.500] 23
Started game 25 of 300 (candidate_reuse_move_facts vs reference)
Finished game 24 (reference vs candidate_reuse_move_facts): 0-1 {Black mates}
Score of candidate_reuse_move_facts vs reference: 11 - 10 - 3  [0.521] 24
Started game 26 of 300 (reference vs candidate_reuse_move_facts)
Finished game 26 (reference vs candidate_reuse_move_facts): 0-1 {Black mates}
Score of candidate_reuse_move_facts vs reference: 12 - 10 - 3  [0.540] 25
Started game 27 of 300 (candidate_reuse_move_facts vs reference)
Warning; PV continues after threefold repetition - move d2e2 from reference
Info; info depth 2 score cp 0 nodes 26 time 0 nps 26000 pv d4c4 d2e2
Position; fen rn2kbnr/pp1qpppp/3p4/2p5/4P3/5N2/PPPP1PPP/RNBQK2R w KQkq - 0 1
Moves; d2d3 d7g4 h2h3 g4g2 h1h2 g2g6 b1c3 b8c6 c3d5 a8d8 c1f4 g8f6 f3h4 g6g1 e1d2 g1d1 a1d1 f6d5 e4d5 c6b4 c2c4 h8g8 h2g2 b4a2 d1a1 a2b4 a1a7 d8d7 a7a8 d7d8 a8a7 b7b5 g2g5 f7f6 g5g4 g7g5 h4f5 d8d7 a7a1 h7h5 g4g1 g8g6 d2c3 d7d8 f4e3 g5g4 h3g4 g6g4 g1g4 h5g4 b2b3 d8b8 e3f4 e8f7 f4h6 f7e8 h6f4 b5c4 d3c4 e8d7 f5e3 f8g7 a1a7 d7e8 c3d2 g7f8 a7a4 e8d7 d2c3 f8g7 c3d2 b8h8 a4a7 d7d8 a7a8 d8d7 a8h8 g7h8 e3g4 f6f5 g4e3 e7e5 d5e6 d7e6 e3c2 b4c2 d2c2 h8d4 f2f3 d4e5 f4e5 e6e5 c2d3 f5f4 d3c3 e5f5 c3d3 f5e5 d3c3 e5e6 c3c2 d6d5 c4d5 e6d6 c2d3 d6d5 d3c3 d5e5 c3c4 e5d6 c4c3 d6e5 c3c2 e5d4 c2d2 c5c4 b3c4 d4c4 d2c2 c4d4 c2d2 d4c4 d2c2 c4d4 c2d2
Warning; PV continues after threefold repetition - move d2e2 from reference
Info; info depth 3 score cp 0 nodes 51 time 0 nps 51000 pv d4c4 d2e2 c4d4
Position; fen rn2kbnr/pp1qpppp/3p4/2p5/4P3/5N2/PPPP1PPP/RNBQK2R w KQkq - 0 1
Moves; d2d3 d7g4 h2h3 g4g2 h1h2 g2g6 b1c3 b8c6 c3d5 a8d8 c1f4 g8f6 f3h4 g6g1 e1d2 g1d1 a1d1 f6d5 e4d5 c6b4 c2c4 h8g8 h2g2 b4a2 d1a1 a2b4 a1a7 d8d7 a7a8 d7d8 a8a7 b7b5 g2g5 f7f6 g5g4 g7g5 h4f5 d8d7 a7a1 h7h5 g4g1 g8g6 d2c3 d7d8 f4e3 g5g4 h3g4 g6g4 g1g4 h5g4 b2b3 d8b8 e3f4 e8f7 f4h6 f7e8 h6f4 b5c4 d3c4 e8d7 f5e3 f8g7 a1a7 d7e8 c3d2 g7f8 a7a4 e8d7 d2c3 f8g7 c3d2 b8h8 a4a7 d7d8 a7a8 d8d7 a8h8 g7h8 e3g4 f6f5 g4e3 e7e5 d5e6 d7e6 e3c2 b4c2 d2c2 h8d4 f2f3 d4e5 f4e5 e6e5 c2d3 f5f4 d3c3 e5f5 c3d3 f5e5 d3c3 e5e6 c3c2 d6d5 c4d5 e6d6 c2d3 d6d5 d3c3 d5e5 c3c4 e5d6 c4c3 d6e5 c3c2 e5d4 c2d2 c5c4 b3c4 d4c4 d2c2 c4d4 c2d2 d4c4 d2c2 c4d4 c2d2
Warning; PV continues after threefold repetition - move d2e1 from reference
Info; info depth 4 score cp 0 nodes 125 time 1 nps 125000 pv d4c4 d2e1 c4d3 e1f2
Position; fen rn2kbnr/pp1qpppp/3p4/2p5/4P3/5N2/PPPP1PPP/RNBQK2R w KQkq - 0 1
Moves; d2d3 d7g4 h2h3 g4g2 h1h2 g2g6 b1c3 b8c6 c3d5 a8d8 c1f4 g8f6 f3h4 g6g1 e1d2 g1d1 a1d1 f6d5 e4d5 c6b4 c2c4 h8g8 h2g2 b4a2 d1a1 a2b4 a1a7 d8d7 a7a8 d7d8 a8a7 b7b5 g2g5 f7f6 g5g4 g7g5 h4f5 d8d7 a7a1 h7h5 g4g1 g8g6 d2c3 d7d8 f4e3 g5g4 h3g4 g6g4 g1g4 h5g4 b2b3 d8b8 e3f4 e8f7 f4h6 f7e8 h6f4 b5c4 d3c4 e8d7 f5e3 f8g7 a1a7 d7e8 c3d2 g7f8 a7a4 e8d7 d2c3 f8g7 c3d2 b8h8 a4a7 d7d8 a7a8 d8d7 a8h8 g7h8 e3g4 f6f5 g4e3 e7e5 d5e6 d7e6 e3c2 b4c2 d2c2 h8d4 f2f3 d4e5 f4e5 e6e5 c2d3 f5f4 d3c3 e5f5 c3d3 f5e5 d3c3 e5e6 c3c2 d6d5 c4d5 e6d6 c2d3 d6d5 d3c3 d5e5 c3c4 e5d6 c4c3 d6e5 c3c2 e5d4 c2d2 c5c4 b3c4 d4c4 d2c2 c4d4 c2d2 d4c4 d2c2 c4d4 c2d2
Warning; PV continues after threefold repetition - move d2e1 from reference
Info; info depth 5 score cp 0 nodes 269 time 2 nps 134500 pv d4c4 d2e1 c4d3 e1f2 d3d4
Position; fen rn2kbnr/pp1qpppp/3p4/2p5/4P3/5N2/PPPP1PPP/RNBQK2R w KQkq - 0 1
Moves; d2d3 d7g4 h2h3 g4g2 h1h2 g2g6 b1c3 b8c6 c3d5 a8d8 c1f4 g8f6 f3h4 g6g1 e1d2 g1d1 a1d1 f6d5 e4d5 c6b4 c2c4 h8g8 h2g2 b4a2 d1a1 a2b4 a1a7 d8d7 a7a8 d7d8 a8a7 b7b5 g2g5 f7f6 g5g4 g7g5 h4f5 d8d7 a7a1 h7h5 g4g1 g8g6 d2c3 d7d8 f4e3 g5g4 h3g4 g6g4 g1g4 h5g4 b2b3 d8b8 e3f4 e8f7 f4h6 f7e8 h6f4 b5c4 d3c4 e8d7 f5e3 f8g7 a1a7 d7e8 c3d2 g7f8 a7a4 e8d7 d2c3 f8g7 c3d2 b8h8 a4a7 d7d8 a7a8 d8d7 a8h8 g7h8 e3g4 f6f5 g4e3 e7e5 d5e6 d7e6 e3c2 b4c2 d2c2 h8d4 f2f3 d4e5 f4e5 e6e5 c2d3 f5f4 d3c3 e5f5 c3d3 f5e5 d3c3 e5e6 c3c2 d6d5 c4d5 e6d6 c2d3 d6d5 d3c3 d5e5 c3c4 e5d6 c4c3 d6e5 c3c2 e5d4 c2d2 c5c4 b3c4 d4c4 d2c2 c4d4 c2d2 d4c4 d2c2 c4d4 c2d2
Warning; PV continues after threefold repetition - move d2e1 from reference
Info; info depth 6 score cp 0 nodes 878 time 10 nps 87800 pv d4c4 d2e1 c4d5 e1f2 d5d4 f2e2
Position; fen rn2kbnr/pp1qpppp/3p4/2p5/4P3/5N2/PPPP1PPP/RNBQK2R w KQkq - 0 1
Moves; d2d3 d7g4 h2h3 g4g2 h1h2 g2g6 b1c3 b8c6 c3d5 a8d8 c1f4 g8f6 f3h4 g6g1 e1d2 g1d1 a1d1 f6d5 e4d5 c6b4 c2c4 h8g8 h2g2 b4a2 d1a1 a2b4 a1a7 d8d7 a7a8 d7d8 a8a7 b7b5 g2g5 f7f6 g5g4 g7g5 h4f5 d8d7 a7a1 h7h5 g4g1 g8g6 d2c3 d7d8 f4e3 g5g4 h3g4 g6g4 g1g4 h5g4 b2b3 d8b8 e3f4 e8f7 f4h6 f7e8 h6f4 b5c4 d3c4 e8d7 f5e3 f8g7 a1a7 d7e8 c3d2 g7f8 a7a4 e8d7 d2c3 f8g7 c3d2 b8h8 a4a7 d7d8 a7a8 d8d7 a8h8 g7h8 e3g4 f6f5 g4e3 e7e5 d5e6 d7e6 e3c2 b4c2 d2c2 h8d4 f2f3 d4e5 f4e5 e6e5 c2d3 f5f4 d3c3 e5f5 c3d3 f5e5 d3c3 e5e6 c3c2 d6d5 c4d5 e6d6 c2d3 d6d5 d3c3 d5e5 c3c4 e5d6 c4c3 d6e5 c3c2 e5d4 c2d2 c5c4 b3c4 d4c4 d2c2 c4d4 c2d2 d4c4 d2c2 c4d4 c2d2
Warning; PV continues after threefold repetition - move d2e1 from reference
Info; info depth 6 score cp 0 nodes 1257 time 14 nps 89785 pv d4c4 d2e1 c4d5 e1f2 d5d4 f2e2
Position; fen rn2kbnr/pp1qpppp/3p4/2p5/4P3/5N2/PPPP1PPP/RNBQK2R w KQkq - 0 1
Moves; d2d3 d7g4 h2h3 g4g2 h1h2 g2g6 b1c3 b8c6 c3d5 a8d8 c1f4 g8f6 f3h4 g6g1 e1d2 g1d1 a1d1 f6d5 e4d5 c6b4 c2c4 h8g8 h2g2 b4a2 d1a1 a2b4 a1a7 d8d7 a7a8 d7d8 a8a7 b7b5 g2g5 f7f6 g5g4 g7g5 h4f5 d8d7 a7a1 h7h5 g4g1 g8g6 d2c3 d7d8 f4e3 g5g4 h3g4 g6g4 g1g4 h5g4 b2b3 d8b8 e3f4 e8f7 f4h6 f7e8 h6f4 b5c4 d3c4 e8d7 f5e3 f8g7 a1a7 d7e8 c3d2 g7f8 a7a4 e8d7 d2c3 f8g7 c3d2 b8h8 a4a7 d7d8 a7a8 d8d7 a8h8 g7h8 e3g4 f6f5 g4e3 e7e5 d5e6 d7e6 e3c2 b4c2 d2c2 h8d4 f2f3 d4e5 f4e5 e6e5 c2d3 f5f4 d3c3 e5f5 c3d3 f5e5 d3c3 e5e6 c3c2 d6d5 c4d5 e6d6 c2d3 d6d5 d3c3 d5e5 c3c4 e5d6 c4c3 d6e5 c3c2 e5d4 c2d2 c5c4 b3c4 d4c4 d2c2 c4d4 c2d2 d4c4 d2c2 c4d4 c2d2
Finished game 25 (candidate_reuse_move_facts vs reference): 1/2-1/2 {Draw by 3-fold repetition}
Score of candidate_reuse_move_facts vs reference: 12 - 10 - 4  [0.538] 26
Started game 28 of 300 (reference vs candidate_reuse_move_facts)
Finished game 27 (candidate_reuse_move_facts vs reference): 1-0 {White mates}
Score of candidate_reuse_move_facts vs reference: 13 - 10 - 4  [0.556] 27
Started game 29 of 300 (candidate_reuse_move_facts vs reference)
Finished game 28 (reference vs candidate_reuse_move_facts): 1-0 {White mates}
Score of candidate_reuse_move_facts vs reference: 13 - 11 - 4  [0.536] 28
Started game 30 of 300 (reference vs candidate_reuse_move_facts)
Finished game 30 (reference vs candidate_reuse_move_facts): 1-0 {White mates}
Score of candidate_reuse_move_facts vs reference: 13 - 12 - 4  [0.517] 29
Started game 31 of 300 (candidate_reuse_move_facts vs reference)
Finished game 29 (candidate_reuse_move_facts vs reference): 0-1 {Black mates}
Score of candidate_reuse_move_facts vs reference: 13 - 13 - 4  [0.500] 30
Elo difference: -0.00 +/- 120.33, LOS: 50.00 %, DrawRatio: 13.33 %
SPRT: llr -0.00 (0.1%), lbound -2.94, ubound 2.94
Started game 32 of 300 (reference vs candidate_reuse_move_facts)
Finished game 32 (reference vs candidate_reuse_move_facts): 1-0 {White mates}
Score of candidate_reuse_move_facts vs reference: 13 - 14 - 4  [0.484] 31
Started game 33 of 300 (candidate_reuse_move_facts vs reference)
Finished game 31 (candidate_reuse_move_facts vs reference): 1-0 {White mates}
Score of candidate_reuse_move_facts vs reference: 14 - 14 - 4  [0.500] 32
Started game 34 of 300 (reference vs candidate_reuse_move_facts)
Finished game 33 (candidate_reuse_move_facts vs reference): 0-1 {Black mates}
Score of candidate_reuse_move_facts vs reference: 14 - 15 - 4  [0.485] 33
Started game 35 of 300 (candidate_reuse_move_facts vs reference)
Finished game 34 (reference vs candidate_reuse_move_facts): 0-1 {Black mates}
Score of candidate_reuse_move_facts vs reference: 15 - 15 - 4  [0.500] 34
Started game 36 of 300 (reference vs candidate_reuse_move_facts)
Finished game 35 (candidate_reuse_move_facts vs reference): 1-0 {White mates}
Score of candidate_reuse_move_facts vs reference: 16 - 15 - 4  [0.514] 35
Started game 37 of 300 (candidate_reuse_move_facts vs reference)
Finished game 36 (reference vs candidate_reuse_move_facts): 0-1 {Black mates}
Score of candidate_reuse_move_facts vs reference: 17 - 15 - 4  [0.528] 36
Started game 38 of 300 (reference vs candidate_reuse_move_facts)
Finished game 37 (candidate_reuse_move_facts vs reference): 1/2-1/2 {Draw by fifty moves rule}
Score of candidate_reuse_move_facts vs reference: 17 - 15 - 5  [0.527] 37
Started game 39 of 300 (candidate_reuse_move_facts vs reference)
Finished game 38 (reference vs candidate_reuse_move_facts): 1-0 {White mates}
Score of candidate_reuse_move_facts vs reference: 17 - 16 - 5  [0.513] 38
Started game 40 of 300 (reference vs candidate_reuse_move_facts)
Finished game 40 (reference vs candidate_reuse_move_facts): 1-0 {White mates}
Score of candidate_reuse_move_facts vs reference: 17 - 17 - 5  [0.500] 39
Started game 41 of 300 (candidate_reuse_move_facts vs reference)
Finished game 39 (candidate_reuse_move_facts vs reference): 1-0 {White mates}
Score of candidate_reuse_move_facts vs reference: 18 - 17 - 5  [0.512] 40
Elo difference: 8.69 +/- 103.72, LOS: 56.71 %, DrawRatio: 12.50 %
SPRT: llr 0.01 (0.4%), lbound -2.94, ubound 2.94
Started game 42 of 300 (reference vs candidate_reuse_move_facts)
Finished game 42 (reference vs candidate_reuse_move_facts): 1-0 {White mates}
Score of candidate_reuse_move_facts vs reference: 18 - 18 - 5  [0.500] 41
Started game 43 of 300 (candidate_reuse_move_facts vs reference)
Finished game 41 (candidate_reuse_move_facts vs reference): 0-1 {Black mates}
Score of candidate_reuse_move_facts vs reference: 18 - 19 - 5  [0.488] 42
Started game 44 of 300 (reference vs candidate_reuse_move_facts)
Warning; PV continues after threefold repetition - move f5h7 from reference
Info; info depth 2 score cp 0 nodes 209 time 4 nps 52250 pv d1d2 f5h7
Position; fen r1bqk2r/pppp1ppp/2nb1n2/1B2p3/8/1P2P3/PBPP1PPP/RN1QK1NR w KQkq - 0 1
Moves; d1f3 e5e4 f3f5 c6e7 f5g5 e7g6 h2h4 h7h6 g5f5 g6e7 f5h3 c7c6 b2f6 g7f6 b5e2 d6e5 b1c3 d8a5 a1d1 e5c3 d2c3 d7d5 e2g4 f6f5 g4e2 f5f4 g2g4 a5c3 d1d2 f4f3 e2f1 h8g8 h3g3 c3a1 d2d1 a1a2 g3d6 a2c2 d6h6 g8g4 h6h5 c2b3 h5e5 c8e6 h4h5 a7a5 d1d2 b3b1 d2d1 b1c2 d1d2 c2b1 d2d1 b1b4 d1d2 g4g8 g1h3 b4b1 d2d1 b1b4 d1d2 b7b5 h3f4 b4b1 d2d1 b1b4 d1d2 e6f5 h5h6 b4b1 d2d1 b1c2 d1d2 c2b1 d2d1 b1b4 d1d2 a5a4 h6h7 b4b1 d2d1 b1b4 d1d2 b4b1 d2d1 b1b4
Warning; PV continues after threefold repetition - move f5h7 from reference
Info; info depth 3 score cp 0 nodes 568 time 10 nps 56800 pv d1d2 f5h7 h1h7
Position; fen r1bqk2r/pppp1ppp/2nb1n2/1B2p3/8/1P2P3/PBPP1PPP/RN1QK1NR w KQkq - 0 1
Moves; d1f3 e5e4 f3f5 c6e7 f5g5 e7g6 h2h4 h7h6 g5f5 g6e7 f5h3 c7c6 b2f6 g7f6 b5e2 d6e5 b1c3 d8a5 a1d1 e5c3 d2c3 d7d5 e2g4 f6f5 g4e2 f5f4 g2g4 a5c3 d1d2 f4f3 e2f1 h8g8 h3g3 c3a1 d2d1 a1a2 g3d6 a2c2 d6h6 g8g4 h6h5 c2b3 h5e5 c8e6 h4h5 a7a5 d1d2 b3b1 d2d1 b1c2 d1d2 c2b1 d2d1 b1b4 d1d2 g4g8 g1h3 b4b1 d2d1 b1b4 d1d2 b7b5 h3f4 b4b1 d2d1 b1b4 d1d2 e6f5 h5h6 b4b1 d2d1 b1c2 d1d2 c2b1 d2d1 b1b4 d1d2 a5a4 h6h7 b4b1 d2d1 b1b4 d1d2 b4b1 d2d1 b1b4
Warning; PV continues after threefold repetition - move f5h7 from reference
Info; info depth 3 score cp 0 nodes 1149 time 17 nps 67588 pv d1d2 f5h7 h1h7
Position; fen r1bqk2r/pppp1ppp/2nb1n2/1B2p3/8/1P2P3/PBPP1PPP/RN1QK1NR w KQkq - 0 1
Moves; d1f3 e5e4 f3f5 c6e7 f5g5 e7g6 h2h4 h7h6 g5f5 g6e7 f5h3 c7c6 b2f6 g7f6 b5e2 d6e5 b1c3 d8a5 a1d1 e5c3 d2c3 d7d5 e2g4 f6f5 g4e2 f5f4 g2g4 a5c3 d1d2 f4f3 e2f1 h8g8 h3g3 c3a1 d2d1 a1a2 g3d6 a2c2 d6h6 g8g4 h6h5 c2b3 h5e5 c8e6 h4h5 a7a5 d1d2 b3b1 d2d1 b1c2 d1d2 c2b1 d2d1 b1b4 d1d2 g4g8 g1h3 b4b1 d2d1 b1b4 d1d2 b7b5 h3f4 b4b1 d2d1 b1b4 d1d2 e6f5 h5h6 b4b1 d2d1 b1c2 d1d2 c2b1 d2d1 b1b4 d1d2 a5a4 h6h7 b4b1 d2d1 b1b4 d1d2 b4b1 d2d1 b1b4
Finished game 44 (reference vs candidate_reuse_move_facts): 1/2-1/2 {Draw by 3-fold repetition}
Score of candidate_reuse_move_facts vs reference: 18 - 19 - 6  [0.488] 43
Started game 45 of 300 (candidate_reuse_move_facts vs reference)
Finished game 43 (candidate_reuse_move_facts vs reference): 1/2-1/2 {Draw by insufficient mating material}
Score of candidate_reuse_move_facts vs reference: 18 - 19 - 7  [0.489] 44
Started game 46 of 300 (reference vs candidate_reuse_move_facts)
Finished game 45 (candidate_reuse_move_facts vs reference): 0-1 {Black mates}
Score of candidate_reuse_move_facts vs reference: 18 - 20 - 7  [0.478] 45
Started game 47 of 300 (candidate_reuse_move_facts vs reference)
Finished game 46 (reference vs candidate_reuse_move_facts): 0-1 {Black mates}
Score of candidate_reuse_move_facts vs reference: 19 - 20 - 7  [0.489] 46
Started game 48 of 300 (reference vs candidate_reuse_move_facts)
Finished game 47 (candidate_reuse_move_facts vs reference): 0-1 {Black mates}
Score of candidate_reuse_move_facts vs reference: 19 - 21 - 7  [0.479] 47
Started game 49 of 300 (candidate_reuse_move_facts vs reference)
Finished game 48 (reference vs candidate_reuse_move_facts): 0-1 {Black mates}
Score of candidate_reuse_move_facts vs reference: 20 - 21 - 7  [0.490] 48
Started game 50 of 300 (reference vs candidate_reuse_move_facts)
Finished game 49 (candidate_reuse_move_facts vs reference): 1/2-1/2 {Draw by 3-fold repetition}
Score of candidate_reuse_move_facts vs reference: 20 - 21 - 8  [0.490] 49
Started game 51 of 300 (candidate_reuse_move_facts vs reference)
Finished game 50 (reference vs candidate_reuse_move_facts): 1/2-1/2 {Draw by 3-fold repetition}
Score of candidate_reuse_move_facts vs reference: 20 - 21 - 9  [0.490] 50
Elo difference: -6.95 +/- 89.13, LOS: 43.79 %, DrawRatio: 18.00 %
SPRT: llr -0.02 (0.8%), lbound -2.94, ubound 2.94
Started game 52 of 300 (reference vs candidate_reuse_move_facts)
Finished game 51 (candidate_reuse_move_facts vs reference): 0-1 {Black mates}
Score of candidate_reuse_move_facts vs reference: 20 - 22 - 9  [0.480] 51
Started game 53 of 300 (candidate_reuse_move_facts vs reference)
Finished game 52 (reference vs candidate_reuse_move_facts): 0-1 {Black mates}
Score of candidate_reuse_move_facts vs reference: 21 - 22 - 9  [0.490] 52
Started game 54 of 300 (reference vs candidate_reuse_move_facts)
Finished game 53 (candidate_reuse_move_facts vs reference): 1-0 {White mates}
Score of candidate_reuse_move_facts vs reference: 22 - 22 - 9  [0.500] 53
Started game 55 of 300 (candidate_reuse_move_facts vs reference)
Finished game 55 (candidate_reuse_move_facts vs reference): 0-1 {Black mates}
Score of candidate_reuse_move_facts vs reference: 22 - 23 - 9  [0.491] 54
Started game 56 of 300 (reference vs candidate_reuse_move_facts)
Finished game 54 (reference vs candidate_reuse_move_facts): 1-0 {White mates}
Score of candidate_reuse_move_facts vs reference: 22 - 24 - 9  [0.482] 55
Started game 57 of 300 (candidate_reuse_move_facts vs reference)
Finished game 56 (reference vs candidate_reuse_move_facts): 0-1 {Black mates}
Score of candidate_reuse_move_facts vs reference: 23 - 24 - 9  [0.491] 56
Started game 58 of 300 (reference vs candidate_reuse_move_facts)
Finished game 57 (candidate_reuse_move_facts vs reference): 1-0 {White mates}
Score of candidate_reuse_move_facts vs reference: 24 - 24 - 9  [0.500] 57
Started game 59 of 300 (candidate_reuse_move_facts vs reference)
Finished game 58 (reference vs candidate_reuse_move_facts): 1/2-1/2 {Draw by fifty moves rule}
Score of candidate_reuse_move_facts vs reference: 24 - 24 - 10  [0.500] 58
Started game 60 of 300 (reference vs candidate_reuse_move_facts)
Finished game 59 (candidate_reuse_move_facts vs reference): 1-0 {White mates}
Score of candidate_reuse_move_facts vs reference: 25 - 24 - 10  [0.508] 59
Started game 61 of 300 (candidate_reuse_move_facts vs reference)
Finished game 60 (reference vs candidate_reuse_move_facts): 0-1 {Black mates}
Score of candidate_reuse_move_facts vs reference: 26 - 24 - 10  [0.517] 60
Elo difference: 11.59 +/- 81.77, LOS: 61.14 %, DrawRatio: 16.67 %
SPRT: llr 0.03 (0.9%), lbound -2.94, ubound 2.94
Started game 62 of 300 (reference vs candidate_reuse_move_facts)
Finished game 61 (candidate_reuse_move_facts vs reference): 1/2-1/2 {Draw by fifty moves rule}
Score of candidate_reuse_move_facts vs reference: 26 - 24 - 11  [0.516] 61
Started game 63 of 300 (candidate_reuse_move_facts vs reference)
Finished game 62 (reference vs candidate_reuse_move_facts): 1-0 {White mates}
Score of candidate_reuse_move_facts vs reference: 26 - 25 - 11  [0.508] 62
Started game 64 of 300 (reference vs candidate_reuse_move_facts)
Finished game 64 (reference vs candidate_reuse_move_facts): 0-1 {Black mates}
Score of candidate_reuse_move_facts vs reference: 27 - 25 - 11  [0.516] 63
Started game 65 of 300 (candidate_reuse_move_facts vs reference)
Finished game 63 (candidate_reuse_move_facts vs reference): 1-0 {White mates}
Score of candidate_reuse_move_facts vs reference: 28 - 25 - 11  [0.523] 64
Started game 66 of 300 (reference vs candidate_reuse_move_facts)
Finished game 65 (candidate_reuse_move_facts vs reference): 0-1 {Black mates}
Score of candidate_reuse_move_facts vs reference: 28 - 26 - 11  [0.515] 65
Started game 67 of 300 (candidate_reuse_move_facts vs reference)
Warning; PV continues after threefold repetition - move e1d2 from candidate_reuse_move_facts
Info; info depth 2 score cp 0 nodes 274 time 3 nps 91333 pv e8g8 e1d2
Position; fen rn2kbnr/pp1qpppp/3p4/2p5/4P3/5N2/PPPP1PPP/RNBQK2R w KQkq - 0 1
Moves; d2d3 d7g4 h2h3 g4g2 h1h2 g2g6 c1e3 b8c6 b1c3 g8f6 e1e2 g6h5 c3b5 a8d8 a2a4 a7a6 b5c3 d6d5 e4d5 c6e5 d1h1 f6d5 c3d5 d8d5 a1g1 f7f6 h3h4 b7b5 a4b5 a6b5 g1a1 e7e6 a1a6 h5g4 h4h5 f8e7 h2h4 g4f3 h1f3 e5f3 e2f3 f6f5 a6e6 e8f7 e6e7 f7e7 b2b4 c5b4 e3g5 e7f7 h4b4 h8c8 b4b2 g7g6 h5g6 h7g6 b2a2 d5d7 g5f4 d7e7 f4g5 e7c7 a2b2 c7c2 b2b5 c2c3 f3e3 c3c2 f2f4 c8e8 b5e5 e8e5 f4e5 f7e6 d3d4 c2c3 e3d2 c3a3 d2e2 e6d5 g5e7 a3b3 e7c5 f5f4 e2d1 f4f3 d1e1 g6g5 e1f2 b3c3 f2g3 c3b3 c5a7 d5e4 e5e6 b3b2 e6e7 b2g2 g3h3 g5g4 h3h4 g2h2 h4g4 h2h8 g4g3 h8g8 g3f2 g8g2 f2f1 g2g8 a7c5 g8b8 f1e1 b8g8 e1f1 g8b8 f1e1 b8g8 e1f2 g8c8 f2g3 c8g8 g3f2 g8c8 f2f1 c8e8 f1e1
Finished game 66 (reference vs candidate_reuse_move_facts): 1/2-1/2 {Draw by 3-fold repetition}
Score of candidate_reuse_move_facts vs reference: 28 - 26 - 12  [0.515] 66
Started game 68 of 300 (reference vs candidate_reuse_move_facts)
Finished game 67 (candidate_reuse_move_facts vs reference): 1/2-1/2 {Draw by 3-fold repetition}
Score of candidate_reuse_move_facts vs reference: 28 - 26 - 13  [0.515] 67
Started game 69 of 300 (candidate_reuse_move_facts vs reference)
Finished game 69 (candidate_reuse_move_facts vs reference): 1-0 {White mates}
Score of candidate_reuse_move_facts vs reference: 29 - 26 - 13  [0.522] 68
Started game 70 of 300 (reference vs candidate_reuse_move_facts)
Finished game 68 (reference vs candidate_reuse_move_facts): 0-1 {Black mates}
Score of candidate_reuse_move_facts vs reference: 30 - 26 - 13  [0.529] 69
Started game 71 of 300 (candidate_reuse_move_facts vs reference)
Finished game 71 (candidate_reuse_move_facts vs reference): 1-0 {White mates}
Score of candidate_reuse_move_facts vs reference: 31 - 26 - 13  [0.536] 70
Elo difference: 24.86 +/- 74.74, LOS: 74.68 %, DrawRatio: 18.57 %
SPRT: llr 0.08 (2.7%), lbound -2.94, ubound 2.94
Started game 72 of 300 (reference vs candidate_reuse_move_facts)
Finished game 70 (reference vs candidate_reuse_move_facts): 1-0 {White mates}
Score of candidate_reuse_move_facts vs reference: 31 - 27 - 13  [0.528] 71
Started game 73 of 300 (candidate_reuse_move_facts vs reference)
Finished game 73 (candidate_reuse_move_facts vs reference): 0-1 {Black mates}
Score of candidate_reuse_move_facts vs reference: 31 - 28 - 13  [0.521] 72
Started game 74 of 300 (reference vs candidate_reuse_move_facts)
Finished game 72 (reference vs candidate_reuse_move_facts): 1/2-1/2 {Draw by fifty moves rule}
Score of candidate_reuse_move_facts vs reference: 31 - 28 - 14  [0.521] 73
Started game 75 of 300 (candidate_reuse_move_facts vs reference)
Finished game 75 (candidate_reuse_move_facts vs reference): 0-1 {Black mates}
Score of candidate_reuse_move_facts vs reference: 31 - 29 - 14  [0.514] 74
Started game 76 of 300 (reference vs candidate_reuse_move_facts)
Finished game 74 (reference vs candidate_reuse_move_facts): 1-0 {White mates}
Score of candidate_reuse_move_facts vs reference: 31 - 30 - 14  [0.507] 75
Started game 77 of 300 (candidate_reuse_move_facts vs reference)
Finished game 76 (reference vs candidate_reuse_move_facts): 0-1 {Black mates}
Score of candidate_reuse_move_facts vs reference: 32 - 30 - 14  [0.513] 76
Started game 78 of 300 (reference vs candidate_reuse_move_facts)
Finished game 77 (candidate_reuse_move_facts vs reference): 1/2-1/2 {Draw by fifty moves rule}
Score of candidate_reuse_move_facts vs reference: 32 - 30 - 15  [0.513] 77
Started game 79 of 300 (candidate_reuse_move_facts vs reference)
Finished game 78 (reference vs candidate_reuse_move_facts): 1-0 {White mates}
Score of candidate_reuse_move_facts vs reference: 32 - 31 - 15  [0.506] 78
Started game 80 of 300 (reference vs candidate_reuse_move_facts)
Finished game 79 (candidate_reuse_move_facts vs reference): 1-0 {White mates}
Score of candidate_reuse_move_facts vs reference: 33 - 31 - 15  [0.513] 79
Started game 81 of 300 (candidate_reuse_move_facts vs reference)
Finished game 80 (reference vs candidate_reuse_move_facts): 1-0 {White mates}
Score of candidate_reuse_move_facts vs reference: 33 - 32 - 15  [0.506] 80
Elo difference: 4.34 +/- 69.54, LOS: 54.94 %, DrawRatio: 18.75 %
SPRT: llr 0.01 (0.3%), lbound -2.94, ubound 2.94
Started game 82 of 300 (reference vs candidate_reuse_move_facts)
Finished game 82 (reference vs candidate_reuse_move_facts): 1-0 {White mates}
Score of candidate_reuse_move_facts vs reference: 33 - 33 - 15  [0.500] 81
Started game 83 of 300 (candidate_reuse_move_facts vs reference)
Finished game 81 (candidate_reuse_move_facts vs reference): 0-1 {Black mates}
Score of candidate_reuse_move_facts vs reference: 33 - 34 - 15  [0.494] 82
Started game 84 of 300 (reference vs candidate_reuse_move_facts)
Warning; PV continues after threefold repetition - move f5h7 from candidate_reuse_move_facts
Info; info depth 2 score cp 0 nodes 215 time 4 nps 53750 pv d1d2 f5h7
Position; fen r1bqk2r/pppp1ppp/2nb1n2/1B2p3/8/1P2P3/PBPP1PPP/RN1QK1NR w KQkq - 0 1
Moves; d1f3 e5e4 f3f5 c6e7 f5g5 e7g6 h2h4 h7h6 g5f5 g6e7 f5h3 c7c6 b2f6 g7f6 b5e2 d6e5 b1c3 d8a5 a1d1 e5c3 d2c3 d7d5 e2g4 f6f5 g4e2 f5f4 g2g4 a5c3 d1d2 f4f3 e2f1 h8g8 h3g3 c3a1 d2d1 a1a2 g3d6 a2c2 d6h6 g8g4 h6h5 c2b3 h5e5 c8e6 h4h5 a7a5 d1d2 b3b1 d2d1 b1c2 d1d2 c2b1 d2d1 b1b4 d1d2 g4g8 g1h3 b4b1 d2d1 b1b4 d1d2 b7b5 h3f4 b4b1 d2d1 b1b4 d1d2 e6f5 h5h6 b4b1 d2d1 b1c2 d1d2 c2b1 d2d1 b1b4 d1d2 a5a4 h6h7 b4b1 d2d1 b1b4 d1d2 b4b1 d2d1 b1b4
Warning; PV continues after threefold repetition - move f5h7 from candidate_reuse_move_facts
Info; info depth 3 score cp 0 nodes 577 time 9 nps 64111 pv d1d2 f5h7 h1h7
Position; fen r1bqk2r/pppp1ppp/2nb1n2/1B2p3/8/1P2P3/PBPP1PPP/RN1QK1NR w KQkq - 0 1
Moves; d1f3 e5e4 f3f5 c6e7 f5g5 e7g6 h2h4 h7h6 g5f5 g6e7 f5h3 c7c6 b2f6 g7f6 b5e2 d6e5 b1c3 d8a5 a1d1 e5c3 d2c3 d7d5 e2g4 f6f5 g4e2 f5f4 g2g4 a5c3 d1d2 f4f3 e2f1 h8g8 h3g3 c3a1 d2d1 a1a2 g3d6 a2c2 d6h6 g8g4 h6h5 c2b3 h5e5 c8e6 h4h5 a7a5 d1d2 b3b1 d2d1 b1c2 d1d2 c2b1 d2d1 b1b4 d1d2 g4g8 g1h3 b4b1 d2d1 b1b4 d1d2 b7b5 h3f4 b4b1 d2d1 b1b4 d1d2 e6f5 h5h6 b4b1 d2d1 b1c2 d1d2 c2b1 d2d1 b1b4 d1d2 a5a4 h6h7 b4b1 d2d1 b1b4 d1d2 b4b1 d2d1 b1b4
Warning; PV continues after threefold repetition - move f5h7 from candidate_reuse_move_facts
Info; info depth 3 score cp 0 nodes 1203 time 17 nps 70764 pv d1d2 f5h7 h1h7
Position; fen r1bqk2r/pppp1ppp/2nb1n2/1B2p3/8/1P2P3/PBPP1PPP/RN1QK1NR w KQkq - 0 1
Moves; d1f3 e5e4 f3f5 c6e7 f5g5 e7g6 h2h4 h7h6 g5f5 g6e7 f5h3 c7c6 b2f6 g7f6 b5e2 d6e5 b1c3 d8a5 a1d1 e5c3 d2c3 d7d5 e2g4 f6f5 g4e2 f5f4 g2g4 a5c3 d1d2 f4f3 e2f1 h8g8 h3g3 c3a1 d2d1 a1a2 g3d6 a2c2 d6h6 g8g4 h6h5 c2b3 h5e5 c8e6 h4h5 a7a5 d1d2 b3b1 d2d1 b1c2 d1d2 c2b1 d2d1 b1b4 d1d2 g4g8 g1h3 b4b1 d2d1 b1b4 d1d2 b7b5 h3f4 b4b1 d2d1 b1b4 d1d2 e6f5 h5h6 b4b1 d2d1 b1c2 d1d2 c2b1 d2d1 b1b4 d1d2 a5a4 h6h7 b4b1 d2d1 b1b4 d1d2 b4b1 d2d1 b1b4
Finished game 83 (candidate_reuse_move_facts vs reference): 1/2-1/2 {Draw by 3-fold repetition}
Score of candidate_reuse_move_facts vs reference: 33 - 34 - 16  [0.494] 83
Started game 85 of 300 (candidate_reuse_move_facts vs reference)
Finished game 84 (reference vs candidate_reuse_move_facts): 0-1 {Black mates}
Score of candidate_reuse_move_facts vs reference: 34 - 34 - 16  [0.500] 84
Started game 86 of 300 (reference vs candidate_reuse_move_facts)
Finished game 85 (candidate_reuse_move_facts vs reference): 0-1 {Black mates}
Score of candidate_reuse_move_facts vs reference: 34 - 35 - 16  [0.494] 85
Started game 87 of 300 (candidate_reuse_move_facts vs reference)
Finished game 86 (reference vs candidate_reuse_move_facts): 0-1 {Black mates}
Score of candidate_reuse_move_facts vs reference: 35 - 35 - 16  [0.500] 86
Started game 88 of 300 (reference vs candidate_reuse_move_facts)
Finished game 87 (candidate_reuse_move_facts vs reference): 0-1 {Black mates}
Score of candidate_reuse_move_facts vs reference: 35 - 36 - 16  [0.494] 87
Started game 89 of 300 (candidate_reuse_move_facts vs reference)
Finished game 88 (reference vs candidate_reuse_move_facts): 1-0 {White mates}
Score of candidate_reuse_move_facts vs reference: 35 - 37 - 16  [0.489] 88
Started game 90 of 300 (reference vs candidate_reuse_move_facts)
Finished game 89 (candidate_reuse_move_facts vs reference): 1/2-1/2 {Draw by stalemate}
Score of candidate_reuse_move_facts vs reference: 35 - 37 - 17  [0.489] 89
Started game 91 of 300 (candidate_reuse_move_facts vs reference)
Finished game 90 (reference vs candidate_reuse_move_facts): 0-1 {Black mates}
Score of candidate_reuse_move_facts vs reference: 36 - 37 - 17  [0.494] 90
Elo difference: -3.86 +/- 65.41, LOS: 45.34 %, DrawRatio: 18.89 %
SPRT: llr -0.03 (1.0%), lbound -2.94, ubound 2.94
Started game 92 of 300 (reference vs candidate_reuse_move_facts)
Finished game 91 (candidate_reuse_move_facts vs reference): 1-0 {White mates}
Score of candidate_reuse_move_facts vs reference: 37 - 37 - 17  [0.500] 91
Started game 93 of 300 (candidate_reuse_move_facts vs reference)
Finished game 92 (reference vs candidate_reuse_move_facts): 1/2-1/2 {Draw by 3-fold repetition}
Score of candidate_reuse_move_facts vs reference: 37 - 37 - 18  [0.500] 92
Started game 94 of 300 (reference vs candidate_reuse_move_facts)
Finished game 93 (candidate_reuse_move_facts vs reference): 1-0 {White mates}
Score of candidate_reuse_move_facts vs reference: 38 - 37 - 18  [0.505] 93
Started game 95 of 300 (candidate_reuse_move_facts vs reference)
Finished game 94 (reference vs candidate_reuse_move_facts): 1/2-1/2 {Draw by 3-fold repetition}
Score of candidate_reuse_move_facts vs reference: 38 - 37 - 19  [0.505] 94
Started game 96 of 300 (reference vs candidate_reuse_move_facts)
Finished game 95 (candidate_reuse_move_facts vs reference): 0-1 {Black mates}
Score of candidate_reuse_move_facts vs reference: 38 - 38 - 19  [0.500] 95
Started game 97 of 300 (candidate_reuse_move_facts vs reference)
Finished game 96 (reference vs candidate_reuse_move_facts): 0-1 {Black mates}
Score of candidate_reuse_move_facts vs reference: 39 - 38 - 19  [0.505] 96
Started game 98 of 300 (reference vs candidate_reuse_move_facts)
Finished game 97 (candidate_reuse_move_facts vs reference): 1-0 {White mates}
Score of candidate_reuse_move_facts vs reference: 40 - 38 - 19  [0.510] 97
Started game 99 of 300 (candidate_reuse_move_facts vs reference)
Finished game 98 (reference vs candidate_reuse_move_facts): 1-0 {White mates}
Score of candidate_reuse_move_facts vs reference: 40 - 39 - 19  [0.505] 98
Started game 100 of 300 (reference vs candidate_reuse_move_facts)
Finished game 99 (candidate_reuse_move_facts vs reference): 1-0 {White mates}
Score of candidate_reuse_move_facts vs reference: 41 - 39 - 19  [0.510] 99
Started game 101 of 300 (candidate_reuse_move_facts vs reference)
Finished game 100 (reference vs candidate_reuse_move_facts): 1-0 {White mates}
Score of candidate_reuse_move_facts vs reference: 41 - 40 - 19  [0.505] 100
Elo difference: 3.47 +/- 61.94, LOS: 54.42 %, DrawRatio: 19.00 %
SPRT: llr 0.00 (0.2%), lbound -2.94, ubound 2.94
Started game 102 of 300 (reference vs candidate_reuse_move_facts)
Finished game 101 (candidate_reuse_move_facts vs reference): 1-0 {White mates}
Score of candidate_reuse_move_facts vs reference: 42 - 40 - 19  [0.510] 101
Started game 103 of 300 (candidate_reuse_move_facts vs reference)
Finished game 102 (reference vs candidate_reuse_move_facts): 1-0 {White mates}
Score of candidate_reuse_move_facts vs reference: 42 - 41 - 19  [0.505] 102
Started game 104 of 300 (reference vs candidate_reuse_move_facts)
Finished game 104 (reference vs candidate_reuse_move_facts): 0-1 {Black mates}
Score of candidate_reuse_move_facts vs reference: 43 - 41 - 19  [0.510] 103
Started game 105 of 300 (candidate_reuse_move_facts vs reference)
Finished game 103 (candidate_reuse_move_facts vs reference): 1/2-1/2 {Draw by fifty moves rule}
Score of candidate_reuse_move_facts vs reference: 43 - 41 - 20  [0.510] 104
Started game 106 of 300 (reference vs candidate_reuse_move_facts)
Finished game 106 (reference vs candidate_reuse_move_facts): 0-1 {Black mates}
Score of candidate_reuse_move_facts vs reference: 44 - 41 - 20  [0.514] 105
Started game 107 of 300 (candidate_reuse_move_facts vs reference)
Finished game 105 (candidate_reuse_move_facts vs reference): 0-1 {Black mates}
Score of candidate_reuse_move_facts vs reference: 44 - 42 - 20  [0.509] 106
Started game 108 of 300 (reference vs candidate_reuse_move_facts)
Finished game 107 (candidate_reuse_move_facts vs reference): 1-0 {White mates}
Score of candidate_reuse_move_facts vs reference: 45 - 42 - 20  [0.514] 107
Started game 109 of 300 (candidate_reuse_move_facts vs reference)
Finished game 108 (reference vs candidate_reuse_move_facts): 1/2-1/2 {Draw by 3-fold repetition}
Score of candidate_reuse_move_facts vs reference: 45 - 42 - 21  [0.514] 108
Started game 110 of 300 (reference vs candidate_reuse_move_facts)
Finished game 109 (candidate_reuse_move_facts vs reference): 0-1 {Black mates}
Score of candidate_reuse_move_facts vs reference: 45 - 43 - 21  [0.509] 109
Started game 111 of 300 (candidate_reuse_move_facts vs reference)
Finished game 110 (reference vs candidate_reuse_move_facts): 1-0 {White mates}
Score of candidate_reuse_move_facts vs reference: 45 - 44 - 21  [0.505] 110
Elo difference: 3.16 +/- 58.96, LOS: 54.22 %, DrawRatio: 19.09 %
SPRT: llr 0.00 (0.1%), lbound -2.94, ubound 2.94
Started game 112 of 300 (reference vs candidate_reuse_move_facts)
Finished game 111 (candidate_reuse_move_facts vs reference): 1/2-1/2 {Draw by 3-fold repetition}
Score of candidate_reuse_move_facts vs reference: 45 - 44 - 22  [0.505] 111
Started game 113 of 300 (candidate_reuse_move_facts vs reference)
Finished game 112 (reference vs candidate_reuse_move_facts): 1/2-1/2 {Draw by 3-fold repetition}
Score of candidate_reuse_move_facts vs reference: 45 - 44 - 23  [0.504] 112
Started game 114 of 300 (reference vs candidate_reuse_move_facts)
Finished game 113 (candidate_reuse_move_facts vs reference): 0-1 {Black mates}
Score of candidate_reuse_move_facts vs reference: 45 - 45 - 23  [0.500] 113
Started game 115 of 300 (candidate_reuse_move_facts vs reference)
Finished game 114 (reference vs candidate_reuse_move_facts): 1-0 {White mates}
Score of candidate_reuse_move_facts vs reference: 45 - 46 - 23  [0.496] 114
Started game 116 of 300 (reference vs candidate_reuse_move_facts)
Finished game 115 (candidate_reuse_move_facts vs reference): 0-1 {Black mates}
Score of candidate_reuse_move_facts vs reference: 45 - 47 - 23  [0.491] 115
Started game 117 of 300 (candidate_reuse_move_facts vs reference)
Finished game 116 (reference vs candidate_reuse_move_facts): 1-0 {White mates}
Score of candidate_reuse_move_facts vs reference: 45 - 48 - 23  [0.487] 116
Started game 118 of 300 (reference vs candidate_reuse_move_facts)
Finished game 117 (candidate_reuse_move_facts vs reference): 1-0 {White mates}
Score of candidate_reuse_move_facts vs reference: 46 - 48 - 23  [0.491] 117
Started game 119 of 300 (candidate_reuse_move_facts vs reference)
Finished game 119 (candidate_reuse_move_facts vs reference): 1-0 {White mates}
Score of candidate_reuse_move_facts vs reference: 47 - 48 - 23  [0.496] 118
Started game 120 of 300 (reference vs candidate_reuse_move_facts)
Finished game 118 (reference vs candidate_reuse_move_facts): 0-1 {Black mates}
Score of candidate_reuse_move_facts vs reference: 48 - 48 - 23  [0.500] 119
Started game 121 of 300 (candidate_reuse_move_facts vs reference)
Finished game 120 (reference vs candidate_reuse_move_facts): 1-0 {White mates}
Score of candidate_reuse_move_facts vs reference: 48 - 49 - 23  [0.496] 120
Elo difference: -2.90 +/- 56.38, LOS: 45.96 %, DrawRatio: 19.17 %
SPRT: llr -0.03 (1.1%), lbound -2.94, ubound 2.94
Started game 122 of 300 (reference vs candidate_reuse_move_facts)
Finished game 121 (candidate_reuse_move_facts vs reference): 1/2-1/2 {Draw by fifty moves rule}
Score of candidate_reuse_move_facts vs reference: 48 - 49 - 24  [0.496] 121
Started game 123 of 300 (candidate_reuse_move_facts vs reference)
Finished game 122 (reference vs candidate_reuse_move_facts): 1/2-1/2 {Draw by 3-fold repetition}
Score of candidate_reuse_move_facts vs reference: 48 - 49 - 25  [0.496] 122
Started game 124 of 300 (reference vs candidate_reuse_move_facts)
Finished game 124 (reference vs candidate_reuse_move_facts): 1-0 {White mates}
Score of candidate_reuse_move_facts vs reference: 48 - 50 - 25  [0.492] 123
Started game 125 of 300 (candidate_reuse_move_facts vs reference)
Finished game 123 (candidate_reuse_move_facts vs reference): 1/2-1/2 {Draw by fifty moves rule}
Score of candidate_reuse_move_facts vs reference: 48 - 50 - 26  [0.492] 124
Started game 126 of 300 (reference vs candidate_reuse_move_facts)
Finished game 126 (reference vs candidate_reuse_move_facts): 0-1 {Black mates}
Score of candidate_reuse_move_facts vs reference: 49 - 50 - 26  [0.496] 125
Started game 127 of 300 (candidate_reuse_move_facts vs reference)
Finished game 125 (candidate_reuse_move_facts vs reference): 1/2-1/2 {Draw by insufficient mating material}
Score of candidate_reuse_move_facts vs reference: 49 - 50 - 27  [0.496] 126
Started game 128 of 300 (reference vs candidate_reuse_move_facts)
Finished game 127 (candidate_reuse_move_facts vs reference): 1-0 {White mates}
Score of candidate_reuse_move_facts vs reference: 50 - 50 - 27  [0.500] 127
Started game 129 of 300 (candidate_reuse_move_facts vs reference)
Finished game 128 (reference vs candidate_reuse_move_facts): 0-1 {Black mates}
Score of candidate_reuse_move_facts vs reference: 51 - 50 - 27  [0.504] 128
Started game 130 of 300 (reference vs candidate_reuse_move_facts)
Finished game 129 (candidate_reuse_move_facts vs reference): 0-1 {Black mates}
Score of candidate_reuse_move_facts vs reference: 51 - 51 - 27  [0.500] 129
Started game 131 of 300 (candidate_reuse_move_facts vs reference)
Finished game 130 (reference vs candidate_reuse_move_facts): 1/2-1/2 {Draw by fifty moves rule}
Score of candidate_reuse_move_facts vs reference: 51 - 51 - 28  [0.500] 130
Elo difference: -0.00 +/- 53.32, LOS: 50.00 %, DrawRatio: 21.54 %
SPRT: llr -0.02 (0.6%), lbound -2.94, ubound 2.94
Started game 132 of 300 (reference vs candidate_reuse_move_facts)
Finished game 131 (candidate_reuse_move_facts vs reference): 1-0 {White mates}
Score of candidate_reuse_move_facts vs reference: 52 - 51 - 28  [0.504] 131
Started game 133 of 300 (candidate_reuse_move_facts vs reference)
Finished game 132 (reference vs candidate_reuse_move_facts): 1/2-1/2 {Draw by stalemate}
Score of candidate_reuse_move_facts vs reference: 52 - 51 - 29  [0.504] 132
Started game 134 of 300 (reference vs candidate_reuse_move_facts)
Finished game 134 (reference vs candidate_reuse_move_facts): 1-0 {White mates}
Score of candidate_reuse_move_facts vs reference: 52 - 52 - 29  [0.500] 133
Started game 135 of 300 (candidate_reuse_move_facts vs reference)
Finished game 133 (candidate_reuse_move_facts vs reference): 1-0 {White mates}
Score of candidate_reuse_move_facts vs reference: 53 - 52 - 29  [0.504] 134
Started game 136 of 300 (reference vs candidate_reuse_move_facts)
Finished game 135 (candidate_reuse_move_facts vs reference): 0-1 {Black mates}
Score of candidate_reuse_move_facts vs reference: 53 - 53 - 29  [0.500] 135
Started game 137 of 300 (candidate_reuse_move_facts vs reference)
Finished game 136 (reference vs candidate_reuse_move_facts): 0-1 {Black mates}
Score of candidate_reuse_move_facts vs reference: 54 - 53 - 29  [0.504] 136
Started game 138 of 300 (reference vs candidate_reuse_move_facts)
Finished game 137 (candidate_reuse_move_facts vs reference): 1/2-1/2 {Draw by fifty moves rule}
Score of candidate_reuse_move_facts vs reference: 54 - 53 - 30  [0.504] 137
Started game 139 of 300 (candidate_reuse_move_facts vs reference)
Finished game 138 (reference vs candidate_reuse_move_facts): 1-0 {White mates}
Score of candidate_reuse_move_facts vs reference: 54 - 54 - 30  [0.500] 138
Started game 140 of 300 (reference vs candidate_reuse_move_facts)
Finished game 139 (candidate_reuse_move_facts vs reference): 1-0 {White mates}
Score of candidate_reuse_move_facts vs reference: 55 - 54 - 30  [0.504] 139
Started game 141 of 300 (candidate_reuse_move_facts vs reference)
Finished game 140 (reference vs candidate_reuse_move_facts): 1/2-1/2 {Draw by insufficient mating material}
Score of candidate_reuse_move_facts vs reference: 55 - 54 - 31  [0.504] 140
Elo difference: 2.48 +/- 51.15, LOS: 53.82 %, DrawRatio: 22.14 %
SPRT: llr -0.00 (0.0%), lbound -2.94, ubound 2.94
Started game 142 of 300 (reference vs candidate_reuse_move_facts)
Finished game 141 (candidate_reuse_move_facts vs reference): 1/2-1/2 {Draw by fifty moves rule}
Score of candidate_reuse_move_facts vs reference: 55 - 54 - 32  [0.504] 141
Started game 143 of 300 (candidate_reuse_move_facts vs reference)
Finished game 142 (reference vs candidate_reuse_move_facts): 1-0 {White mates}
Score of candidate_reuse_move_facts vs reference: 55 - 55 - 32  [0.500] 142
Started game 144 of 300 (reference vs candidate_reuse_move_facts)
Finished game 143 (candidate_reuse_move_facts vs reference): 1-0 {White mates}
Score of candidate_reuse_move_facts vs reference: 56 - 55 - 32  [0.503] 143
Started game 145 of 300 (candidate_reuse_move_facts vs reference)
Finished game 144 (reference vs candidate_reuse_move_facts): 0-1 {Black mates}
Score of candidate_reuse_move_facts vs reference: 57 - 55 - 32  [0.507] 144
Started game 146 of 300 (reference vs candidate_reuse_move_facts)
Finished game 145 (candidate_reuse_move_facts vs reference): 1/2-1/2 {Draw by fifty moves rule}
Score of candidate_reuse_move_facts vs reference: 57 - 55 - 33  [0.507] 145
Started game 147 of 300 (candidate_reuse_move_facts vs reference)
Finished game 146 (reference vs candidate_reuse_move_facts): 0-1 {Black mates}
Score of candidate_reuse_move_facts vs reference: 58 - 55 - 33  [0.510] 146
Started game 148 of 300 (reference vs candidate_reuse_move_facts)
Finished game 148 (reference vs candidate_reuse_move_facts): 1-0 {White mates}
Score of candidate_reuse_move_facts vs reference: 58 - 56 - 33  [0.507] 147
Started game 149 of 300 (candidate_reuse_move_facts vs reference)
Finished game 147 (candidate_reuse_move_facts vs reference): 0-1 {Black mates}
Score of candidate_reuse_move_facts vs reference: 58 - 57 - 33  [0.503] 148
Started game 150 of 300 (reference vs candidate_reuse_move_facts)
Finished game 149 (candidate_reuse_move_facts vs reference): 0-1 {Black mates}
Score of candidate_reuse_move_facts vs reference: 58 - 58 - 33  [0.500] 149
Started game 151 of 300 (candidate_reuse_move_facts vs reference)
Finished game 150 (reference vs candidate_reuse_move_facts): 1-0 {White mates}
Score of candidate_reuse_move_facts vs reference: 58 - 59 - 33  [0.497] 150
Elo difference: -2.32 +/- 49.44, LOS: 46.32 %, DrawRatio: 22.00 %
SPRT: llr -0.04 (1.3%), lbound -2.94, ubound 2.94
Started game 152 of 300 (reference vs candidate_reuse_move_facts)
Finished game 151 (candidate_reuse_move_facts vs reference): 1/2-1/2 {Draw by insufficient mating material}
Score of candidate_reuse_move_facts vs reference: 58 - 59 - 34  [0.497] 151
Started game 153 of 300 (candidate_reuse_move_facts vs reference)
Warning; PV continues after threefold repetition - move c5e6 from reference
Info; info depth 3 score cp 0 nodes 281 time 4 nps 70250 pv e4d4 c5e6 d4c4
Position; fen r1bqkb1r/pppp1ppp/2n5/4P3/2P3n1/5N2/PP2PPPP/RNBQKB1R w KQkq - 0 1
Moves; c1g5 f8e7 g5e7 d8e7 b1c3 e7c5 e2e3 g4e5 d1d5 e5f3 d5f3 d7d6 a1d1 c8e6 f3e4 e8g8 f1e2 c5e5 e1g1 f8e8 a2a3 a7a5 d1d2 g7g6 f1d1 f7f5 e4e5 c6e5 c3d5 e6d5 d2d5 g8g7 c4c5 e5f7 c5d6 c7d6 d1c1 e8e4 c1c7 b7b6 e2f3 e4e8 d5d6 a8c8 d6d7 c8c7 d7c7 e8d8 c7c6 d8d6 c6c7 g7f6 g1f1 f7g5 f3e2 g5f7 e2f3 h7h6 f3e2 d6d8 c7c6 d8d6 c6c7 d6d2 b2b4 a5b4 a3b4 d2d8 c7c6 d8d6 c6c4 f7g5 c4d4 d6d4 e3d4 g5e4 f2f3 e4c3 e2c4 f6g5 c4e6 g5f6 e6b3 c3b5 d4d5 f6e5 g2g3 b5d4 f3f4 e5d6 b3c4 d4c2 c4b5 c2e3 f1e2 e3d5 b5e8 g6g5 f4g5 h6g5 b4b5 f5f4 e8c6 d6e5 e2f3 d5e3 h2h4 e3f5 h4g5 f5g3 g5g6 g3f5 f3g4 e5f6 g4f4 f5h4 g6g7 f6g7 f4g4 h4g6 g4f5 g7h6 c6e4 h6h5 e4f3 h5h6 f5f6 g6f4 f6f5 f4d3 f3d5 d3c5 f5e5 h6g5 e5d4 g5f5 d5c6 c5e6 d4d5 e6c5 d5d4 c5e6 d4c4 f5e5 c4b4 e5d4 b4a4 d4c4 a4a3 e6c5 a3b2 c4d3 b2a3 d3c3 a3a2 c3d4 a2b2 d4d3 b2c1 d3c3 c1d1 c3d3 d1e1 d3e3 e1d1 e3d3 d1e1 d3e3 e1d1 e3d4 d1e2 c5b3 e2f3 d4e5 f3f2 e5d4 f2f3 d4e5 f3f2 b3c5 f2e3 c5a4 e3d3 a4c5 d3c3 e5d6 c3d4 c5b3 d4e3 b3c5 e3d4 c5e6 d4e4 e6c5
Warning; PV continues after threefold repetition - move c5e6 from reference
Info; info depth 3 score cp 0 nodes 528 time 11 nps 48000 pv e4d4 c5e6 d4c4
Position; fen r1bqkb1r/pppp1ppp/2n5/4P3/2P3n1/5N2/PP2PPPP/RNBQKB1R w KQkq - 0 1
Moves; c1g5 f8e7 g5e7 d8e7 b1c3 e7c5 e2e3 g4e5 d1d5 e5f3 d5f3 d7d6 a1d1 c8e6 f3e4 e8g8 f1e2 c5e5 e1g1 f8e8 a2a3 a7a5 d1d2 g7g6 f1d1 f7f5 e4e5 c6e5 c3d5 e6d5 d2d5 g8g7 c4c5 e5f7 c5d6 c7d6 d1c1 e8e4 c1c7 b7b6 e2f3 e4e8 d5d6 a8c8 d6d7 c8c7 d7c7 e8d8 c7c6 d8d6 c6c7 g7f6 g1f1 f7g5 f3e2 g5f7 e2f3 h7h6 f3e2 d6d8 c7c6 d8d6 c6c7 d6d2 b2b4 a5b4 a3b4 d2d8 c7c6 d8d6 c6c4 f7g5 c4d4 d6d4 e3d4 g5e4 f2f3 e4c3 e2c4 f6g5 c4e6 g5f6 e6b3 c3b5 d4d5 f6e5 g2g3 b5d4 f3f4 e5d6 b3c4 d4c2 c4b5 c2e3 f1e2 e3d5 b5e8 g6g5 f4g5 h6g5 b4b5 f5f4 e8c6 d6e5 e2f3 d5e3 h2h4 e3f5 h4g5 f5g3 g5g6 g3f5 f3g4 e5f6 g4f4 f5h4 g6g7 f6g7 f4g4 h4g6 g4f5 g7h6 c6e4 h6h5 e4f3 h5h6 f5f6 g6f4 f6f5 f4d3 f3d5 d3c5 f5e5 h6g5 e5d4 g5f5 d5c6 c5e6 d4d5 e6c5 d5d4 c5e6 d4c4 f5e5 c4b4 e5d4 b4a4 d4c4 a4a3 e6c5 a3b2 c4d3 b2a3 d3c3 a3a2 c3d4 a2b2 d4d3 b2c1 d3c3 c1d1 c3d3 d1e1 d3e3 e1d1 e3d3 d1e1 d3e3 e1d1 e3d4 d1e2 c5b3 e2f3 d4e5 f3f2 e5d4 f2f3 d4e5 f3f2 b3c5 f2e3 c5a4 e3d3 a4c5 d3c3 e5d6 c3d4 c5b3 d4e3 b3c5 e3d4 c5e6 d4e4 e6c5
Finished game 152 (reference vs candidate_reuse_move_facts): 1/2-1/2 {Draw by 3-fold repetition}
Score of candidate_reuse_move_facts vs reference: 58 - 59 - 35  [0.497] 152
Started game 154 of 300 (reference vs candidate_reuse_move_facts)
Finished game 153 (candidate_reuse_move_facts vs reference): 1/2-1/2 {Draw by stalemate}
Score of candidate_reuse_move_facts vs reference: 58 - 59 - 36  [0.497] 153
Started game 155 of 300 (candidate_reuse_move_facts vs reference)
Finished game 154 (reference vs candidate_reuse_move_facts): 1-0 {White mates}
Score of candidate_reuse_move_facts vs reference: 58 - 60 - 36  [0.494] 154
Started game 156 of 300 (reference vs candidate_reuse_move_facts)
Finished game 155 (candidate_reuse_move_facts vs reference): 0-1 {Black mates}
Score of candidate_reuse_move_facts vs reference: 58 - 61 - 36  [0.490] 155
Started game 157 of 300 (candidate_reuse_move_facts vs reference)
Finished game 156 (reference vs candidate_reuse_move_facts): 0-1 {Black mates}
Score of candidate_reuse_move_facts vs reference: 59 - 61 - 36  [0.494] 156
Started game 158 of 300 (reference vs candidate_reuse_move_facts)
Finished game 157 (candidate_reuse_move_facts vs reference): 0-1 {Black mates}
Score of candidate_reuse_move_facts vs reference: 59 - 62 - 36  [0.490] 157
Started game 159 of 300 (candidate_reuse_move_facts vs reference)
Finished game 158 (reference vs candidate_reuse_move_facts): 1/2-1/2 {Draw by fifty moves rule}
Score of candidate_reuse_move_facts vs reference: 59 - 62 - 37  [0.491] 158
Started game 160 of 300 (reference vs candidate_reuse_move_facts)
Finished game 159 (candidate_reuse_move_facts vs reference): 1-0 {White mates}
Score of candidate_reuse_move_facts vs reference: 60 - 62 - 37  [0.494] 159
Started game 161 of 300 (candidate_reuse_move_facts vs reference)
Finished game 160 (reference vs candidate_reuse_move_facts): 1-0 {White mates}
Score of candidate_reuse_move_facts vs reference: 60 - 63 - 37  [0.491] 160
Elo difference: -6.52 +/- 47.50, LOS: 39.34 %, DrawRatio: 23.12 %
SPRT: llr -0.08 (2.6%), lbound -2.94, ubound 2.94
Started game 162 of 300 (reference vs candidate_reuse_move_facts)
Finished game 161 (candidate_reuse_move_facts vs reference): 1-0 {White mates}
Score of candidate_reuse_move_facts vs reference: 61 - 63 - 37  [0.494] 161
Started game 163 of 300 (candidate_reuse_move_facts vs reference)
Finished game 162 (reference vs candidate_reuse_move_facts): 1-0 {White mates}
Score of candidate_reuse_move_facts vs reference: 61 - 64 - 37  [0.491] 162
Started game 164 of 300 (reference vs candidate_reuse_move_facts)
Finished game 163 (candidate_reuse_move_facts vs reference): 0-1 {Black mates}
Score of candidate_reuse_move_facts vs reference: 61 - 65 - 37  [0.488] 163
Started game 165 of 300 (candidate_reuse_move_facts vs reference)
Finished game 164 (reference vs candidate_reuse_move_facts): 1-0 {White mates}
Score of candidate_reuse_move_facts vs reference: 61 - 66 - 37  [0.485] 164
Started game 166 of 300 (reference vs candidate_reuse_move_facts)
Finished game 165 (candidate_reuse_move_facts vs reference): 0-1 {Black mates}
Score of candidate_reuse_move_facts vs reference: 61 - 67 - 37  [0.482] 165
Started game 167 of 300 (candidate_reuse_move_facts vs reference)
Finished game 166 (reference vs candidate_reuse_move_facts): 1/2-1/2 {Draw by stalemate}
Score of candidate_reuse_move_facts vs reference: 61 - 67 - 38  [0.482] 166
Started game 168 of 300 (reference vs candidate_reuse_move_facts)
Finished game 167 (candidate_reuse_move_facts vs reference): 1/2-1/2 {Draw by insufficient mating material}
Score of candidate_reuse_move_facts vs reference: 61 - 67 - 39  [0.482] 167
Started game 169 of 300 (candidate_reuse_move_facts vs reference)
Finished game 168 (reference vs candidate_reuse_move_facts): 0-1 {Black mates}
Score of candidate_reuse_move_facts vs reference: 62 - 67 - 39  [0.485] 168
Started game 170 of 300 (reference vs candidate_reuse_move_facts)
Finished game 169 (candidate_reuse_move_facts vs reference): 1-0 {White mates}
Score of candidate_reuse_move_facts vs reference: 63 - 67 - 39  [0.488] 169
Started game 171 of 300 (candidate_reuse_move_facts vs reference)
Warning; PV continues after threefold repetition - move b4b6 from candidate_reuse_move_facts
Info; info depth 2 score cp 0 nodes 755 time 22 nps 34318 pv c1d2 b4b6
Position; fen rn1qkbnr/pp3ppp/2p1p3/3pPb2/3P4/5N2/PPP2PPP/RNBQKB1R w KQkq - 0 1
Moves; f1d3 b8d7 b1c3 f5d3 d1d3 f8e7 c1e3 d8b6 e1c1 h7h5 h2h3 a7a5 b2b3 b6b4 c1b1 a5a4 c3d5 c6d5 e3d2 b4a3 d2c1 a3b4 c1d2 b4a3 d2c1 a3b4
Warning; PV continues after threefold repetition - move b4b6 from candidate_reuse_move_facts
Info; info depth 2 score cp 0 nodes 962 time 29 nps 33172 pv c1d2 b4b6
Position; fen rn1qkbnr/pp3ppp/2p1p3/3pPb2/3P4/5N2/PPP2PPP/RNBQKB1R w KQkq - 0 1
Moves; f1d3 b8d7 b1c3 f5d3 d1d3 f8e7 c1e3 d8b6 e1c1 h7h5 h2h3 a7a5 b2b3 b6b4 c1b1 a5a4 c3d5 c6d5 e3d2 b4a3 d2c1 a3b4 c1d2 b4a3 d2c1 a3b4
Finished game 171 (candidate_reuse_move_facts vs reference): 1/2-1/2 {Draw by 3-fold repetition}
Score of candidate_reuse_move_facts vs reference: 63 - 67 - 40  [0.488] 170
Elo difference: -8.18 +/- 45.95, LOS: 36.28 %, DrawRatio: 23.53 %
SPRT: llr -0.10 (3.3%), lbound -2.94, ubound 2.94
Started game 172 of 300 (reference vs candidate_reuse_move_facts)
Finished game 170 (reference vs candidate_reuse_move_facts): 0-1 {Black mates}
Score of candidate_reuse_move_facts vs reference: 64 - 67 - 40  [0.491] 171
Started game 173 of 300 (candidate_reuse_move_facts vs reference)
Finished game 173 (candidate_reuse_move_facts vs reference): 1-0 {White mates}
Score of candidate_reuse_move_facts vs reference: 65 - 67 - 40  [0.494] 172
Started game 174 of 300 (reference vs candidate_reuse_move_facts)
Finished game 172 (reference vs candidate_reuse_move_facts): 0-1 {Black mates}
Score of candidate_reuse_move_facts vs reference: 66 - 67 - 40  [0.497] 173
Started game 175 of 300 (candidate_reuse_move_facts vs reference)
Finished game 174 (reference vs candidate_reuse_move_facts): 0-1 {Black mates}
Score of candidate_reuse_move_facts vs reference: 67 - 67 - 40  [0.500] 174
Started game 176 of 300 (reference vs candidate_reuse_move_facts)
Finished game 175 (candidate_reuse_move_facts vs reference): 0-1 {Black mates}
Score of candidate_reuse_move_facts vs reference: 67 - 68 - 40  [0.497] 175
Started game 177 of 300 (candidate_reuse_move_facts vs reference)
Finished game 176 (reference vs candidate_reuse_move_facts): 1/2-1/2 {Draw by insufficient mating material}
Score of candidate_reuse_move_facts vs reference: 67 - 68 - 41  [0.497] 176
Started game 178 of 300 (reference vs candidate_reuse_move_facts)
Finished game 177 (candidate_reuse_move_facts vs reference): 0-1 {Black mates}
Score of candidate_reuse_move_facts vs reference: 67 - 69 - 41  [0.494] 177
Started game 179 of 300 (candidate_reuse_move_facts vs reference)
Finished game 178 (reference vs candidate_reuse_move_facts): 0-1 {Black mates}
Score of candidate_reuse_move_facts vs reference: 68 - 69 - 41  [0.497] 178
Started game 180 of 300 (reference vs candidate_reuse_move_facts)
Finished game 180 (reference vs candidate_reuse_move_facts): 1-0 {White mates}
Score of candidate_reuse_move_facts vs reference: 68 - 70 - 41  [0.494] 179
Started game 181 of 300 (candidate_reuse_move_facts vs reference)
Finished game 179 (candidate_reuse_move_facts vs reference): 1-0 {White mates}
Score of candidate_reuse_move_facts vs reference: 69 - 70 - 41  [0.497] 180
Elo difference: -1.93 +/- 44.85, LOS: 46.62 %, DrawRatio: 22.78 %
SPRT: llr -0.04 (1.5%), lbound -2.94, ubound 2.94
Started game 182 of 300 (reference vs candidate_reuse_move_facts)
Finished game 181 (candidate_reuse_move_facts vs reference): 0-1 {Black mates}
Score of candidate_reuse_move_facts vs reference: 69 - 71 - 41  [0.494] 181
Started game 183 of 300 (candidate_reuse_move_facts vs reference)
Finished game 182 (reference vs candidate_reuse_move_facts): 1-0 {White mates}
Score of candidate_reuse_move_facts vs reference: 69 - 72 - 41  [0.492] 182
Started game 184 of 300 (reference vs candidate_reuse_move_facts)
Finished game 183 (candidate_reuse_move_facts vs reference): 0-1 {Black mates}
Score of candidate_reuse_move_facts vs reference: 69 - 73 - 41  [0.489] 183
Started game 185 of 300 (candidate_reuse_move_facts vs reference)
Finished game 184 (reference vs candidate_reuse_move_facts): 0-1 {Black mates}
Score of candidate_reuse_move_facts vs reference: 70 - 73 - 41  [0.492] 184
Started game 186 of 300 (reference vs candidate_reuse_move_facts)
Finished game 185 (candidate_reuse_move_facts vs reference): 0-1 {Black mates}
Score of candidate_reuse_move_facts vs reference: 70 - 74 - 41  [0.489] 185
Started game 187 of 300 (candidate_reuse_move_facts vs reference)
Finished game 186 (reference vs candidate_reuse_move_facts): 0-1 {Black mates}
Score of candidate_reuse_move_facts vs reference: 71 - 74 - 41  [0.492] 186
Started game 188 of 300 (reference vs candidate_reuse_move_facts)
Finished game 187 (candidate_reuse_move_facts vs reference): 1-0 {White mates}
Score of candidate_reuse_move_facts vs reference: 72 - 74 - 41  [0.495] 187
Started game 189 of 300 (candidate_reuse_move_facts vs reference)
Finished game 189 (candidate_reuse_move_facts vs reference): 1-0 {White mates}
Score of candidate_reuse_move_facts vs reference: 73 - 74 - 41  [0.497] 188
Started game 190 of 300 (reference vs candidate_reuse_move_facts)
Finished game 188 (reference vs candidate_reuse_move_facts): 0-1 {Black mates}
Score of candidate_reuse_move_facts vs reference: 74 - 74 - 41  [0.500] 189
Started game 191 of 300 (candidate_reuse_move_facts vs reference)
Finished game 190 (reference vs candidate_reuse_move_facts): 1-0 {White mates}
Score of candidate_reuse_move_facts vs reference: 74 - 75 - 41  [0.497] 190
Elo difference: -1.83 +/- 43.98, LOS: 46.74 %, DrawRatio: 21.58 %
SPRT: llr -0.04 (1.5%), lbound -2.94, ubound 2.94
Started game 192 of 300 (reference vs candidate_reuse_move_facts)
Warning; PV continues after threefold repetition - move d4c3 from candidate_reuse_move_facts
Info; info depth 3 score cp 0 nodes 532 time 8 nps 66500 pv e7d6 d4c3 h6h5
Position; fen r1bqkb1r/pppp1ppp/2n5/4P3/2P3n1/5N2/PP2PPPP/RNBQKB1R w KQkq - 0 1
Moves; c1g5 f8e7 g5e7 d8e7 b1c3 e7c5 e2e3 g4e5 d1d5 e5f3 d5f3 d7d6 a1d1 c8e6 f3e4 e8g8 f1e2 c5e5 e1g1 f8e8 a2a3 a7a5 d1d2 g7g6 f2f4 e5f5 f1d1 e6d7 e4f3 f5c5 c3e4 c5f5 e2d3 f5e6 c4c5 f7f5 e4f2 e6e3 d3c4 g8g7 f3e3 e8e3 c5d6 c7d6 d2d6 d7e8 d6e6 e3e6 c4e6 a8d8 d1d8 c6d8 e6c4 e8d7 b2b4 a5b4 a3b4 d8e6 f2d3 b7b5 c4e6 d7e6 d3c5 g7f6 g1f2 h7h6 f2e3 e6d5 g2g3 f6e7 e3d4 e7d6 c5d7 g6g5 d7e5 g5g4 d4c3 d6e6 c3d4 e6d6 d4e3 d6e6 e3d3 e6e7 d3e3 e7e6 e3d3 e6e7 d3e2 e7d6 e2d2 d6e7 d2d3 e7e6 d3e3 e6e7 e3d3 e7e6 d3e3 e6e7 e3d4
Warning; PV continues after threefold repetition - move d4c3 from candidate_reuse_move_facts
Info; info depth 3 score cp 0 nodes 1098 time 15 nps 73200 pv e7d6 d4c3 h6h5
Position; fen r1bqkb1r/pppp1ppp/2n5/4P3/2P3n1/5N2/PP2PPPP/RNBQKB1R w KQkq - 0 1
Moves; c1g5 f8e7 g5e7 d8e7 b1c3 e7c5 e2e3 g4e5 d1d5 e5f3 d5f3 d7d6 a1d1 c8e6 f3e4 e8g8 f1e2 c5e5 e1g1 f8e8 a2a3 a7a5 d1d2 g7g6 f2f4 e5f5 f1d1 e6d7 e4f3 f5c5 c3e4 c5f5 e2d3 f5e6 c4c5 f7f5 e4f2 e6e3 d3c4 g8g7 f3e3 e8e3 c5d6 c7d6 d2d6 d7e8 d6e6 e3e6 c4e6 a8d8 d1d8 c6d8 e6c4 e8d7 b2b4 a5b4 a3b4 d8e6 f2d3 b7b5 c4e6 d7e6 d3c5 g7f6 g1f2 h7h6 f2e3 e6d5 g2g3 f6e7 e3d4 e7d6 c5d7 g6g5 d7e5 g5g4 d4c3 d6e6 c3d4 e6d6 d4e3 d6e6 e3d3 e6e7 d3e3 e7e6 e3d3 e6e7 d3e2 e7d6 e2d2 d6e7 d2d3 e7e6 d3e3 e6e7 e3d3 e7e6 d3e3 e6e7 e3d4
Finished game 192 (reference vs candidate_reuse_move_facts): 1/2-1/2 {Draw by 3-fold repetition}
Score of candidate_reuse_move_facts vs reference: 74 - 75 - 42  [0.497] 191
Started game 193 of 300 (candidate_reuse_move_facts vs reference)
Finished game 191 (candidate_reuse_move_facts vs reference): 1/2-1/2 {Draw by fifty moves rule}
Score of candidate_reuse_move_facts vs reference: 74 - 75 - 43  [0.497] 192
Started game 194 of 300 (reference vs candidate_reuse_move_facts)
Finished game 193 (candidate_reuse_move_facts vs reference): 0-1 {Black mates}
Score of candidate_reuse_move_facts vs reference: 74 - 76 - 43  [0.495] 193
Started game 195 of 300 (candidate_reuse_move_facts vs reference)
Finished game 194 (reference vs candidate_reuse_move_facts): 1-0 {White mates}
Score of candidate_reuse_move_facts vs reference: 74 - 77 - 43  [0.492] 194
Started game 196 of 300 (reference vs candidate_reuse_move_facts)
Finished game 195 (candidate_reuse_move_facts vs reference): 0-1 {Black mates}
Score of candidate_reuse_move_facts vs reference: 74 - 78 - 43  [0.490] 195
Started game 197 of 300 (candidate_reuse_move_facts vs reference)
Finished game 196 (reference vs candidate_reuse_move_facts): 0-1 {Black mates}
Score of candidate_reuse_move_facts vs reference: 75 - 78 - 43  [0.492] 196
Started game 198 of 300 (reference vs candidate_reuse_move_facts)
Finished game 197 (candidate_reuse_move_facts vs reference): 1-0 {White mates}
Score of candidate_reuse_move_facts vs reference: 76 - 78 - 43  [0.495] 197
Started game 199 of 300 (candidate_reuse_move_facts vs reference)
Finished game 199 (candidate_reuse_move_facts vs reference): 1-0 {White mates}
Score of candidate_reuse_move_facts vs reference: 77 - 78 - 43  [0.497] 198
Started game 200 of 300 (reference vs candidate_reuse_move_facts)
Finished game 198 (reference vs candidate_reuse_move_facts): 1-0 {White mates}
Score of candidate_reuse_move_facts vs reference: 77 - 79 - 43  [0.495] 199
Started game 201 of 300 (candidate_reuse_move_facts vs reference)
Finished game 201 (candidate_reuse_move_facts vs reference): 1-0 {White mates}
Score of candidate_reuse_move_facts vs reference: 78 - 79 - 43  [0.497] 200
Elo difference: -1.74 +/- 42.88, LOS: 46.82 %, DrawRatio: 21.50 %
SPRT: llr -0.04 (1.5%), lbound -2.94, ubound 2.94
Started game 202 of 300 (reference vs candidate_reuse_move_facts)
Finished game 200 (reference vs candidate_reuse_move_facts): 1/2-1/2 {Draw by 3-fold repetition}
Score of candidate_reuse_move_facts vs reference: 78 - 79 - 44  [0.498] 201
Started game 203 of 300 (candidate_reuse_move_facts vs reference)
Finished game 203 (candidate_reuse_move_facts vs reference): 0-1 {Black mates}
Score of candidate_reuse_move_facts vs reference: 78 - 80 - 44  [0.495] 202
Started game 204 of 300 (reference vs candidate_reuse_move_facts)
Finished game 202 (reference vs candidate_reuse_move_facts): 1-0 {White mates}
Score of candidate_reuse_move_facts vs reference: 78 - 81 - 44  [0.493] 203
Started game 205 of 300 (candidate_reuse_move_facts vs reference)
Finished game 204 (reference vs candidate_reuse_move_facts): 0-1 {Black mates}
Score of candidate_reuse_move_facts vs reference: 79 - 81 - 44  [0.495] 204
Started game 206 of 300 (reference vs candidate_reuse_move_facts)
Finished game 205 (candidate_reuse_move_facts vs reference): 0-1 {Black mates}
Score of candidate_reuse_move_facts vs reference: 79 - 82 - 44  [0.493] 205
Started game 207 of 300 (candidate_reuse_move_facts vs reference)
Finished game 206 (reference vs candidate_reuse_move_facts): 0-1 {Black mates}
Score of candidate_reuse_move_facts vs reference: 80 - 82 - 44  [0.495] 206
Started game 208 of 300 (reference vs candidate_reuse_move_facts)
Finished game 207 (candidate_reuse_move_facts vs reference): 1/2-1/2 {Draw by insufficient mating material}
Score of candidate_reuse_move_facts vs reference: 80 - 82 - 45  [0.495] 207
Started game 209 of 300 (candidate_reuse_move_facts vs reference)
Finished game 208 (reference vs candidate_reuse_move_facts): 0-1 {Black mates}
Score of candidate_reuse_move_facts vs reference: 81 - 82 - 45  [0.498] 208
Started game 210 of 300 (reference vs candidate_reuse_move_facts)
Finished game 209 (candidate_reuse_move_facts vs reference): 1-0 {White mates}
Score of candidate_reuse_move_facts vs reference: 82 - 82 - 45  [0.500] 209
Started game 211 of 300 (candidate_reuse_move_facts vs reference)
Finished game 210 (reference vs candidate_reuse_move_facts): 1/2-1/2 {Draw by insufficient mating material}
Score of candidate_reuse_move_facts vs reference: 82 - 82 - 46  [0.500] 210
Elo difference: -0.00 +/- 41.73, LOS: 50.00 %, DrawRatio: 21.90 %
SPRT: llr -0.03 (0.9%), lbound -2.94, ubound 2.94
Started game 212 of 300 (reference vs candidate_reuse_move_facts)
Finished game 211 (candidate_reuse_move_facts vs reference): 1/2-1/2 {Draw by insufficient mating material}
Score of candidate_reuse_move_facts vs reference: 82 - 82 - 47  [0.500] 211
Started game 213 of 300 (candidate_reuse_move_facts vs reference)
Finished game 212 (reference vs candidate_reuse_move_facts): 1-0 {White mates}
Score of candidate_reuse_move_facts vs reference: 82 - 83 - 47  [0.498] 212
Started game 214 of 300 (reference vs candidate_reuse_move_facts)
Finished game 213 (candidate_reuse_move_facts vs reference): 1/2-1/2 {Draw by 3-fold repetition}
Score of candidate_reuse_move_facts vs reference: 82 - 83 - 48  [0.498] 213
Started game 215 of 300 (candidate_reuse_move_facts vs reference)
Finished game 214 (reference vs candidate_reuse_move_facts): 1-0 {White mates}
Score of candidate_reuse_move_facts vs reference: 82 - 84 - 48  [0.495] 214
Started game 216 of 300 (reference vs candidate_reuse_move_facts)
Finished game 216 (reference vs candidate_reuse_move_facts): 0-1 {Black mates}
Score of candidate_reuse_move_facts vs reference: 83 - 84 - 48  [0.498] 215
Started game 217 of 300 (candidate_reuse_move_facts vs reference)
Finished game 215 (candidate_reuse_move_facts vs reference): 0-1 {Black mates}
Score of candidate_reuse_move_facts vs reference: 83 - 85 - 48  [0.495] 216
Started game 218 of 300 (reference vs candidate_reuse_move_facts)
Finished game 217 (candidate_reuse_move_facts vs reference): 1/2-1/2 {Draw by stalemate}
Score of candidate_reuse_move_facts vs reference: 83 - 85 - 49  [0.495] 217
Started game 219 of 300 (candidate_reuse_move_facts vs reference)
Finished game 218 (reference vs candidate_reuse_move_facts): 1-0 {White mates}
Score of candidate_reuse_move_facts vs reference: 83 - 86 - 49  [0.493] 218
Started game 220 of 300 (reference vs candidate_reuse_move_facts)
Finished game 219 (candidate_reuse_move_facts vs reference): 0-1 {Black mates}
Score of candidate_reuse_move_facts vs reference: 83 - 87 - 49  [0.491] 219
Started game 221 of 300 (candidate_reuse_move_facts vs reference)
Finished game 220 (reference vs candidate_reuse_move_facts): 0-1 {Black mates}
Score of candidate_reuse_move_facts vs reference: 84 - 87 - 49  [0.493] 220
Elo difference: -4.74 +/- 40.66, LOS: 40.93 %, DrawRatio: 22.27 %
SPRT: llr -0.08 (2.9%), lbound -2.94, ubound 2.94
Started game 222 of 300 (reference vs candidate_reuse_move_facts)
Finished game 221 (candidate_reuse_move_facts vs reference): 0-1 {Black mates}
Score of candidate_reuse_move_facts vs reference: 84 - 88 - 49  [0.491] 221
Started game 223 of 300 (candidate_reuse_move_facts vs reference)
Finished game 222 (reference vs candidate_reuse_move_facts): 1/2-1/2 {Draw by fifty moves rule}
Score of candidate_reuse_move_facts vs reference: 84 - 88 - 50  [0.491] 222
Started game 224 of 300 (reference vs candidate_reuse_move_facts)
Finished game 223 (candidate_reuse_move_facts vs reference): 0-1 {Black mates}
Score of candidate_reuse_move_facts vs reference: 84 - 89 - 50  [0.489] 223
Started game 225 of 300 (candidate_reuse_move_facts vs reference)
Finished game 224 (reference vs candidate_reuse_move_facts): 0-1 {Black mates}
Score of candidate_reuse_move_facts vs reference: 85 - 89 - 50  [0.491] 224
Started game 226 of 300 (reference vs candidate_reuse_move_facts)
Finished game 225 (candidate_reuse_move_facts vs reference): 0-1 {Black mates}
Score of candidate_reuse_move_facts vs reference: 85 - 90 - 50  [0.489] 225
Started game 227 of 300 (candidate_reuse_move_facts vs reference)
Finished game 226 (reference vs candidate_reuse_move_facts): 0-1 {Black mates}
Score of candidate_reuse_move_facts vs reference: 86 - 90 - 50  [0.491] 226
Started game 228 of 300 (reference vs candidate_reuse_move_facts)
Finished game 227 (candidate_reuse_move_facts vs reference): 1-0 {White mates}
Score of candidate_reuse_move_facts vs reference: 87 - 90 - 50  [0.493] 227
Started game 229 of 300 (candidate_reuse_move_facts vs reference)
Finished game 228 (reference vs candidate_reuse_move_facts): 1-0 {White mates}
Score of candidate_reuse_move_facts vs reference: 87 - 91 - 50  [0.491] 228
Started game 230 of 300 (reference vs candidate_reuse_move_facts)
Finished game 229 (candidate_reuse_move_facts vs reference): 0-1 {Black mates}
Score of candidate_reuse_move_facts vs reference: 87 - 92 - 50  [0.489] 229
Started game 231 of 300 (candidate_reuse_move_facts vs reference)
Finished game 230 (reference vs candidate_reuse_move_facts): 1/2-1/2 {Draw by insufficient mating material}
Score of candidate_reuse_move_facts vs reference: 87 - 92 - 51  [0.489] 230
Elo difference: -7.55 +/- 39.79, LOS: 35.43 %, DrawRatio: 22.17 %
SPRT: llr -0.12 (4.2%), lbound -2.94, ubound 2.94
Started game 232 of 300 (reference vs candidate_reuse_move_facts)
Finished game 231 (candidate_reuse_move_facts vs reference): 1-0 {White mates}
Score of candidate_reuse_move_facts vs reference: 88 - 92 - 51  [0.491] 231
Started game 233 of 300 (candidate_reuse_move_facts vs reference)
Finished game 233 (candidate_reuse_move_facts vs reference): 0-1 {Black mates}
Score of candidate_reuse_move_facts vs reference: 88 - 93 - 51  [0.489] 232
Started game 234 of 300 (reference vs candidate_reuse_move_facts)
Finished game 232 (reference vs candidate_reuse_move_facts): 0-1 {Black mates}
Score of candidate_reuse_move_facts vs reference: 89 - 93 - 51  [0.491] 233
Started game 235 of 300 (candidate_reuse_move_facts vs reference)
Finished game 234 (reference vs candidate_reuse_move_facts): 0-1 {Black mates}
Score of candidate_reuse_move_facts vs reference: 90 - 93 - 51  [0.494] 234
Started game 236 of 300 (reference vs candidate_reuse_move_facts)
Finished game 235 (candidate_reuse_move_facts vs reference): 0-1 {Black mates}
Score of candidate_reuse_move_facts vs reference: 90 - 94 - 51  [0.491] 235
Started game 237 of 300 (candidate_reuse_move_facts vs reference)
Finished game 237 (candidate_reuse_move_facts vs reference): 1-0 {White mates}
Score of candidate_reuse_move_facts vs reference: 91 - 94 - 51  [0.494] 236
Started game 238 of 300 (reference vs candidate_reuse_move_facts)
Finished game 236 (reference vs candidate_reuse_move_facts): 1/2-1/2 {Draw by 3-fold repetition}
Score of candidate_reuse_move_facts vs reference: 91 - 94 - 52  [0.494] 237
Started game 239 of 300 (candidate_reuse_move_facts vs reference)
Finished game 238 (reference vs candidate_reuse_move_facts): 1/2-1/2 {Draw by fifty moves rule}
Score of candidate_reuse_move_facts vs reference: 91 - 94 - 53  [0.494] 238
Started game 240 of 300 (reference vs candidate_reuse_move_facts)
Finished game 239 (candidate_reuse_move_facts vs reference): 1-0 {White mates}
Score of candidate_reuse_move_facts vs reference: 92 - 94 - 53  [0.496] 239
Started game 241 of 300 (candidate_reuse_move_facts vs reference)
Finished game 240 (reference vs candidate_reuse_move_facts): 1-0 {White mates}
Score of candidate_reuse_move_facts vs reference: 92 - 95 - 53  [0.494] 240
Elo difference: -4.34 +/- 38.96, LOS: 41.32 %, DrawRatio: 22.08 %
SPRT: llr -0.09 (3.0%), lbound -2.94, ubound 2.94
Started game 242 of 300 (reference vs candidate_reuse_move_facts)
Finished game 241 (candidate_reuse_move_facts vs reference): 1-0 {White mates}
Score of candidate_reuse_move_facts vs reference: 93 - 95 - 53  [0.496] 241
Started game 243 of 300 (candidate_reuse_move_facts vs reference)
Finished game 242 (reference vs candidate_reuse_move_facts): 1-0 {White mates}
Score of candidate_reuse_move_facts vs reference: 93 - 96 - 53  [0.494] 242
Started game 244 of 300 (reference vs candidate_reuse_move_facts)
Finished game 243 (candidate_reuse_move_facts vs reference): 0-1 {Black mates}
Score of candidate_reuse_move_facts vs reference: 93 - 97 - 53  [0.492] 243
Started game 245 of 300 (candidate_reuse_move_facts vs reference)
Warning; PV continues after threefold repetition - move f5h7 from reference
Info; info depth 2 score cp 0 nodes 215 time 4 nps 53750 pv d1d2 f5h7
Position; fen r1bqk2r/pppp1ppp/2nb1n2/1B2p3/8/1P2P3/PBPP1PPP/RN1QK1NR w KQkq - 0 1
Moves; d1f3 e5e4 f3f5 c6e7 f5g5 e7g6 h2h4 h7h6 g5f5 g6e7 f5h3 c7c6 b2f6 g7f6 b5e2 d6e5 b1c3 d8a5 a1d1 e5c3 d2c3 d7d5 e2g4 f6f5 g4e2 f5f4 g2g4 a5c3 d1d2 f4f3 e2f1 h8g8 h3g3 c3a1 d2d1 a1a2 g3d6 a2c2 d6h6 g8g4 h6h5 c2b3 h5e5 c8e6 h4h5 a7a5 d1d2 b3b1 d2d1 b1c2 d1d2 c2b1 d2d1 b1b4 d1d2 g4g8 g1h3 b4b1 d2d1 b1b4 d1d2 b7b5 h3f4 b4b1 d2d1 b1b4 d1d2 e6f5 h5h6 b4b1 d2d1 b1c2 d1d2 c2b1 d2d1 b1b4 d1d2 a5a4 h6h7 b4b1 d2d1 b1b4 d1d2 b4b1 d2d1 b1b4
Warning; PV continues after threefold repetition - move f5h7 from reference
Info; info depth 3 score cp 0 nodes 577 time 10 nps 57700 pv d1d2 f5h7 h1h7
Position; fen r1bqk2r/pppp1ppp/2nb1n2/1B2p3/8/1P2P3/PBPP1PPP/RN1QK1NR w KQkq - 0 1
Moves; d1f3 e5e4 f3f5 c6e7 f5g5 e7g6 h2h4 h7h6 g5f5 g6e7 f5h3 c7c6 b2f6 g7f6 b5e2 d6e5 b1c3 d8a5 a1d1 e5c3 d2c3 d7d5 e2g4 f6f5 g4e2 f5f4 g2g4 a5c3 d1d2 f4f3 e2f1 h8g8 h3g3 c3a1 d2d1 a1a2 g3d6 a2c2 d6h6 g8g4 h6h5 c2b3 h5e5 c8e6 h4h5 a7a5 d1d2 b3b1 d2d1 b1c2 d1d2 c2b1 d2d1 b1b4 d1d2 g4g8 g1h3 b4b1 d2d1 b1b4 d1d2 b7b5 h3f4 b4b1 d2d1 b1b4 d1d2 e6f5 h5h6 b4b1 d2d1 b1c2 d1d2 c2b1 d2d1 b1b4 d1d2 a5a4 h6h7 b4b1 d2d1 b1b4 d1d2 b4b1 d2d1 b1b4
Warning; PV continues after threefold repetition - move f5h7 from reference
Info; info depth 3 score cp 0 nodes 1192 time 17 nps 70117 pv d1d2 f5h7 h1h7
Position; fen r1bqk2r/pppp1ppp/2nb1n2/1B2p3/8/1P2P3/PBPP1PPP/RN1QK1NR w KQkq - 0 1
Moves; d1f3 e5e4 f3f5 c6e7 f5g5 e7g6 h2h4 h7h6 g5f5 g6e7 f5h3 c7c6 b2f6 g7f6 b5e2 d6e5 b1c3 d8a5 a1d1 e5c3 d2c3 d7d5 e2g4 f6f5 g4e2 f5f4 g2g4 a5c3 d1d2 f4f3 e2f1 h8g8 h3g3 c3a1 d2d1 a1a2 g3d6 a2c2 d6h6 g8g4 h6h5 c2b3 h5e5 c8e6 h4h5 a7a5 d1d2 b3b1 d2d1 b1c2 d1d2 c2b1 d2d1 b1b4 d1d2 g4g8 g1h3 b4b1 d2d1 b1b4 d1d2 b7b5 h3f4 b4b1 d2d1 b1b4 d1d2 e6f5 h5h6 b4b1 d2d1 b1c2 d1d2 c2b1 d2d1 b1b4 d1d2 a5a4 h6h7 b4b1 d2d1 b1b4 d1d2 b4b1 d2d1 b1b4
Finished game 244 (reference vs candidate_reuse_move_facts): 1/2-1/2 {Draw by 3-fold repetition}
Score of candidate_reuse_move_facts vs reference: 93 - 97 - 54  [0.492] 244
Started game 246 of 300 (reference vs candidate_reuse_move_facts)
Finished game 245 (candidate_reuse_move_facts vs reference): 0-1 {Black mates}
Score of candidate_reuse_move_facts vs reference: 93 - 98 - 54  [0.490] 245
Started game 247 of 300 (candidate_reuse_move_facts vs reference)
Finished game 246 (reference vs candidate_reuse_move_facts): 0-1 {Black mates}
Score of candidate_reuse_move_facts vs reference: 94 - 98 - 54  [0.492] 246
Started game 248 of 300 (reference vs candidate_reuse_move_facts)
Finished game 247 (candidate_reuse_move_facts vs reference): 0-1 {Black mates}
Score of candidate_reuse_move_facts vs reference: 94 - 99 - 54  [0.490] 247
Started game 249 of 300 (candidate_reuse_move_facts vs reference)
Finished game 248 (reference vs candidate_reuse_move_facts): 0-1 {Black mates}
Score of candidate_reuse_move_facts vs reference: 95 - 99 - 54  [0.492] 248
Started game 250 of 300 (reference vs candidate_reuse_move_facts)
Finished game 250 (reference vs candidate_reuse_move_facts): 1/2-1/2 {Draw by 3-fold repetition}
Score of candidate_reuse_move_facts vs reference: 95 - 99 - 55  [0.492] 249
Started game 251 of 300 (candidate_reuse_move_facts vs reference)
Finished game 249 (candidate_reuse_move_facts vs reference): 0-1 {Black mates}
Score of candidate_reuse_move_facts vs reference: 95 - 100 - 55  [0.490] 250
Elo difference: -6.95 +/- 38.20, LOS: 36.01 %, DrawRatio: 22.00 %
SPRT: llr -0.13 (4.3%), lbound -2.94, ubound 2.94
Started game 252 of 300 (reference vs candidate_reuse_move_facts)
Finished game 251 (candidate_reuse_move_facts vs reference): 1-0 {White mates}
Score of candidate_reuse_move_facts vs reference: 96 - 100 - 55  [0.492] 251
Started game 253 of 300 (candidate_reuse_move_facts vs reference)
Finished game 253 (candidate_reuse_move_facts vs reference): 1-0 {White mates}
Score of candidate_reuse_move_facts vs reference: 97 - 100 - 55  [0.494] 252
Started game 254 of 300 (reference vs candidate_reuse_move_facts)
Finished game 252 (reference vs candidate_reuse_move_facts): 0-1 {Black mates}
Score of candidate_reuse_move_facts vs reference: 98 - 100 - 55  [0.496] 253
Started game 255 of 300 (candidate_reuse_move_facts vs reference)
Finished game 255 (candidate_reuse_move_facts vs reference): 0-1 {Black mates}
Score of candidate_reuse_move_facts vs reference: 98 - 101 - 55  [0.494] 254
Started game 256 of 300 (reference vs candidate_reuse_move_facts)
Finished game 254 (reference vs candidate_reuse_move_facts): 1-0 {White mates}
Score of candidate_reuse_move_facts vs reference: 98 - 102 - 55  [0.492] 255
Started game 257 of 300 (candidate_reuse_move_facts vs reference)
Finished game 257 (candidate_reuse_move_facts vs reference): 0-1 {Black mates}
Score of candidate_reuse_move_facts vs reference: 98 - 103 - 55  [0.490] 256
Started game 258 of 300 (reference vs candidate_reuse_move_facts)
Finished game 256 (reference vs candidate_reuse_move_facts): 0-1 {Black mates}
Score of candidate_reuse_move_facts vs reference: 99 - 103 - 55  [0.492] 257
Started game 259 of 300 (candidate_reuse_move_facts vs reference)
Finished game 258 (reference vs candidate_reuse_move_facts): 1-0 {White mates}
Score of candidate_reuse_move_facts vs reference: 99 - 104 - 55  [0.490] 258
Started game 260 of 300 (reference vs candidate_reuse_move_facts)
Finished game 260 (reference vs candidate_reuse_move_facts): 0-1 {Black mates}
Score of candidate_reuse_move_facts vs reference: 100 - 104 - 55  [0.492] 259
Started game 261 of 300 (candidate_reuse_move_facts vs reference)
Finished game 259 (candidate_reuse_move_facts vs reference): 1-0 {White mates}
Score of candidate_reuse_move_facts vs reference: 101 - 104 - 55  [0.494] 260
Elo difference: -4.01 +/- 37.65, LOS: 41.70 %, DrawRatio: 21.15 %
SPRT: llr -0.09 (3.0%), lbound -2.94, ubound 2.94
Started game 262 of 300 (reference vs candidate_reuse_move_facts)
Finished game 261 (candidate_reuse_move_facts vs reference): 0-1 {Black mates}
Score of candidate_reuse_move_facts vs reference: 101 - 105 - 55  [0.492] 261
Started game 263 of 300 (candidate_reuse_move_facts vs reference)
Finished game 262 (reference vs candidate_reuse_move_facts): 0-1 {Black mates}
Score of candidate_reuse_move_facts vs reference: 102 - 105 - 55  [0.494] 262
Started game 264 of 300 (reference vs candidate_reuse_move_facts)
Finished game 263 (candidate_reuse_move_facts vs reference): 0-1 {Black mates}
Score of candidate_reuse_move_facts vs reference: 102 - 106 - 55  [0.492] 263
Started game 265 of 300 (candidate_reuse_move_facts vs reference)
Finished game 264 (reference vs candidate_reuse_move_facts): 0-1 {Black mates}
Score of candidate_reuse_move_facts vs reference: 103 - 106 - 55  [0.494] 264
Started game 266 of 300 (reference vs candidate_reuse_move_facts)
Finished game 265 (candidate_reuse_move_facts vs reference): 0-1 {Black mates}
Score of candidate_reuse_move_facts vs reference: 103 - 107 - 55  [0.492] 265
Started game 267 of 300 (candidate_reuse_move_facts vs reference)
Finished game 266 (reference vs candidate_reuse_move_facts): 1/2-1/2 {Draw by insufficient mating material}
Score of candidate_reuse_move_facts vs reference: 103 - 107 - 56  [0.492] 266
Started game 268 of 300 (reference vs candidate_reuse_move_facts)
Finished game 267 (candidate_reuse_move_facts vs reference): 1-0 {White mates}
Score of candidate_reuse_move_facts vs reference: 104 - 107 - 56  [0.494] 267
Started game 269 of 300 (candidate_reuse_move_facts vs reference)
Finished game 269 (candidate_reuse_move_facts vs reference): 0-1 {Black mates}
Score of candidate_reuse_move_facts vs reference: 104 - 108 - 56  [0.493] 268
Started game 270 of 300 (reference vs candidate_reuse_move_facts)
Finished game 268 (reference vs candidate_reuse_move_facts): 1/2-1/2 {Draw by fifty moves rule}
Score of candidate_reuse_move_facts vs reference: 104 - 108 - 57  [0.493] 269
Started game 271 of 300 (candidate_reuse_move_facts vs reference)
Finished game 270 (reference vs candidate_reuse_move_facts): 0-1 {Black mates}
Score of candidate_reuse_move_facts vs reference: 105 - 108 - 57  [0.494] 270
Elo difference: -3.86 +/- 36.95, LOS: 41.86 %, DrawRatio: 21.11 %
SPRT: llr -0.09 (3.1%), lbound -2.94, ubound 2.94
Started game 272 of 300 (reference vs candidate_reuse_move_facts)
Warning; PV continues after threefold repetition - move d7d6 from candidate_reuse_move_facts
Info; info depth 3 score cp 0 nodes 831 time 9 nps 92333 pv f3e3 d7d6 b5b4
Position; fen r1bqkb1r/pppp1ppp/2n5/4P3/2P3n1/5N2/PP2PPPP/RNBQKB1R w KQkq - 0 1
Moves; c1g5 f8e7 g5e7 d8e7 b1c3 e7c5 e2e3 g4e5 d1d5 e5f3 d5f3 d7d6 a1d1 c8e6 f3e4 e8g8 f1e2 c5e5 e1g1 f8e8 a2a3 a7a5 d1d2 g7g6 f1d1 f7f5 e4e5 c6e5 c3d5 e6d5 d2d5 g8g7 g2g3 a5a4 c4c5 e5f7 c5d6 f7d6 d5c5 e8e7 c5d5 e7e4 e2f3 e4e8 d5c5 e8e7 d1d4 g7f6 h2h4 h7h5 g1g2 a8a6 f3e2 a6b6 c5c2 e7e4 d4d5 b6c6 c2d2 d6c4 e2c4 c6c4 d2d1 c4c2 d5b5 b7b6 g2f3 f6f7 d1d5 e4e8 d5d4 e8e4 b5b4 e4d4 e3d4 f7e6 b4b5 e6d6 f3e3 d6d7 f2f4 c2g2 e3f3 g2c2 f3e3 c2g2 e3f3 g2h2 f3e3 h2h3 e3f2 h3h2 f2e3 h2h3 e3f3 h3h2
Warning; PV continues after threefold repetition - move d7d6 from candidate_reuse_move_facts
Info; info depth 3 score cp 0 nodes 1296 time 15 nps 86400 pv f3e3 d7d6 b5b4
Position; fen r1bqkb1r/pppp1ppp/2n5/4P3/2P3n1/5N2/PP2PPPP/RNBQKB1R w KQkq - 0 1
Moves; c1g5 f8e7 g5e7 d8e7 b1c3 e7c5 e2e3 g4e5 d1d5 e5f3 d5f3 d7d6 a1d1 c8e6 f3e4 e8g8 f1e2 c5e5 e1g1 f8e8 a2a3 a7a5 d1d2 g7g6 f1d1 f7f5 e4e5 c6e5 c3d5 e6d5 d2d5 g8g7 g2g3 a5a4 c4c5 e5f7 c5d6 f7d6 d5c5 e8e7 c5d5 e7e4 e2f3 e4e8 d5c5 e8e7 d1d4 g7f6 h2h4 h7h5 g1g2 a8a6 f3e2 a6b6 c5c2 e7e4 d4d5 b6c6 c2d2 d6c4 e2c4 c6c4 d2d1 c4c2 d5b5 b7b6 g2f3 f6f7 d1d5 e4e8 d5d4 e8e4 b5b4 e4d4 e3d4 f7e6 b4b5 e6d6 f3e3 d6d7 f2f4 c2g2 e3f3 g2c2 f3e3 c2g2 e3f3 g2h2 f3e3 h2h3 e3f2 h3h2 f2e3 h2h3 e3f3 h3h2
Finished game 271 (candidate_reuse_move_facts vs reference): 1/2-1/2 {Draw by 3-fold repetition}
Score of candidate_reuse_move_facts vs reference: 105 - 108 - 58  [0.494] 271
Started game 273 of 300 (candidate_reuse_move_facts vs reference)
Finished game 272 (reference vs candidate_reuse_move_facts): 1-0 {White mates}
Score of candidate_reuse_move_facts vs reference: 105 - 109 - 58  [0.493] 272
Started game 274 of 300 (reference vs candidate_reuse_move_facts)
Finished game 273 (candidate_reuse_move_facts vs reference): 0-1 {Black mates}
Score of candidate_reuse_move_facts vs reference: 105 - 110 - 58  [0.491] 273
Started game 275 of 300 (candidate_reuse_move_facts vs reference)
Finished game 274 (reference vs candidate_reuse_move_facts): 1-0 {White mates}
Score of candidate_reuse_move_facts vs reference: 105 - 111 - 58  [0.489] 274
Started game 276 of 300 (reference vs candidate_reuse_move_facts)
Finished game 275 (candidate_reuse_move_facts vs reference): 1-0 {White mates}
Score of candidate_reuse_move_facts vs reference: 106 - 111 - 58  [0.491] 275
Started game 277 of 300 (candidate_reuse_move_facts vs reference)
Finished game 277 (candidate_reuse_move_facts vs reference): 1-0 {White mates}
Score of candidate_reuse_move_facts vs reference: 107 - 111 - 58  [0.493] 276
Started game 278 of 300 (reference vs candidate_reuse_move_facts)
Finished game 276 (reference vs candidate_reuse_move_facts): 0-1 {Black mates}
Score of candidate_reuse_move_facts vs reference: 108 - 111 - 58  [0.495] 277
Started game 279 of 300 (candidate_reuse_move_facts vs reference)
Finished game 278 (reference vs candidate_reuse_move_facts): 1-0 {White mates}
Score of candidate_reuse_move_facts vs reference: 108 - 112 - 58  [0.493] 278
Started game 280 of 300 (reference vs candidate_reuse_move_facts)
Finished game 279 (candidate_reuse_move_facts vs reference): 1-0 {White mates}
Score of candidate_reuse_move_facts vs reference: 109 - 112 - 58  [0.495] 279
Started game 281 of 300 (candidate_reuse_move_facts vs reference)
Finished game 280 (reference vs candidate_reuse_move_facts): 1-0 {White mates}
Score of candidate_reuse_move_facts vs reference: 109 - 113 - 58  [0.493] 280
Elo difference: -4.96 +/- 36.37, LOS: 39.42 %, DrawRatio: 20.71 %
SPRT: llr -0.11 (3.7%), lbound -2.94, ubound 2.94
Started game 282 of 300 (reference vs candidate_reuse_move_facts)
Finished game 281 (candidate_reuse_move_facts vs reference): 1-0 {White mates}
Score of candidate_reuse_move_facts vs reference: 110 - 113 - 58  [0.495] 281
Started game 283 of 300 (candidate_reuse_move_facts vs reference)
Finished game 282 (reference vs candidate_reuse_move_facts): 1-0 {White mates}
Score of candidate_reuse_move_facts vs reference: 110 - 114 - 58  [0.493] 282
Started game 284 of 300 (reference vs candidate_reuse_move_facts)
Finished game 283 (candidate_reuse_move_facts vs reference): 0-1 {Black mates}
Score of candidate_reuse_move_facts vs reference: 110 - 115 - 58  [0.491] 283
Started game 285 of 300 (candidate_reuse_move_facts vs reference)
Finished game 284 (reference vs candidate_reuse_move_facts): 0-1 {Black mates}
Score of candidate_reuse_move_facts vs reference: 111 - 115 - 58  [0.493] 284
Started game 286 of 300 (reference vs candidate_reuse_move_facts)
Finished game 285 (candidate_reuse_move_facts vs reference): 0-1 {Black mates}
Score of candidate_reuse_move_facts vs reference: 111 - 116 - 58  [0.491] 285
Started game 287 of 300 (candidate_reuse_move_facts vs reference)
Finished game 286 (reference vs candidate_reuse_move_facts): 0-1 {Black mates}
Score of candidate_reuse_move_facts vs reference: 112 - 116 - 58  [0.493] 286
Started game 288 of 300 (reference vs candidate_reuse_move_facts)
Finished game 287 (candidate_reuse_move_facts vs reference): 0-1 {Black mates}
Score of candidate_reuse_move_facts vs reference: 112 - 117 - 58  [0.491] 287
Started game 289 of 300 (candidate_reuse_move_facts vs reference)
Finished game 288 (reference vs candidate_reuse_move_facts): 0-1 {Black mates}
Score of candidate_reuse_move_facts vs reference: 113 - 117 - 58  [0.493] 288
Started game 290 of 300 (reference vs candidate_reuse_move_facts)
Finished game 289 (candidate_reuse_move_facts vs reference): 0-1 {Black mates}
Score of candidate_reuse_move_facts vs reference: 113 - 118 - 58  [0.491] 289
Started game 291 of 300 (candidate_reuse_move_facts vs reference)
Finished game 290 (reference vs candidate_reuse_move_facts): 1/2-1/2 {Draw by 3-fold repetition}
Score of candidate_reuse_move_facts vs reference: 113 - 118 - 59  [0.491] 290
Elo difference: -5.99 +/- 35.82, LOS: 37.11 %, DrawRatio: 20.34 %
SPRT: llr -0.13 (4.3%), lbound -2.94, ubound 2.94
Started game 292 of 300 (reference vs candidate_reuse_move_facts)
Finished game 291 (candidate_reuse_move_facts vs reference): 1-0 {White mates}
Score of candidate_reuse_move_facts vs reference: 114 - 118 - 59  [0.493] 291
Started game 293 of 300 (candidate_reuse_move_facts vs reference)
Finished game 292 (reference vs candidate_reuse_move_facts): 1-0 {White mates}
Score of candidate_reuse_move_facts vs reference: 114 - 119 - 59  [0.491] 292
Started game 294 of 300 (reference vs candidate_reuse_move_facts)
Finished game 294 (reference vs candidate_reuse_move_facts): 1-0 {White mates}
Score of candidate_reuse_move_facts vs reference: 114 - 120 - 59  [0.490] 293
Started game 295 of 300 (candidate_reuse_move_facts vs reference)
Finished game 293 (candidate_reuse_move_facts vs reference): 1/2-1/2 {Draw by fifty moves rule}
Score of candidate_reuse_move_facts vs reference: 114 - 120 - 60  [0.490] 294
Started game 296 of 300 (reference vs candidate_reuse_move_facts)
Finished game 295 (candidate_reuse_move_facts vs reference): 0-1 {Black mates}
Score of candidate_reuse_move_facts vs reference: 114 - 121 - 60  [0.488] 295
Started game 297 of 300 (candidate_reuse_move_facts vs reference)
Finished game 296 (reference vs candidate_reuse_move_facts): 0-1 {Black mates}
Score of candidate_reuse_move_facts vs reference: 115 - 121 - 60  [0.490] 296
Started game 298 of 300 (reference vs candidate_reuse_move_facts)
Finished game 297 (candidate_reuse_move_facts vs reference): 1/2-1/2 {Draw by fifty moves rule}
Score of candidate_reuse_move_facts vs reference: 115 - 121 - 61  [0.490] 297
Started game 299 of 300 (candidate_reuse_move_facts vs reference)
Finished game 298 (reference vs candidate_reuse_move_facts): 1-0 {White mates}
Score of candidate_reuse_move_facts vs reference: 115 - 122 - 61  [0.488] 298
Started game 300 of 300 (reference vs candidate_reuse_move_facts)
Finished game 300 (reference vs candidate_reuse_move_facts): 1-0 {White mates}
Score of candidate_reuse_move_facts vs reference: 115 - 123 - 61  [0.487] 299
Finished game 299 (candidate_reuse_move_facts vs reference): 1/2-1/2 {Draw by fifty moves rule}
Score of candidate_reuse_move_facts vs reference: 115 - 123 - 62  [0.487] 300
Elo difference: -9.27 +/- 35.15, LOS: 30.20 %, DrawRatio: 20.67 %
SPRT: llr -0.18 (6.3%), lbound -2.94, ubound 2.94
Finished match
Total Time: 00:07:17 (hours:minutes:seconds)

