Indexing opening suite...
Started game 1 of 20 (candidate_version vs reference)
Started game 2 of 20 (reference vs candidate_version)
Finished game 1 (candidate_version vs reference): 0-1 {Black mates}
Score of candidate_version vs reference: 0 - 1 - 0  [0.000] 1
Started game 3 of 20 (candidate_version vs reference)
Finished game 2 (reference vs candidate_version): 1/2-1/2 {Draw by fifty moves rule}
Score of candidate_version vs reference: 0 - 1 - 1  [0.250] 2
Started game 4 of 20 (reference vs candidate_version)
Finished game 3 (candidate_version vs reference): 1-0 {White mates}
Score of candidate_version vs reference: 1 - 1 - 1  [0.500] 3
Started game 5 of 20 (candidate_version vs reference)
Finished game 4 (reference vs candidate_version): 1-0 {White mates}
Score of candidate_version vs reference: 1 - 2 - 1  [0.375] 4
Started game 6 of 20 (reference vs candidate_version)
Finished game 5 (candidate_version vs reference): 1-0 {White mates}
Score of candidate_version vs reference: 2 - 2 - 1  [0.500] 5
Started game 7 of 20 (candidate_version vs reference)
Finished game 6 (reference vs candidate_version): 1-0 {White mates}
Score of candidate_version vs reference: 2 - 3 - 1  [0.417] 6
Started game 8 of 20 (reference vs candidate_version)
Finished game 7 (candidate_version vs reference): 0-1 {Black mates}
Score of candidate_version vs reference: 2 - 4 - 1  [0.357] 7
Started game 9 of 20 (candidate_version vs reference)
Finished game 8 (reference vs candidate_version): 0-1 {Black mates}
Score of candidate_version vs reference: 3 - 4 - 1  [0.438] 8
Started game 10 of 20 (reference vs candidate_version)
Finished game 9 (candidate_version vs reference): 1-0 {White mates}
Score of candidate_version vs reference: 4 - 4 - 1  [0.500] 9
Started game 11 of 20 (candidate_version vs reference)
Finished game 10 (reference vs candidate_version): 0-1 {Black mates}
Score of candidate_version vs reference: 5 - 4 - 1  [0.550] 10
Elo difference: 34.86 +/- 237.48, LOS: 63.13 %, DrawRatio: 10.00 %
SPRT: llr 0.01 (0.5%), lbound -2.94, ubound 2.94
Started game 12 of 20 (reference vs candidate_version)
Finished game 11 (candidate_version vs reference): 1-0 {White mates}
Score of candidate_version vs reference: 6 - 4 - 1  [0.591] 11
Started game 13 of 20 (candidate_version vs reference)
Finished game 12 (reference vs candidate_version): 1-0 {White mates}
Score of candidate_version vs reference: 6 - 5 - 1  [0.542] 12
Started game 14 of 20 (reference vs candidate_version)
Finished game 13 (candidate_version vs reference): 1-0 {White mates}
Score of candidate_version vs reference: 7 - 5 - 1  [0.577] 13
Started game 15 of 20 (candidate_version vs reference)
Finished game 14 (reference vs candidate_version): 0-1 {Black mates}
Score of candidate_version vs reference: 8 - 5 - 1  [0.607] 14
Started game 16 of 20 (reference vs candidate_version)
Finished game 15 (candidate_version vs reference): 0-1 {Black mates}
Score of candidate_version vs reference: 8 - 6 - 1  [0.567] 15
Started game 17 of 20 (candidate_version vs reference)
Finished game 16 (reference vs candidate_version): 1/2-1/2 {Draw by stalemate}
Score of candidate_version vs reference: 8 - 6 - 2  [0.562] 16
Started game 18 of 20 (reference vs candidate_version)
Finished game 17 (candidate_version vs reference): 0-1 {Black mates}
Score of candidate_version vs reference: 8 - 7 - 2  [0.529] 17
Started game 19 of 20 (candidate_version vs reference)
Finished game 18 (reference vs candidate_version): 1/2-1/2 {Draw by fifty moves rule}
Score of candidate_version vs reference: 8 - 7 - 3  [0.528] 18
Started game 20 of 20 (reference vs candidate_version)
Finished game 19 (candidate_version vs reference): 0-1 {Black mates}
Score of candidate_version vs reference: 8 - 8 - 3  [0.500] 19
Warning; PV continues after threefold repetition - move d4d3 from candidate_version
Info; info depth 2 score cp 0 nodes 53 time 0 nps 53000 pv d7d6 d4d3
Position; fen rnbqk2r/ppp1ppbp/3p1np1/8/2PPP3/2N5/PP3PPP/R1BQKBNR w KQkq - 0 1
Moves; c1e3 c8g4 f1e2 g4e2 g1e2 b8d7 d1b3 f6g4 e1g1 d7b6 c4c5 d6c5 b3b5 c7c6 b5c5 d8d6 e3f4 d6c5 d4c5 g7c3 e2c3 e7e5 c5b6 e5f4 b6a7 a8a7 a1d1 a7a5 h2h3 g4e5 d1d4 e8e7 f1d1 h8a8 a2a3 f7f6 f2f3 g6g5 g1f2 h7h5 d4d6 h5h4 f2e2 a8e8 e2f2 e8a8 f2e2 a8e8 a3a4 e8a8 b2b4 a5a6 a4a5 a8e8 e2f2 e7f7 c3e2 f7e7 e2c3 e7f7 c3e2 f7e7 f2f1 e7f7 e2c3 f7e7 f1e2 e7f7 e2f2 f7e7 c3e2 e7f7 e2c3 f7e7 c3e2 e7f7 f2f1 f7e7 d1d2 e7f7 e2c3 f7e7 f1e1 e7f7 e1f1 f7e7 f1e1 e7f7 e1f2 f7e7 f2f1 e7f7 f1e1 f7e7 e1f1 e7f7 f1e1 f7e7 e1f2 e7f7 c3e2 f7e7 e2c3 e7f7 c3e2 f7e7 f2f1 e7f7 d2d1 f7e7 f1e1 a6a8 d1d2 e8d8 d6d8 a8d8 e2d4 e7e8 e1e2 e5c4 d2d3 c4e3 d4f5 e3f5 d3d8 e8d8 e4f5 d8d7 e2d3 d7e7 d3c4 e7d7 c4d3 d7c7 d3c4 c7d7 c4c3 d7e7 c3d3 e7d7 d3c4 d7e7 c4c5 e7d7 c5b6 d7c8 b6c5 c8c7 c5d4 c7d6 d4e4 d6d7 e4d4 d7d6 d4e4 d6d7 e4d4
Warning; PV continues after threefold repetition - move d4d3 from candidate_version
Info; info depth 3 score cp 0 nodes 141 time 1 nps 141000 pv d7d6 d4d3 d6e5
Position; fen rnbqk2r/ppp1ppbp/3p1np1/8/2PPP3/2N5/PP3PPP/R1BQKBNR w KQkq - 0 1
Moves; c1e3 c8g4 f1e2 g4e2 g1e2 b8d7 d1b3 f6g4 e1g1 d7b6 c4c5 d6c5 b3b5 c7c6 b5c5 d8d6 e3f4 d6c5 d4c5 g7c3 e2c3 e7e5 c5b6 e5f4 b6a7 a8a7 a1d1 a7a5 h2h3 g4e5 d1d4 e8e7 f1d1 h8a8 a2a3 f7f6 f2f3 g6g5 g1f2 h7h5 d4d6 h5h4 f2e2 a8e8 e2f2 e8a8 f2e2 a8e8 a3a4 e8a8 b2b4 a5a6 a4a5 a8e8 e2f2 e7f7 c3e2 f7e7 e2c3 e7f7 c3e2 f7e7 f2f1 e7f7 e2c3 f7e7 f1e2 e7f7 e2f2 f7e7 c3e2 e7f7 e2c3 f7e7 c3e2 e7f7 f2f1 f7e7 d1d2 e7f7 e2c3 f7e7 f1e1 e7f7 e1f1 f7e7 f1e1 e7f7 e1f2 f7e7 f2f1 e7f7 f1e1 f7e7 e1f1 e7f7 f1e1 f7e7 e1f2 e7f7 c3e2 f7e7 e2c3 e7f7 c3e2 f7e7 f2f1 e7f7 d2d1 f7e7 f1e1 a6a8 d1d2 e8d8 d6d8 a8d8 e2d4 e7e8 e1e2 e5c4 d2d3 c4e3 d4f5 e3f5 d3d8 e8d8 e4f5 d8d7 e2d3 d7e7 d3c4 e7d7 c4d3 d7c7 d3c4 c7d7 c4c3 d7e7 c3d3 e7d7 d3c4 d7e7 c4c5 e7d7 c5b6 d7c8 b6c5 c8c7 c5d4 c7d6 d4e4 d6d7 e4d4 d7d6 d4e4 d6d7 e4d4
Finished game 20 (reference vs candidate_version): 1/2-1/2 {Draw by 3-fold repetition}
Score of candidate_version vs reference: 8 - 8 - 4  [0.500] 20
Elo difference: -0.00 +/- 143.89, LOS: 50.00 %, DrawRatio: 20.00 %
SPRT: llr -0.00 (0.1%), lbound -2.94, ubound 2.94
Finished match
Total Time: 00:00:31 (hours:minutes:seconds)

