Indexing opening suite...
Started game 2 of 100 (reference vs candidate_legal_fast_path)
Started game 1 of 100 (candidate_legal_fast_path vs reference)
Finished game 2 (reference vs candidate_legal_fast_path): 1-0 {White mates}
Score of candidate_legal_fast_path vs reference: 0 - 1 - 0  [0.000] 1
Started game 3 of 100 (candidate_legal_fast_path vs reference)
Finished game 1 (candidate_legal_fast_path vs reference): 1-0 {White mates}
Score of candidate_legal_fast_path vs reference: 1 - 1 - 0  [0.500] 2
Started game 4 of 100 (reference vs candidate_legal_fast_path)
Warning; PV continues after threefold repetition - move f5h7 from candidate_legal_fast_path
Info; info depth 2 score cp 0 nodes 217 time 4 nps 54250 pv d1d2 f5h7
Position; fen r1bqk2r/pppp1ppp/2nb1n2/1B2p3/8/1P2P3/PBPP1PPP/RN1QK1NR w KQkq - 0 1
Moves; d1f3 e5e4 f3f5 c6e7 f5g5 e7g6 h2h4 h7h6 g5f5 g6e7 f5h3 c7c6 b2f6 g7f6 b5e2 d6e5 b1c3 d8a5 a1d1 e5c3 d2c3 d7d5 e2g4 f6f5 g4e2 f5f4 g2g4 a5c3 d1d2 f4f3 e2f1 c3a1 d2d1 a1a2 h3g3 h8g8 g3d6 a2c2 d6h6 g8g4 h6h5 c2b3 h5e5 c8e6 h4h5 a7a5 d1d2 b3b1 d2d1 b1c2 d1d2 c2b1 d2d1 b1b4 d1d2 g4g8 g1h3 b4b1 d2d1 b1b4 d1d2 b7b5 h3f4 b4b1 d2d1 b1b4 d1d2 e6f5 h5h6 b4b1 d2d1 b1c2 d1d2 c2b1 d2d1 b1b4 d1d2 a5a4 h6h7 b4b1 d2d1 b1b4 d1d2 b4b1 d2d1 b1b4
Warning; PV continues after threefold repetition - move f5h7 from candidate_legal_fast_path
Info; info depth 3 score cp 0 nodes 579 time 11 nps 52636 pv d1d2 f5h7 h1h7
Position; fen r1bqk2r/pppp1ppp/2nb1n2/1B2p3/8/1P2P3/PBPP1PPP/RN1QK1NR w KQkq - 0 1
Moves; d1f3 e5e4 f3f5 c6e7 f5g5 e7g6 h2h4 h7h6 g5f5 g6e7 f5h3 c7c6 b2f6 g7f6 b5e2 d6e5 b1c3 d8a5 a1d1 e5c3 d2c3 d7d5 e2g4 f6f5 g4e2 f5f4 g2g4 a5c3 d1d2 f4f3 e2f1 c3a1 d2d1 a1a2 h3g3 h8g8 g3d6 a2c2 d6h6 g8g4 h6h5 c2b3 h5e5 c8e6 h4h5 a7a5 d1d2 b3b1 d2d1 b1c2 d1d2 c2b1 d2d1 b1b4 d1d2 g4g8 g1h3 b4b1 d2d1 b1b4 d1d2 b7b5 h3f4 b4b1 d2d1 b1b4 d1d2 e6f5 h5h6 b4b1 d2d1 b1c2 d1d2 c2b1 d2d1 b1b4 d1d2 a5a4 h6h7 b4b1 d2d1 b1b4 d1d2 b4b1 d2d1 b1b4
Warning; PV continues after threefold repetition - move f5h7 from candidate_legal_fast_path
Info; info depth 3 score cp 0 nodes 1044 time 17 nps 61411 pv d1d2 f5h7 h1h7
Position; fen r1bqk2r/pppp1ppp/2nb1n2/1B2p3/8/1P2P3/PBPP1PPP/RN1QK1NR w KQkq - 0 1
Moves; d1f3 e5e4 f3f5 c6e7 f5g5 e7g6 h2h4 h7h6 g5f5 g6e7 f5h3 c7c6 b2f6 g7f6 b5e2 d6e5 b1c3 d8a5 a1d1 e5c3 d2c3 d7d5 e2g4 f6f5 g4e2 f5f4 g2g4 a5c3 d1d2 f4f3 e2f1 c3a1 d2d1 a1a2 h3g3 h8g8 g3d6 a2c2 d6h6 g8g4 h6h5 c2b3 h5e5 c8e6 h4h5 a7a5 d1d2 b3b1 d2d1 b1c2 d1d2 c2b1 d2d1 b1b4 d1d2 g4g8 g1h3 b4b1 d2d1 b1b4 d1d2 b7b5 h3f4 b4b1 d2d1 b1b4 d1d2 e6f5 h5h6 b4b1 d2d1 b1c2 d1d2 c2b1 d2d1 b1b4 d1d2 a5a4 h6h7 b4b1 d2d1 b1b4 d1d2 b4b1 d2d1 b1b4
Finished game 3 (candidate_legal_fast_path vs reference): 1/2-1/2 {Draw by 3-fold repetition}
Score of candidate_legal_fast_path vs reference: 1 - 1 - 1  [0.500] 3
Started game 5 of 100 (candidate_legal_fast_path vs reference)
Finished game 4 (reference vs candidate_legal_fast_path): 1-0 {White mates}
Score of candidate_legal_fast_path vs reference: 1 - 2 - 1  [0.375] 4
Started game 6 of 100 (reference vs candidate_legal_fast_path)
Finished game 5 (candidate_legal_fast_path vs reference): 0-1 {Black mates}
Score of candidate_legal_fast_path vs reference: 1 - 3 - 1  [0.300] 5
Started game 7 of 100 (candidate_legal_fast_path vs reference)
Finished game 6 (reference vs candidate_legal_fast_path): 0-1 {Black mates}
Score of candidate_legal_fast_path vs reference: 2 - 3 - 1  [0.417] 6
Started game 8 of 100 (reference vs candidate_legal_fast_path)
Finished game 7 (candidate_legal_fast_path vs reference): 0-1 {Black mates}
Score of candidate_legal_fast_path vs reference: 2 - 4 - 1  [0.357] 7
Started game 9 of 100 (candidate_legal_fast_path vs reference)
Finished game 8 (reference vs candidate_legal_fast_path): 0-1 {Black mates}
Score of candidate_legal_fast_path vs reference: 3 - 4 - 1  [0.438] 8
Started game 10 of 100 (reference vs candidate_legal_fast_path)
Finished game 9 (candidate_legal_fast_path vs reference): 0-1 {Black mates}
Score of candidate_legal_fast_path vs reference: 3 - 5 - 1  [0.389] 9
Started game 11 of 100 (candidate_legal_fast_path vs reference)
Finished game 10 (reference vs candidate_legal_fast_path): 0-1 {Black mates}
Score of candidate_legal_fast_path vs reference: 4 - 5 - 1  [0.450] 10
Elo difference: -34.86 +/- 237.48, LOS: 36.87 %, DrawRatio: 10.00 %
SPRT: llr -0.02 (0.6%), lbound -2.94, ubound 2.94
Started game 12 of 100 (reference vs candidate_legal_fast_path)
Finished game 11 (candidate_legal_fast_path vs reference): 1-0 {White mates}
Score of candidate_legal_fast_path vs reference: 5 - 5 - 1  [0.500] 11
Started game 13 of 100 (candidate_legal_fast_path vs reference)
Finished game 12 (reference vs candidate_legal_fast_path): 1-0 {White mates}
Score of candidate_legal_fast_path vs reference: 5 - 6 - 1  [0.458] 12
Started game 14 of 100 (reference vs candidate_legal_fast_path)
Finished game 13 (candidate_legal_fast_path vs reference): 0-1 {Black mates}
Score of candidate_legal_fast_path vs reference: 5 - 7 - 1  [0.423] 13
Started game 15 of 100 (candidate_legal_fast_path vs reference)
Finished game 14 (reference vs candidate_legal_fast_path): 1-0 {White mates}
Score of candidate_legal_fast_path vs reference: 5 - 8 - 1  [0.393] 14
Started game 16 of 100 (reference vs candidate_legal_fast_path)
Finished game 15 (candidate_legal_fast_path vs reference): 0-1 {Black mates}
Score of candidate_legal_fast_path vs reference: 5 - 9 - 1  [0.367] 15
Started game 17 of 100 (candidate_legal_fast_path vs reference)
Finished game 17 (candidate_legal_fast_path vs reference): 1-0 {White mates}
Score of candidate_legal_fast_path vs reference: 6 - 9 - 1  [0.406] 16
Started game 18 of 100 (reference vs candidate_legal_fast_path)
Finished game 16 (reference vs candidate_legal_fast_path): 1/2-1/2 {Draw by fifty moves rule}
Score of candidate_legal_fast_path vs reference: 6 - 9 - 2  [0.412] 17
Started game 19 of 100 (candidate_legal_fast_path vs reference)
Finished game 18 (reference vs candidate_legal_fast_path): 1-0 {White mates}
Score of candidate_legal_fast_path vs reference: 6 - 10 - 2  [0.389] 18
Started game 20 of 100 (reference vs candidate_legal_fast_path)
Finished game 19 (candidate_legal_fast_path vs reference): 1-0 {White mates}
Score of candidate_legal_fast_path vs reference: 7 - 10 - 2  [0.421] 19
Started game 21 of 100 (candidate_legal_fast_path vs reference)
Finished game 20 (reference vs candidate_legal_fast_path): 1/2-1/2 {Draw by fifty moves rule}
Score of candidate_legal_fast_path vs reference: 7 - 10 - 3  [0.425] 20
Elo difference: -52.51 +/- 151.22, LOS: 23.04 %, DrawRatio: 15.00 %
SPRT: llr -0.05 (1.8%), lbound -2.94, ubound 2.94
Started game 22 of 100 (reference vs candidate_legal_fast_path)
Finished game 21 (candidate_legal_fast_path vs reference): 1-0 {White mates}
Score of candidate_legal_fast_path vs reference: 8 - 10 - 3  [0.452] 21
Started game 23 of 100 (candidate_legal_fast_path vs reference)
Finished game 22 (reference vs candidate_legal_fast_path): 0-1 {Black mates}
Score of candidate_legal_fast_path vs reference: 9 - 10 - 3  [0.477] 22
Started game 24 of 100 (reference vs candidate_legal_fast_path)
Finished game 23 (candidate_legal_fast_path vs reference): 1-0 {White mates}
Score of candidate_legal_fast_path vs reference: 10 - 10 - 3  [0.500] 23
Started game 25 of 100 (candidate_legal_fast_path vs reference)
Finished game 24 (reference vs candidate_legal_fast_path): 0-1 {Black mates}
Score of candidate_legal_fast_path vs reference: 11 - 10 - 3  [0.521] 24
Started game 26 of 100 (reference vs candidate_legal_fast_path)
Finished game 25 (candidate_legal_fast_path vs reference): 0-1 {Black mates}
Score of candidate_legal_fast_path vs reference: 11 - 11 - 3  [0.500] 25
Started game 27 of 100 (candidate_legal_fast_path vs reference)
Finished game 26 (reference vs candidate_legal_fast_path): 1-0 {White mates}
Score of candidate_legal_fast_path vs reference: 11 - 12 - 3  [0.481] 26
Started game 28 of 100 (reference vs candidate_legal_fast_path)
Finished game 27 (candidate_legal_fast_path vs reference): 1-0 {White mates}
Score of candidate_legal_fast_path vs reference: 12 - 12 - 3  [0.500] 27
Started game 29 of 100 (candidate_legal_fast_path vs reference)
Finished game 29 (candidate_legal_fast_path vs reference): 1/2-1/2 {Draw by insufficient mating material}
Score of candidate_legal_fast_path vs reference: 12 - 12 - 4  [0.500] 28
Started game 30 of 100 (reference vs candidate_legal_fast_path)
Finished game 28 (reference vs candidate_legal_fast_path): 1-0 {White mates}
Score of candidate_legal_fast_path vs reference: 12 - 13 - 4  [0.483] 29
Started game 31 of 100 (candidate_legal_fast_path vs reference)
Finished game 30 (reference vs candidate_legal_fast_path): 0-1 {Black mates}
Score of candidate_legal_fast_path vs reference: 13 - 13 - 4  [0.500] 30
Elo difference: -0.00 +/- 120.33, LOS: 50.00 %, DrawRatio: 13.33 %
SPRT: llr -0.00 (0.1%), lbound -2.94, ubound 2.94
Started game 32 of 100 (reference vs candidate_legal_fast_path)
Finished game 31 (candidate_legal_fast_path vs reference): 0-1 {Black mates}
Score of candidate_legal_fast_path vs reference: 13 - 14 - 4  [0.484] 31
Started game 33 of 100 (candidate_legal_fast_path vs reference)
Finished game 32 (reference vs candidate_legal_fast_path): 1-0 {White mates}
Score of candidate_legal_fast_path vs reference: 13 - 15 - 4  [0.469] 32
Started game 34 of 100 (reference vs candidate_legal_fast_path)
Finished game 33 (candidate_legal_fast_path vs reference): 1-0 {White mates}
Score of candidate_legal_fast_path vs reference: 14 - 15 - 4  [0.485] 33
Started game 35 of 100 (candidate_legal_fast_path vs reference)
Finished game 35 (candidate_legal_fast_path vs reference): 0-1 {Black mates}
Score of candidate_legal_fast_path vs reference: 14 - 16 - 4  [0.471] 34
Started game 36 of 100 (reference vs candidate_legal_fast_path)
Finished game 34 (reference vs candidate_legal_fast_path): 1-0 {White mates}
Score of candidate_legal_fast_path vs reference: 14 - 17 - 4  [0.457] 35
Started game 37 of 100 (candidate_legal_fast_path vs reference)
Finished game 36 (reference vs candidate_legal_fast_path): 0-1 {Black mates}
Score of candidate_legal_fast_path vs reference: 15 - 17 - 4  [0.472] 36
Started game 38 of 100 (reference vs candidate_legal_fast_path)
Finished game 37 (candidate_legal_fast_path vs reference): 0-1 {Black mates}
Score of candidate_legal_fast_path vs reference: 15 - 18 - 4  [0.459] 37
Started game 39 of 100 (candidate_legal_fast_path vs reference)
Finished game 39 (candidate_legal_fast_path vs reference): 1-0 {White mates}
Score of candidate_legal_fast_path vs reference: 16 - 18 - 4  [0.474] 38
Started game 40 of 100 (reference vs candidate_legal_fast_path)
Finished game 38 (reference vs candidate_legal_fast_path): 0-1 {Black mates}
Score of candidate_legal_fast_path vs reference: 17 - 18 - 4  [0.487] 39
Started game 41 of 100 (candidate_legal_fast_path vs reference)
Finished game 40 (reference vs candidate_legal_fast_path): 0-1 {Black mates}
Score of candidate_legal_fast_path vs reference: 18 - 18 - 4  [0.500] 40
Elo difference: -0.00 +/- 105.25, LOS: 50.00 %, DrawRatio: 10.00 %
SPRT: llr -0.00 (0.2%), lbound -2.94, ubound 2.94
Started game 42 of 100 (reference vs candidate_legal_fast_path)
Finished game 41 (candidate_legal_fast_path vs reference): 1-0 {White mates}
Score of candidate_legal_fast_path vs reference: 19 - 18 - 4  [0.512] 41
Started game 43 of 100 (candidate_legal_fast_path vs reference)
Finished game 42 (reference vs candidate_legal_fast_path): 1-0 {White mates}
Score of candidate_legal_fast_path vs reference: 19 - 19 - 4  [0.500] 42
Started game 44 of 100 (reference vs candidate_legal_fast_path)
Finished game 44 (reference vs candidate_legal_fast_path): 1-0 {White mates}
Score of candidate_legal_fast_path vs reference: 19 - 20 - 4  [0.488] 43
Started game 45 of 100 (candidate_legal_fast_path vs reference)
Finished game 43 (candidate_legal_fast_path vs reference): 1/2-1/2 {Draw by insufficient mating material}
Score of candidate_legal_fast_path vs reference: 19 - 20 - 5  [0.489] 44
Started game 46 of 100 (reference vs candidate_legal_fast_path)
Finished game 45 (candidate_legal_fast_path vs reference): 0-1 {Black mates}
Score of candidate_legal_fast_path vs reference: 19 - 21 - 5  [0.478] 45
Started game 47 of 100 (candidate_legal_fast_path vs reference)
Finished game 46 (reference vs candidate_legal_fast_path): 0-1 {Black mates}
Score of candidate_legal_fast_path vs reference: 20 - 21 - 5  [0.489] 46
Started game 48 of 100 (reference vs candidate_legal_fast_path)
Finished game 48 (reference vs candidate_legal_fast_path): 1-0 {White mates}
Score of candidate_legal_fast_path vs reference: 20 - 22 - 5  [0.479] 47
Started game 49 of 100 (candidate_legal_fast_path vs reference)
Finished game 47 (candidate_legal_fast_path vs reference): 0-1 {Black mates}
Score of candidate_legal_fast_path vs reference: 20 - 23 - 5  [0.469] 48
Started game 50 of 100 (reference vs candidate_legal_fast_path)
Finished game 49 (candidate_legal_fast_path vs reference): 1/2-1/2 {Draw by 3-fold repetition}
Score of candidate_legal_fast_path vs reference: 20 - 23 - 6  [0.469] 49
Started game 51 of 100 (candidate_legal_fast_path vs reference)
Finished game 51 (candidate_legal_fast_path vs reference): 0-1 {Black mates}
Score of candidate_legal_fast_path vs reference: 20 - 24 - 6  [0.460] 50
Elo difference: -27.85 +/- 92.78, LOS: 27.25 %, DrawRatio: 12.00 %
SPRT: llr -0.07 (2.4%), lbound -2.94, ubound 2.94
Started game 52 of 100 (reference vs candidate_legal_fast_path)
Finished game 50 (reference vs candidate_legal_fast_path): 1-0 {White mates}
Score of candidate_legal_fast_path vs reference: 20 - 25 - 6  [0.451] 51
Started game 53 of 100 (candidate_legal_fast_path vs reference)
Finished game 52 (reference vs candidate_legal_fast_path): 0-1 {Black mates}
Score of candidate_legal_fast_path vs reference: 21 - 25 - 6  [0.462] 52
Started game 54 of 100 (reference vs candidate_legal_fast_path)
Finished game 53 (candidate_legal_fast_path vs reference): 0-1 {Black mates}
Score of candidate_legal_fast_path vs reference: 21 - 26 - 6  [0.453] 53
Started game 55 of 100 (candidate_legal_fast_path vs reference)
Finished game 54 (reference vs candidate_legal_fast_path): 0-1 {Black mates}
Score of candidate_legal_fast_path vs reference: 22 - 26 - 6  [0.463] 54
Started game 56 of 100 (reference vs candidate_legal_fast_path)
Finished game 55 (candidate_legal_fast_path vs reference): 0-1 {Black mates}
Score of candidate_legal_fast_path vs reference: 22 - 27 - 6  [0.455] 55
Started game 57 of 100 (candidate_legal_fast_path vs reference)
Finished game 57 (candidate_legal_fast_path vs reference): 0-1 {Black mates}
Score of candidate_legal_fast_path vs reference: 22 - 28 - 6  [0.446] 56
Started game 58 of 100 (reference vs candidate_legal_fast_path)
Finished game 56 (reference vs candidate_legal_fast_path): 0-1 {Black mates}
Score of candidate_legal_fast_path vs reference: 23 - 28 - 6  [0.456] 57
Started game 59 of 100 (candidate_legal_fast_path vs reference)
Finished game 58 (reference vs candidate_legal_fast_path): 0-1 {Black mates}
Score of candidate_legal_fast_path vs reference: 24 - 28 - 6  [0.466] 58
Started game 60 of 100 (reference vs candidate_legal_fast_path)
Finished game 59 (candidate_legal_fast_path vs reference): 1-0 {White mates}
Score of candidate_legal_fast_path vs reference: 25 - 28 - 6  [0.475] 59
Started game 61 of 100 (candidate_legal_fast_path vs reference)
Finished game 60 (reference vs candidate_legal_fast_path): 0-1 {Black mates}
Score of candidate_legal_fast_path vs reference: 26 - 28 - 6  [0.483] 60
Elo difference: -11.59 +/- 85.11, LOS: 39.27 %, DrawRatio: 10.00 %
SPRT: llr -0.04 (1.3%), lbound -2.94, ubound 2.94
Started game 62 of 100 (reference vs candidate_legal_fast_path)
Finished game 62 (reference vs candidate_legal_fast_path): 1-0 {White mates}
Score of candidate_legal_fast_path vs reference: 26 - 29 - 6  [0.475] 61
Started game 63 of 100 (candidate_legal_fast_path vs reference)
Finished game 61 (candidate_legal_fast_path vs reference): 1/2-1/2 {Draw by fifty moves rule}
Score of candidate_legal_fast_path vs reference: 26 - 29 - 7  [0.476] 62
Started game 64 of 100 (reference vs candidate_legal_fast_path)
Finished game 63 (candidate_legal_fast_path vs reference): 1/2-1/2 {Draw by fifty moves rule}
Score of candidate_legal_fast_path vs reference: 26 - 29 - 8  [0.476] 63
Started game 65 of 100 (candidate_legal_fast_path vs reference)
Finished game 64 (reference vs candidate_legal_fast_path): 1/2-1/2 {Draw by insufficient mating material}
Score of candidate_legal_fast_path vs reference: 26 - 29 - 9  [0.477] 64
Started game 66 of 100 (reference vs candidate_legal_fast_path)
Finished game 65 (candidate_legal_fast_path vs reference): 0-1 {Black mates}
Score of candidate_legal_fast_path vs reference: 26 - 30 - 9  [0.469] 65
Started game 67 of 100 (candidate_legal_fast_path vs reference)
Finished game 66 (reference vs candidate_legal_fast_path): 1/2-1/2 {Draw by 3-fold repetition}
Score of candidate_legal_fast_path vs reference: 26 - 30 - 10  [0.470] 66
Started game 68 of 100 (reference vs candidate_legal_fast_path)
Finished game 67 (candidate_legal_fast_path vs reference): 1-0 {White mates}
Score of candidate_legal_fast_path vs reference: 27 - 30 - 10  [0.478] 67
Started game 69 of 100 (candidate_legal_fast_path vs reference)
Finished game 68 (reference vs candidate_legal_fast_path): 1-0 {White mates}
Score of candidate_legal_fast_path vs reference: 27 - 31 - 10  [0.471] 68
Started game 70 of 100 (reference vs candidate_legal_fast_path)
Finished game 69 (candidate_legal_fast_path vs reference): 1-0 {White mates}
Score of candidate_legal_fast_path vs reference: 28 - 31 - 10  [0.478] 69
Started game 71 of 100 (candidate_legal_fast_path vs reference)
Finished game 70 (reference vs candidate_legal_fast_path): 0-1 {Black mates}
Score of candidate_legal_fast_path vs reference: 29 - 31 - 10  [0.486] 70
Elo difference: -9.93 +/- 76.60, LOS: 39.81 %, DrawRatio: 14.29 %
SPRT: llr -0.04 (1.4%), lbound -2.94, ubound 2.94
Started game 72 of 100 (reference vs candidate_legal_fast_path)
Finished game 71 (candidate_legal_fast_path vs reference): 1/2-1/2 {Draw by 3-fold repetition}
Score of candidate_legal_fast_path vs reference: 29 - 31 - 11  [0.486] 71
Started game 73 of 100 (candidate_legal_fast_path vs reference)
Finished game 72 (reference vs candidate_legal_fast_path): 1-0 {White mates}
Score of candidate_legal_fast_path vs reference: 29 - 32 - 11  [0.479] 72
Started game 74 of 100 (reference vs candidate_legal_fast_path)
Finished game 74 (reference vs candidate_legal_fast_path): 0-1 {Black mates}
Score of candidate_legal_fast_path vs reference: 30 - 32 - 11  [0.486] 73
Started game 75 of 100 (candidate_legal_fast_path vs reference)
Finished game 73 (candidate_legal_fast_path vs reference): 0-1 {Black mates}
Score of candidate_legal_fast_path vs reference: 30 - 33 - 11  [0.480] 74
Started game 76 of 100 (reference vs candidate_legal_fast_path)
Finished game 75 (candidate_legal_fast_path vs reference): 0-1 {Black mates}
Score of candidate_legal_fast_path vs reference: 30 - 34 - 11  [0.473] 75
Started game 77 of 100 (candidate_legal_fast_path vs reference)
Finished game 76 (reference vs candidate_legal_fast_path): 0-1 {Black mates}
Score of candidate_legal_fast_path vs reference: 31 - 34 - 11  [0.480] 76
Started game 78 of 100 (reference vs candidate_legal_fast_path)
Finished game 77 (candidate_legal_fast_path vs reference): 1-0 {White mates}
Score of candidate_legal_fast_path vs reference: 32 - 34 - 11  [0.487] 77
Started game 79 of 100 (candidate_legal_fast_path vs reference)
Finished game 78 (reference vs candidate_legal_fast_path): 1/2-1/2 {Draw by insufficient mating material}
Score of candidate_legal_fast_path vs reference: 32 - 34 - 12  [0.487] 78
Started game 80 of 100 (reference vs candidate_legal_fast_path)
Finished game 79 (candidate_legal_fast_path vs reference): 1-0 {White mates}
Score of candidate_legal_fast_path vs reference: 33 - 34 - 12  [0.494] 79
Started game 81 of 100 (candidate_legal_fast_path vs reference)
Finished game 80 (reference vs candidate_legal_fast_path): 1-0 {White mates}
Score of candidate_legal_fast_path vs reference: 33 - 35 - 12  [0.487] 80
Elo difference: -8.69 +/- 71.19, LOS: 40.41 %, DrawRatio: 15.00 %
SPRT: llr -0.04 (1.5%), lbound -2.94, ubound 2.94
Started game 82 of 100 (reference vs candidate_legal_fast_path)
Finished game 81 (candidate_legal_fast_path vs reference): 1-0 {White mates}
Score of candidate_legal_fast_path vs reference: 34 - 35 - 12  [0.494] 81
Started game 83 of 100 (candidate_legal_fast_path vs reference)
Finished game 82 (reference vs candidate_legal_fast_path): 1-0 {White mates}
Score of candidate_legal_fast_path vs reference: 34 - 36 - 12  [0.488] 82
Started game 84 of 100 (reference vs candidate_legal_fast_path)
Finished game 83 (candidate_legal_fast_path vs reference): 0-1 {Black mates}
Score of candidate_legal_fast_path vs reference: 34 - 37 - 12  [0.482] 83
Started game 85 of 100 (candidate_legal_fast_path vs reference)
Finished game 84 (reference vs candidate_legal_fast_path): 1-0 {White mates}
Score of candidate_legal_fast_path vs reference: 34 - 38 - 12  [0.476] 84
Started game 86 of 100 (reference vs candidate_legal_fast_path)
Finished game 85 (candidate_legal_fast_path vs reference): 0-1 {Black mates}
Score of candidate_legal_fast_path vs reference: 34 - 39 - 12  [0.471] 85
Started game 87 of 100 (candidate_legal_fast_path vs reference)
Finished game 86 (reference vs candidate_legal_fast_path): 0-1 {Black mates}
Score of candidate_legal_fast_path vs reference: 35 - 39 - 12  [0.477] 86
Started game 88 of 100 (reference vs candidate_legal_fast_path)
Finished game 87 (candidate_legal_fast_path vs reference): 1/2-1/2 {Draw by fifty moves rule}
Score of candidate_legal_fast_path vs reference: 35 - 39 - 13  [0.477] 87
Started game 89 of 100 (candidate_legal_fast_path vs reference)
Finished game 89 (candidate_legal_fast_path vs reference): 1/2-1/2 {Draw by 3-fold repetition}
Score of candidate_legal_fast_path vs reference: 35 - 39 - 14  [0.477] 88
Started game 90 of 100 (reference vs candidate_legal_fast_path)
Finished game 90 (reference vs candidate_legal_fast_path): 1/2-1/2 {Draw by 3-fold repetition}
Score of candidate_legal_fast_path vs reference: 35 - 39 - 15  [0.478] 89
Started game 91 of 100 (candidate_legal_fast_path vs reference)
Finished game 88 (reference vs candidate_legal_fast_path): 1-0 {White mates}
Score of candidate_legal_fast_path vs reference: 35 - 40 - 15  [0.472] 90
Elo difference: -19.32 +/- 66.41, LOS: 28.15 %, DrawRatio: 16.67 %
SPRT: llr -0.10 (3.3%), lbound -2.94, ubound 2.94
Started game 92 of 100 (reference vs candidate_legal_fast_path)
Finished game 91 (candidate_legal_fast_path vs reference): 0-1 {Black mates}
Score of candidate_legal_fast_path vs reference: 35 - 41 - 15  [0.467] 91
Started game 93 of 100 (candidate_legal_fast_path vs reference)
Finished game 92 (reference vs candidate_legal_fast_path): 0-1 {Black mates}
Score of candidate_legal_fast_path vs reference: 36 - 41 - 15  [0.473] 92
Started game 94 of 100 (reference vs candidate_legal_fast_path)
Finished game 93 (candidate_legal_fast_path vs reference): 0-1 {Black mates}
Score of candidate_legal_fast_path vs reference: 36 - 42 - 15  [0.468] 93
Started game 95 of 100 (candidate_legal_fast_path vs reference)
Finished game 94 (reference vs candidate_legal_fast_path): 1/2-1/2 {Draw by fifty moves rule}
Score of candidate_legal_fast_path vs reference: 36 - 42 - 16  [0.468] 94
Started game 96 of 100 (reference vs candidate_legal_fast_path)
Finished game 95 (candidate_legal_fast_path vs reference): 0-1 {Black mates}
Score of candidate_legal_fast_path vs reference: 36 - 43 - 16  [0.463] 95
Started game 97 of 100 (candidate_legal_fast_path vs reference)
Finished game 96 (reference vs candidate_legal_fast_path): 1/2-1/2 {Draw by 3-fold repetition}
Score of candidate_legal_fast_path vs reference: 36 - 43 - 17  [0.464] 96
Started game 98 of 100 (reference vs candidate_legal_fast_path)
Finished game 97 (candidate_legal_fast_path vs reference): 0-1 {Black mates}
Score of candidate_legal_fast_path vs reference: 36 - 44 - 17  [0.459] 97
Started game 99 of 100 (candidate_legal_fast_path vs reference)
Finished game 99 (candidate_legal_fast_path vs reference): 1-0 {White mates}
Score of candidate_legal_fast_path vs reference: 37 - 44 - 17  [0.464] 98
Started game 100 of 100 (reference vs candidate_legal_fast_path)
Finished game 98 (reference vs candidate_legal_fast_path): 1-0 {White mates}
Score of candidate_legal_fast_path vs reference: 37 - 45 - 17  [0.460] 99
Finished game 100 (reference vs candidate_legal_fast_path): 1-0 {White mates}
Score of candidate_legal_fast_path vs reference: 37 - 46 - 17  [0.455] 100
Elo difference: -31.35 +/- 62.94, LOS: 16.04 %, DrawRatio: 17.00 %
SPRT: llr -0.17 (5.7%), lbound -2.94, ubound 2.94
Finished match
Total Time: 00:02:25 (hours:minutes:seconds)

