Indexing opening suite...
Started game 1 of 20 (candidate_legal_fast_path vs reference)
Started game 2 of 20 (reference vs candidate_legal_fast_path)
Finished game 2 (reference vs candidate_legal_fast_path): 1-0 {White mates}
Score of candidate_legal_fast_path vs reference: 0 - 1 - 0  [0.000] 1
Started game 3 of 20 (candidate_legal_fast_path vs reference)
Finished game 1 (candidate_legal_fast_path vs reference): 1/2-1/2 {Draw by fifty moves rule}
Score of candidate_legal_fast_path vs reference: 0 - 1 - 1  [0.250] 2
Started game 4 of 20 (reference vs candidate_legal_fast_path)
Warning; PV continues after threefold repetition - move f5h7 from candidate_legal_fast_path
Info; info depth 2 score cp 0 nodes 213 time 3 nps 71000 pv d1d2 f5h7
Position; fen r1bqk2r/pppp1ppp/2nb1n2/1B2p3/8/1P2P3/PBPP1PPP/RN1QK1NR w KQkq - 0 1
Moves; d1f3 e5e4 f3f5 c6e7 f5g5 e7g6 h2h4 h7h6 g5f5 g6e7 f5h3 c7c6 b2f6 g7f6 b5e2 d6e5 b1c3 d8a5 a1d1 e5c3 d2c3 d7d5 e2g4 f6f5 g4e2 f5f4 g2g4 a5c3 d1d2 f4f3 e2f1 h8g8 h3g3 c3a1 d2d1 a1a2 g3d6 a2c2 d6h6 g8g4 h6h5 c2b3 h5e5 c8e6 h4h5 a7a5 d1d2 b3b1 d2d1 b1c2 d1d2 c2b1 d2d1 b1b4 d1d2 g4g8 g1h3 b4b1 d2d1 b1b4 d1d2 b7b5 h3f4 b4b1 d2d1 b1b4 d1d2 e6f5 h5h6 b4b1 d2d1 b1c2 d1d2 c2b1 d2d1 b1b4 d1d2 a5a4 h6h7 b4b1 d2d1 b1b4 d1d2 b4b1 d2d1 b1b4
Warning; PV continues after threefold repetition - move f5h7 from candidate_legal_fast_path
Info; info depth 3 score cp 0 nodes 574 time 9 nps 63777 pv d1d2 f5h7 h1h7
Position; fen r1bqk2r/pppp1ppp/2nb1n2/1B2p3/8/1P2P3/PBPP1PPP/RN1QK1NR w KQkq - 0 1
Moves; d1f3 e5e4 f3f5 c6e7 f5g5 e7g6 h2h4 h7h6 g5f5 g6e7 f5h3 c7c6 b2f6 g7f6 b5e2 d6e5 b1c3 d8a5 a1d1 e5c3 d2c3 d7d5 e2g4 f6f5 g4e2 f5f4 g2g4 a5c3 d1d2 f4f3 e2f1 h8g8 h3g3 c3a1 d2d1 a1a2 g3d6 a2c2 d6h6 g8g4 h6h5 c2b3 h5e5 c8e6 h4h5 a7a5 d1d2 b3b1 d2d1 b1c2 d1d2 c2b1 d2d1 b1b4 d1d2 g4g8 g1h3 b4b1 d2d1 b1b4 d1d2 b7b5 h3f4 b4b1 d2d1 b1b4 d1d2 e6f5 h5h6 b4b1 d2d1 b1c2 d1d2 c2b1 d2d1 b1b4 d1d2 a5a4 h6h7 b4b1 d2d1 b1b4 d1d2 b4b1 d2d1 b1b4
Warning; PV continues after threefold repetition - move f5h7 from candidate_legal_fast_path
Info; info depth 4 score cp 0 nodes 1127 time 15 nps 75133 pv d1d2 f5h7 h1h7 a4a3
Position; fen r1bqk2r/pppp1ppp/2nb1n2/1B2p3/8/1P2P3/PBPP1PPP/RN1QK1NR w KQkq - 0 1
Moves; d1f3 e5e4 f3f5 c6e7 f5g5 e7g6 h2h4 h7h6 g5f5 g6e7 f5h3 c7c6 b2f6 g7f6 b5e2 d6e5 b1c3 d8a5 a1d1 e5c3 d2c3 d7d5 e2g4 f6f5 g4e2 f5f4 g2g4 a5c3 d1d2 f4f3 e2f1 h8g8 h3g3 c3a1 d2d1 a1a2 g3d6 a2c2 d6h6 g8g4 h6h5 c2b3 h5e5 c8e6 h4h5 a7a5 d1d2 b3b1 d2d1 b1c2 d1d2 c2b1 d2d1 b1b4 d1d2 g4g8 g1h3 b4b1 d2d1 b1b4 d1d2 b7b5 h3f4 b4b1 d2d1 b1b4 d1d2 e6f5 h5h6 b4b1 d2d1 b1c2 d1d2 c2b1 d2d1 b1b4 d1d2 a5a4 h6h7 b4b1 d2d1 b1b4 d1d2 b4b1 d2d1 b1b4
Warning; PV continues after threefold repetition - move f5h7 from candidate_legal_fast_path
Info; info depth 4 score cp 0 nodes 1297 time 17 nps 76294 pv d1d2 f5h7 h1h7 a4a3
Position; fen r1bqk2r/pppp1ppp/2nb1n2/1B2p3/8/1P2P3/PBPP1PPP/RN1QK1NR w KQkq - 0 1
Moves; d1f3 e5e4 f3f5 c6e7 f5g5 e7g6 h2h4 h7h6 g5f5 g6e7 f5h3 c7c6 b2f6 g7f6 b5e2 d6e5 b1c3 d8a5 a1d1 e5c3 d2c3 d7d5 e2g4 f6f5 g4e2 f5f4 g2g4 a5c3 d1d2 f4f3 e2f1 h8g8 h3g3 c3a1 d2d1 a1a2 g3d6 a2c2 d6h6 g8g4 h6h5 c2b3 h5e5 c8e6 h4h5 a7a5 d1d2 b3b1 d2d1 b1c2 d1d2 c2b1 d2d1 b1b4 d1d2 g4g8 g1h3 b4b1 d2d1 b1b4 d1d2 b7b5 h3f4 b4b1 d2d1 b1b4 d1d2 e6f5 h5h6 b4b1 d2d1 b1c2 d1d2 c2b1 d2d1 b1b4 d1d2 a5a4 h6h7 b4b1 d2d1 b1b4 d1d2 b4b1 d2d1 b1b4
Finished game 3 (candidate_legal_fast_path vs reference): 1/2-1/2 {Draw by 3-fold repetition}
Score of candidate_legal_fast_path vs reference: 0 - 1 - 2  [0.333] 3
Started game 5 of 20 (candidate_legal_fast_path vs reference)
Finished game 4 (reference vs candidate_legal_fast_path): 1-0 {White mates}
Score of candidate_legal_fast_path vs reference: 0 - 2 - 2  [0.250] 4
Started game 6 of 20 (reference vs candidate_legal_fast_path)
Finished game 6 (reference vs candidate_legal_fast_path): 0-1 {Black mates}
Score of candidate_legal_fast_path vs reference: 1 - 2 - 2  [0.400] 5
Started game 7 of 20 (candidate_legal_fast_path vs reference)
Finished game 5 (candidate_legal_fast_path vs reference): 1-0 {White mates}
Score of candidate_legal_fast_path vs reference: 2 - 2 - 2  [0.500] 6
Started game 8 of 20 (reference vs candidate_legal_fast_path)
Finished game 8 (reference vs candidate_legal_fast_path): 0-1 {Black mates}
Score of candidate_legal_fast_path vs reference: 3 - 2 - 2  [0.571] 7
Started game 9 of 20 (candidate_legal_fast_path vs reference)
Finished game 7 (candidate_legal_fast_path vs reference): 0-1 {Black mates}
Score of candidate_legal_fast_path vs reference: 3 - 3 - 2  [0.500] 8
Started game 10 of 20 (reference vs candidate_legal_fast_path)
Finished game 9 (candidate_legal_fast_path vs reference): 1/2-1/2 {Draw by 3-fold repetition}
Score of candidate_legal_fast_path vs reference: 3 - 3 - 3  [0.500] 9
Started game 11 of 20 (candidate_legal_fast_path vs reference)
Finished game 10 (reference vs candidate_legal_fast_path): 1/2-1/2 {Draw by 3-fold repetition}
Score of candidate_legal_fast_path vs reference: 3 - 3 - 4  [0.500] 10
Elo difference: -0.00 +/- 181.74, LOS: 50.00 %, DrawRatio: 40.00 %
SPRT: llr -0.00 (0.1%), lbound -2.94, ubound 2.94
Started game 12 of 20 (reference vs candidate_legal_fast_path)
Finished game 11 (candidate_legal_fast_path vs reference): 1-0 {White mates}
Score of candidate_legal_fast_path vs reference: 4 - 3 - 4  [0.545] 11
Started game 13 of 20 (candidate_legal_fast_path vs reference)
Finished game 12 (reference vs candidate_legal_fast_path): 0-1 {Black mates}
Score of candidate_legal_fast_path vs reference: 5 - 3 - 4  [0.583] 12
Started game 14 of 20 (reference vs candidate_legal_fast_path)
Finished game 14 (reference vs candidate_legal_fast_path): 1-0 {White mates}
Score of candidate_legal_fast_path vs reference: 5 - 4 - 4  [0.538] 13
Started game 15 of 20 (candidate_legal_fast_path vs reference)
Finished game 13 (candidate_legal_fast_path vs reference): 0-1 {Black mates}
Score of candidate_legal_fast_path vs reference: 5 - 5 - 4  [0.500] 14
Started game 16 of 20 (reference vs candidate_legal_fast_path)
Finished game 15 (candidate_legal_fast_path vs reference): 0-1 {Black mates}
Score of candidate_legal_fast_path vs reference: 5 - 6 - 4  [0.467] 15
Started game 17 of 20 (candidate_legal_fast_path vs reference)
Finished game 16 (reference vs candidate_legal_fast_path): 0-1 {Black mates}
Score of candidate_legal_fast_path vs reference: 6 - 6 - 4  [0.500] 16
Started game 18 of 20 (reference vs candidate_legal_fast_path)
Finished game 17 (candidate_legal_fast_path vs reference): 0-1 {Black mates}
Score of candidate_legal_fast_path vs reference: 6 - 7 - 4  [0.471] 17
Started game 19 of 20 (candidate_legal_fast_path vs reference)
Finished game 18 (reference vs candidate_legal_fast_path): 0-1 {Black mates}
Score of candidate_legal_fast_path vs reference: 7 - 7 - 4  [0.500] 18
Started game 20 of 20 (reference vs candidate_legal_fast_path)
Finished game 19 (candidate_legal_fast_path vs reference): 0-1 {Black mates}
Score of candidate_legal_fast_path vs reference: 7 - 8 - 4  [0.474] 19
Finished game 20 (reference vs candidate_legal_fast_path): 1-0 {White mates}
Score of candidate_legal_fast_path vs reference: 7 - 9 - 4  [0.450] 20
Elo difference: -34.86 +/- 144.80, LOS: 30.74 %, DrawRatio: 20.00 %
SPRT: llr -0.04 (1.3%), lbound -2.94, ubound 2.94
Finished match
Total Time: 00:00:28 (hours:minutes:seconds)

