[INFO  ] [20:07:22.314389] <   > fastchess --- fastchess alpha 1.8.2 compiled for windows-latest 20260726-f618e34 (CI) 
[INFO  ] [20:07:22.314566] <   > fastchess --- Setting seed to: 2026091302
[INFO  ] [20:07:22.314878] <   > fastchess --- Indexing opening suite...

[INFO  ] [20:07:22.315366] <   > fastchess --- Starting tournament...
[WARN  ] [20:07:28.192126] <   > fastchess --- Warning; PV continues after threefold repetition - move f5h7 from candidate_legal_fast_path
Info; info depth 2 score cp 0 nodes 213 time 3 nps 71000 pv d1d2 f5h7
Position; fen r1bqk2r/pppp1ppp/2nb1n2/1B2p3/8/1P2P3/PBPP1PPP/RN1QK1NR w KQkq - 0 1
Moves; d1f3 e5e4 f3f5 c6e7 f5g5 e7g6 h2h4 h7h6 g5f5 g6e7 f5h3 c7c6 b2f6 g7f6 b5e2 d6e5 b1c3 d8a5 a1d1 e5c3 d2c3 d7d5 e2g4 f6f5 g4e2 f5f4 g2g4 a5c3 d1d2 f4f3 e2f1 h8g8 h3g3 c3a1 d2d1 a1a2 g3d6 a2c2 d6h6 g8g4 h6h5 c2b3 h5e5 c8e6 h4h5 a7a5 d1d2 b3b1 d2d1 b1c2 d1d2 c2b1 d2d1 b1b4 d1d2 g4g8 g1h3 b4b1 d2d1 b1b4 d1d2 b7b5 h3f4 b4b1 d2d1 b1b4 d1d2 e6f5 h5h6 b4b1 d2d1 b1c2 d1d2 c2b1 d2d1 b1b4 d1d2 a5a4 h6h7 b4b1 d2d1 b1b4 d1d2 b4b1 d2d1 b1b4

[WARN  ] [20:07:28.192607] <   > fastchess --- Warning; PV continues after threefold repetition - move f5h7 from candidate_legal_fast_path
Info; info depth 3 score cp 0 nodes 574 time 9 nps 63777 pv d1d2 f5h7 h1h7
Position; fen r1bqk2r/pppp1ppp/2nb1n2/1B2p3/8/1P2P3/PBPP1PPP/RN1QK1NR w KQkq - 0 1
Moves; d1f3 e5e4 f3f5 c6e7 f5g5 e7g6 h2h4 h7h6 g5f5 g6e7 f5h3 c7c6 b2f6 g7f6 b5e2 d6e5 b1c3 d8a5 a1d1 e5c3 d2c3 d7d5 e2g4 f6f5 g4e2 f5f4 g2g4 a5c3 d1d2 f4f3 e2f1 h8g8 h3g3 c3a1 d2d1 a1a2 g3d6 a2c2 d6h6 g8g4 h6h5 c2b3 h5e5 c8e6 h4h5 a7a5 d1d2 b3b1 d2d1 b1c2 d1d2 c2b1 d2d1 b1b4 d1d2 g4g8 g1h3 b4b1 d2d1 b1b4 d1d2 b7b5 h3f4 b4b1 d2d1 b1b4 d1d2 e6f5 h5h6 b4b1 d2d1 b1c2 d1d2 c2b1 d2d1 b1b4 d1d2 a5a4 h6h7 b4b1 d2d1 b1b4 d1d2 b4b1 d2d1 b1b4

[WARN  ] [20:07:28.192671] <   > fastchess --- Warning; PV continues after threefold repetition - move f5h7 from candidate_legal_fast_path
Info; info depth 4 score cp 0 nodes 1127 time 15 nps 75133 pv d1d2 f5h7 h1h7 a4a3
Position; fen r1bqk2r/pppp1ppp/2nb1n2/1B2p3/8/1P2P3/PBPP1PPP/RN1QK1NR w KQkq - 0 1
Moves; d1f3 e5e4 f3f5 c6e7 f5g5 e7g6 h2h4 h7h6 g5f5 g6e7 f5h3 c7c6 b2f6 g7f6 b5e2 d6e5 b1c3 d8a5 a1d1 e5c3 d2c3 d7d5 e2g4 f6f5 g4e2 f5f4 g2g4 a5c3 d1d2 f4f3 e2f1 h8g8 h3g3 c3a1 d2d1 a1a2 g3d6 a2c2 d6h6 g8g4 h6h5 c2b3 h5e5 c8e6 h4h5 a7a5 d1d2 b3b1 d2d1 b1c2 d1d2 c2b1 d2d1 b1b4 d1d2 g4g8 g1h3 b4b1 d2d1 b1b4 d1d2 b7b5 h3f4 b4b1 d2d1 b1b4 d1d2 e6f5 h5h6 b4b1 d2d1 b1c2 d1d2 c2b1 d2d1 b1b4 d1d2 a5a4 h6h7 b4b1 d2d1 b1b4 d1d2 b4b1 d2d1 b1b4

[WARN  ] [20:07:28.192714] <   > fastchess --- Warning; PV continues after threefold repetition - move f5h7 from candidate_legal_fast_path
Info; info depth 4 score cp 0 nodes 1297 time 17 nps 76294 pv d1d2 f5h7 h1h7 a4a3
Position; fen r1bqk2r/pppp1ppp/2nb1n2/1B2p3/8/1P2P3/PBPP1PPP/RN1QK1NR w KQkq - 0 1
Moves; d1f3 e5e4 f3f5 c6e7 f5g5 e7g6 h2h4 h7h6 g5f5 g6e7 f5h3 c7c6 b2f6 g7f6 b5e2 d6e5 b1c3 d8a5 a1d1 e5c3 d2c3 d7d5 e2g4 f6f5 g4e2 f5f4 g2g4 a5c3 d1d2 f4f3 e2f1 h8g8 h3g3 c3a1 d2d1 a1a2 g3d6 a2c2 d6h6 g8g4 h6h5 c2b3 h5e5 c8e6 h4h5 a7a5 d1d2 b3b1 d2d1 b1c2 d1d2 c2b1 d2d1 b1b4 d1d2 g4g8 g1h3 b4b1 d2d1 b1b4 d1d2 b7b5 h3f4 b4b1 d2d1 b1b4 d1d2 e6f5 h5h6 b4b1 d2d1 b1c2 d1d2 c2b1 d2d1 b1b4 d1d2 a5a4 h6h7 b4b1 d2d1 b1b4 d1d2 b4b1 d2d1 b1b4

[INFO  ] [20:07:50.958662] <   > fastchess --- Finished match

[INFO  ] [20:07:50.958733] <   > fastchess --- Total Time: 00:00:28 (hours:minutes:seconds)


