Started game 1 of 12 (Axiom2 vs Axiom2-Decision)
Started game 2 of 12 (Axiom2-Decision vs Axiom2)
Finished game 2 (Axiom2-Decision vs Axiom2): 0-1 {Black wins by adjudication}
Score of Axiom2 vs Axiom2-Decision: 1 - 0 - 0  [1.000] 1
Started game 3 of 12 (Axiom2 vs Axiom2-Decision)
Finished game 1 (Axiom2 vs Axiom2-Decision): 1-0 {White wins by adjudication}
Score of Axiom2 vs Axiom2-Decision: 2 - 0 - 0  [1.000] 2
Elo difference: inf +/- nan, LOS: 100.00 %, DrawRatio: 0.00 %
Started game 4 of 12 (Axiom2-Decision vs Axiom2)
Finished game 3 (Axiom2 vs Axiom2-Decision): 1-0 {White wins by adjudication}
Score of Axiom2 vs Axiom2-Decision: 3 - 0 - 0  [1.000] 3
Started game 5 of 12 (Axiom2 vs Axiom2-Decision)
Finished game 4 (Axiom2-Decision vs Axiom2): 1-0 {White wins by adjudication}
Score of Axiom2 vs Axiom2-Decision: 3 - 1 - 0  [0.750] 4
Elo difference: 190.85 +/- nan, LOS: 87.59 %, DrawRatio: 0.00 %
Started game 6 of 12 (Axiom2-Decision vs Axiom2)
Finished game 6 (Axiom2-Decision vs Axiom2): 0-1 {White loses on time (122409ms overrun)}
Score of Axiom2 vs Axiom2-Decision: 4 - 1 - 0  [0.800] 5
Started game 7 of 12 (Axiom2 vs Axiom2-Decision)
Finished game 5 (Axiom2 vs Axiom2-Decision): 0-1 {White loses on time (121887ms overrun)}
Score of Axiom2 vs Axiom2-Decision: 4 - 2 - 0  [0.667] 6
Elo difference: 120.41 +/- nan, LOS: 80.68 %, DrawRatio: 0.00 %
Started game 8 of 12 (Axiom2-Decision vs Axiom2)
Finished game 7 (Axiom2 vs Axiom2-Decision): 1-0 {White wins by adjudication}
Score of Axiom2 vs Axiom2-Decision: 5 - 2 - 0  [0.714] 7
Started game 9 of 12 (Axiom2 vs Axiom2-Decision)
Finished game 8 (Axiom2-Decision vs Axiom2): 0-1 {Black wins by adjudication}
Score of Axiom2 vs Axiom2-Decision: 6 - 2 - 0  [0.750] 8
Elo difference: 190.85 +/- nan, LOS: 94.88 %, DrawRatio: 0.00 %
Started game 10 of 12 (Axiom2-Decision vs Axiom2)
Finished game 9 (Axiom2 vs Axiom2-Decision): 1-0 {White wins by adjudication}
Score of Axiom2 vs Axiom2-Decision: 7 - 2 - 0  [0.778] 9
Started game 11 of 12 (Axiom2 vs Axiom2-Decision)
Finished game 10 (Axiom2-Decision vs Axiom2): 0-1 {Black wins by adjudication}
Score of Axiom2 vs Axiom2-Decision: 8 - 2 - 0  [0.800] 10
Elo difference: 240.82 +/- nan, LOS: 99.11 %, DrawRatio: 0.00 %
Started game 12 of 12 (Axiom2-Decision vs Axiom2)
Finished game 11 (Axiom2 vs Axiom2-Decision): 1-0 {White mates}
Score of Axiom2 vs Axiom2-Decision: 9 - 2 - 0  [0.818] 11
Finished game 12 (Axiom2-Decision vs Axiom2): 0-1 {Black wins by adjudication}
Score of Axiom2 vs Axiom2-Decision: 10 - 2 - 0  [0.833] 12
Elo difference: 279.59 +/- nan, LOS: 99.90 %, DrawRatio: 0.00 %
Finished match
Total Time: 00:04:49 (hours:minutes:seconds)
