Indexing opening suite...
Started game 1 of 20 (candidate_legal_fast_path vs reference)
Started game 2 of 20 (reference vs candidate_legal_fast_path)
Finished game 2 (reference vs candidate_legal_fast_path): 0-1 {Black mates}
Score of candidate_legal_fast_path vs reference: 1 - 0 - 0  [1.000] 1
Started game 3 of 20 (candidate_legal_fast_path vs reference)
Finished game 1 (candidate_legal_fast_path vs reference): 0-1 {Black mates}
Score of candidate_legal_fast_path vs reference: 1 - 1 - 0  [0.500] 2
Started game 4 of 20 (reference vs candidate_legal_fast_path)
Finished game 3 (candidate_legal_fast_path vs reference): 0-1 {Black mates}
Score of candidate_legal_fast_path vs reference: 1 - 2 - 0  [0.333] 3
Started game 5 of 20 (candidate_legal_fast_path vs reference)
Finished game 4 (reference vs candidate_legal_fast_path): 0-1 {Black mates}
Score of candidate_legal_fast_path vs reference: 2 - 2 - 0  [0.500] 4
Started game 6 of 20 (reference vs candidate_legal_fast_path)
Finished game 5 (candidate_legal_fast_path vs reference): 0-1 {Black mates}
Score of candidate_legal_fast_path vs reference: 2 - 3 - 0  [0.400] 5
Started game 7 of 20 (candidate_legal_fast_path vs reference)
Finished game 6 (reference vs candidate_legal_fast_path): 0-1 {Black mates}
Score of candidate_legal_fast_path vs reference: 3 - 3 - 0  [0.500] 6
Started game 8 of 20 (reference vs candidate_legal_fast_path)
Finished game 7 (candidate_legal_fast_path vs reference): 0-1 {Black mates}
Score of candidate_legal_fast_path vs reference: 3 - 4 - 0  [0.429] 7
Started game 9 of 20 (candidate_legal_fast_path vs reference)
Finished game 8 (reference vs candidate_legal_fast_path): 1/2-1/2 {Draw by insufficient mating material}
Score of candidate_legal_fast_path vs reference: 3 - 4 - 1  [0.438] 8
Started game 10 of 20 (reference vs candidate_legal_fast_path)
Finished game 9 (candidate_legal_fast_path vs reference): 0-1 {Black mates}
Score of candidate_legal_fast_path vs reference: 3 - 5 - 1  [0.389] 9
Started game 11 of 20 (candidate_legal_fast_path vs reference)
Finished game 10 (reference vs candidate_legal_fast_path): 0-1 {Black mates}
Score of candidate_legal_fast_path vs reference: 4 - 5 - 1  [0.450] 10
Elo difference: -34.86 +/- 237.48, LOS: 36.87 %, DrawRatio: 10.00 %
SPRT: llr -0.02 (0.6%), lbound -2.94, ubound 2.94
Started game 12 of 20 (reference vs candidate_legal_fast_path)
Finished game 11 (candidate_legal_fast_path vs reference): 0-1 {Black mates}
Score of candidate_legal_fast_path vs reference: 4 - 6 - 1  [0.409] 11
Started game 13 of 20 (candidate_legal_fast_path vs reference)
Finished game 12 (reference vs candidate_legal_fast_path): 0-1 {Black mates}
Score of candidate_legal_fast_path vs reference: 5 - 6 - 1  [0.458] 12
Started game 14 of 20 (reference vs candidate_legal_fast_path)
Finished game 14 (reference vs candidate_legal_fast_path): 1-0 {White mates}
Score of candidate_legal_fast_path vs reference: 5 - 7 - 1  [0.423] 13
Started game 15 of 20 (candidate_legal_fast_path vs reference)
Finished game 13 (candidate_legal_fast_path vs reference): 1-0 {White mates}
Score of candidate_legal_fast_path vs reference: 6 - 7 - 1  [0.464] 14
Started game 16 of 20 (reference vs candidate_legal_fast_path)
Warning; PV continues after threefold repetition - move c7d7 from candidate_legal_fast_path
Info; info depth 2 score cp 0 nodes 36 time 0 nps 36000 pv e5d5 c7d7
Position; fen rnbqkb1r/pp3ppp/4pn2/2pp4/3P1B2/4PN2/PPP2PPP/RN1QKB1R w KQkq - 0 1
Moves; b1c3 b8c6 f1b5 c8d7 e1g1 d8a5 b5c6 d7c6 a2a3 c6b5 c3b5 a5b5 b2b3 a8d8 a3a4 b5b4 d1e2 c5d4 f3d4 f8c5 e2d3 f6e4 c2c4 b4d2 a1d1 d2d3 d1d3 d5c4 b3c4 g7g5 f4c7 d8d7 f2f3 c5d4 d3d4 e4d2 d4d7 e8d7 f1d1 d7c7 d1d2 a7a5 g1f2 h8d8 d2d8 c7d8 f2g3 f7f5 h2h4 h7h6 f3f4 g5g4 g3f2 d8e7 e3e4 e6e5 f2e3 e7f6 f4e5 f6e5 e4f5 e5f5 g2g3 f5e5 e3d3 e5d6 d3d4 b7b6 h4h5 d6c6 c4c5 b6c5 d4e5 c6c7 e5d5 c7b6 d5e4 b6c7 e4d5 c7b6 d5e4 b6c6 e4e5 c6c7
Warning; PV continues after threefold repetition - move c7d7 from candidate_legal_fast_path
Info; info depth 3 score cp 0 nodes 97 time 1 nps 97000 pv e5d5 c7d7 d5c5
Position; fen rnbqkb1r/pp3ppp/4pn2/2pp4/3P1B2/4PN2/PPP2PPP/RN1QKB1R w KQkq - 0 1
Moves; b1c3 b8c6 f1b5 c8d7 e1g1 d8a5 b5c6 d7c6 a2a3 c6b5 c3b5 a5b5 b2b3 a8d8 a3a4 b5b4 d1e2 c5d4 f3d4 f8c5 e2d3 f6e4 c2c4 b4d2 a1d1 d2d3 d1d3 d5c4 b3c4 g7g5 f4c7 d8d7 f2f3 c5d4 d3d4 e4d2 d4d7 e8d7 f1d1 d7c7 d1d2 a7a5 g1f2 h8d8 d2d8 c7d8 f2g3 f7f5 h2h4 h7h6 f3f4 g5g4 g3f2 d8e7 e3e4 e6e5 f2e3 e7f6 f4e5 f6e5 e4f5 e5f5 g2g3 f5e5 e3d3 e5d6 d3d4 b7b6 h4h5 d6c6 c4c5 b6c5 d4e5 c6c7 e5d5 c7b6 d5e4 b6c7 e4d5 c7b6 d5e4 b6c6 e4e5 c6c7
Warning; PV continues after threefold repetition - move c7d7 from candidate_legal_fast_path
Info; info depth 4 score cp 0 nodes 174 time 1 nps 174000 pv e5d5 c7d7 d5c5 d7e6
Position; fen rnbqkb1r/pp3ppp/4pn2/2pp4/3P1B2/4PN2/PPP2PPP/RN1QKB1R w KQkq - 0 1
Moves; b1c3 b8c6 f1b5 c8d7 e1g1 d8a5 b5c6 d7c6 a2a3 c6b5 c3b5 a5b5 b2b3 a8d8 a3a4 b5b4 d1e2 c5d4 f3d4 f8c5 e2d3 f6e4 c2c4 b4d2 a1d1 d2d3 d1d3 d5c4 b3c4 g7g5 f4c7 d8d7 f2f3 c5d4 d3d4 e4d2 d4d7 e8d7 f1d1 d7c7 d1d2 a7a5 g1f2 h8d8 d2d8 c7d8 f2g3 f7f5 h2h4 h7h6 f3f4 g5g4 g3f2 d8e7 e3e4 e6e5 f2e3 e7f6 f4e5 f6e5 e4f5 e5f5 g2g3 f5e5 e3d3 e5d6 d3d4 b7b6 h4h5 d6c6 c4c5 b6c5 d4e5 c6c7 e5d5 c7b6 d5e4 b6c7 e4d5 c7b6 d5e4 b6c6 e4e5 c6c7
Warning; PV continues after threefold repetition - move c7d7 from candidate_legal_fast_path
Info; info depth 5 score cp 0 nodes 304 time 2 nps 152000 pv e5d5 c7d7 d5c5 d7e6 c5d4
Position; fen rnbqkb1r/pp3ppp/4pn2/2pp4/3P1B2/4PN2/PPP2PPP/RN1QKB1R w KQkq - 0 1
Moves; b1c3 b8c6 f1b5 c8d7 e1g1 d8a5 b5c6 d7c6 a2a3 c6b5 c3b5 a5b5 b2b3 a8d8 a3a4 b5b4 d1e2 c5d4 f3d4 f8c5 e2d3 f6e4 c2c4 b4d2 a1d1 d2d3 d1d3 d5c4 b3c4 g7g5 f4c7 d8d7 f2f3 c5d4 d3d4 e4d2 d4d7 e8d7 f1d1 d7c7 d1d2 a7a5 g1f2 h8d8 d2d8 c7d8 f2g3 f7f5 h2h4 h7h6 f3f4 g5g4 g3f2 d8e7 e3e4 e6e5 f2e3 e7f6 f4e5 f6e5 e4f5 e5f5 g2g3 f5e5 e3d3 e5d6 d3d4 b7b6 h4h5 d6c6 c4c5 b6c5 d4e5 c6c7 e5d5 c7b6 d5e4 b6c7 e4d5 c7b6 d5e4 b6c6 e4e5 c6c7
Finished game 15 (candidate_legal_fast_path vs reference): 1/2-1/2 {Draw by 3-fold repetition}
Score of candidate_legal_fast_path vs reference: 6 - 7 - 2  [0.467] 15
Started game 17 of 20 (candidate_legal_fast_path vs reference)
Finished game 16 (reference vs candidate_legal_fast_path): 1-0 {White mates}
Score of candidate_legal_fast_path vs reference: 6 - 8 - 2  [0.438] 16
Started game 18 of 20 (reference vs candidate_legal_fast_path)
Finished game 17 (candidate_legal_fast_path vs reference): 0-1 {Black mates}
Score of candidate_legal_fast_path vs reference: 6 - 9 - 2  [0.412] 17
Started game 19 of 20 (candidate_legal_fast_path vs reference)
Finished game 18 (reference vs candidate_legal_fast_path): 0-1 {Black mates}
Score of candidate_legal_fast_path vs reference: 7 - 9 - 2  [0.444] 18
Started game 20 of 20 (reference vs candidate_legal_fast_path)
Finished game 19 (candidate_legal_fast_path vs reference): 0-1 {Black mates}
Score of candidate_legal_fast_path vs reference: 7 - 10 - 2  [0.421] 19
Finished game 20 (reference vs candidate_legal_fast_path): 1-0 {White mates}
Score of candidate_legal_fast_path vs reference: 7 - 11 - 2  [0.400] 20
Elo difference: -70.44 +/- 158.55, LOS: 16.74 %, DrawRatio: 10.00 %
SPRT: llr -0.07 (2.2%), lbound -2.94, ubound 2.94
Finished match
Total Time: 00:02:27 (hours:minutes:seconds)

