[INFO  ] [20:10:16.853141] <   > fastchess --- fastchess alpha 1.8.2 compiled for windows-latest 20260726-f618e34 (CI) 
[INFO  ] [20:10:16.853273] <   > fastchess --- Setting seed to: 2026091302
[INFO  ] [20:10:16.853549] <   > fastchess --- Indexing opening suite...

[INFO  ] [20:10:16.854042] <   > fastchess --- Starting tournament...
[WARN  ] [20:12:11.939827] <   > fastchess --- Warning; PV continues after threefold repetition - move c7d7 from candidate_legal_fast_path
Info; info depth 2 score cp 0 nodes 36 time 0 nps 36000 pv e5d5 c7d7
Position; fen rnbqkb1r/pp3ppp/4pn2/2pp4/3P1B2/4PN2/PPP2PPP/RN1QKB1R w KQkq - 0 1
Moves; b1c3 b8c6 f1b5 c8d7 e1g1 d8a5 b5c6 d7c6 a2a3 c6b5 c3b5 a5b5 b2b3 a8d8 a3a4 b5b4 d1e2 c5d4 f3d4 f8c5 e2d3 f6e4 c2c4 b4d2 a1d1 d2d3 d1d3 d5c4 b3c4 g7g5 f4c7 d8d7 f2f3 c5d4 d3d4 e4d2 d4d7 e8d7 f1d1 d7c7 d1d2 a7a5 g1f2 h8d8 d2d8 c7d8 f2g3 f7f5 h2h4 h7h6 f3f4 g5g4 g3f2 d8e7 e3e4 e6e5 f2e3 e7f6 f4e5 f6e5 e4f5 e5f5 g2g3 f5e5 e3d3 e5d6 d3d4 b7b6 h4h5 d6c6 c4c5 b6c5 d4e5 c6c7 e5d5 c7b6 d5e4 b6c7 e4d5 c7b6 d5e4 b6c6 e4e5 c6c7

[WARN  ] [20:12:11.940294] <   > fastchess --- Warning; PV continues after threefold repetition - move c7d7 from candidate_legal_fast_path
Info; info depth 3 score cp 0 nodes 97 time 1 nps 97000 pv e5d5 c7d7 d5c5
Position; fen rnbqkb1r/pp3ppp/4pn2/2pp4/3P1B2/4PN2/PPP2PPP/RN1QKB1R w KQkq - 0 1
Moves; b1c3 b8c6 f1b5 c8d7 e1g1 d8a5 b5c6 d7c6 a2a3 c6b5 c3b5 a5b5 b2b3 a8d8 a3a4 b5b4 d1e2 c5d4 f3d4 f8c5 e2d3 f6e4 c2c4 b4d2 a1d1 d2d3 d1d3 d5c4 b3c4 g7g5 f4c7 d8d7 f2f3 c5d4 d3d4 e4d2 d4d7 e8d7 f1d1 d7c7 d1d2 a7a5 g1f2 h8d8 d2d8 c7d8 f2g3 f7f5 h2h4 h7h6 f3f4 g5g4 g3f2 d8e7 e3e4 e6e5 f2e3 e7f6 f4e5 f6e5 e4f5 e5f5 g2g3 f5e5 e3d3 e5d6 d3d4 b7b6 h4h5 d6c6 c4c5 b6c5 d4e5 c6c7 e5d5 c7b6 d5e4 b6c7 e4d5 c7b6 d5e4 b6c6 e4e5 c6c7

[WARN  ] [20:12:11.940346] <   > fastchess --- Warning; PV continues after threefold repetition - move c7d7 from candidate_legal_fast_path
Info; info depth 4 score cp 0 nodes 174 time 1 nps 174000 pv e5d5 c7d7 d5c5 d7e6
Position; fen rnbqkb1r/pp3ppp/4pn2/2pp4/3P1B2/4PN2/PPP2PPP/RN1QKB1R w KQkq - 0 1
Moves; b1c3 b8c6 f1b5 c8d7 e1g1 d8a5 b5c6 d7c6 a2a3 c6b5 c3b5 a5b5 b2b3 a8d8 a3a4 b5b4 d1e2 c5d4 f3d4 f8c5 e2d3 f6e4 c2c4 b4d2 a1d1 d2d3 d1d3 d5c4 b3c4 g7g5 f4c7 d8d7 f2f3 c5d4 d3d4 e4d2 d4d7 e8d7 f1d1 d7c7 d1d2 a7a5 g1f2 h8d8 d2d8 c7d8 f2g3 f7f5 h2h4 h7h6 f3f4 g5g4 g3f2 d8e7 e3e4 e6e5 f2e3 e7f6 f4e5 f6e5 e4f5 e5f5 g2g3 f5e5 e3d3 e5d6 d3d4 b7b6 h4h5 d6c6 c4c5 b6c5 d4e5 c6c7 e5d5 c7b6 d5e4 b6c7 e4d5 c7b6 d5e4 b6c6 e4e5 c6c7

[WARN  ] [20:12:11.940385] <   > fastchess --- Warning; PV continues after threefold repetition - move c7d7 from candidate_legal_fast_path
Info; info depth 5 score cp 0 nodes 304 time 2 nps 152000 pv e5d5 c7d7 d5c5 d7e6 c5d4
Position; fen rnbqkb1r/pp3ppp/4pn2/2pp4/3P1B2/4PN2/PPP2PPP/RN1QKB1R w KQkq - 0 1
Moves; b1c3 b8c6 f1b5 c8d7 e1g1 d8a5 b5c6 d7c6 a2a3 c6b5 c3b5 a5b5 b2b3 a8d8 a3a4 b5b4 d1e2 c5d4 f3d4 f8c5 e2d3 f6e4 c2c4 b4d2 a1d1 d2d3 d1d3 d5c4 b3c4 g7g5 f4c7 d8d7 f2f3 c5d4 d3d4 e4d2 d4d7 e8d7 f1d1 d7c7 d1d2 a7a5 g1f2 h8d8 d2d8 c7d8 f2g3 f7f5 h2h4 h7h6 f3f4 g5g4 g3f2 d8e7 e3e4 e6e5 f2e3 e7f6 f4e5 f6e5 e4f5 e5f5 g2g3 f5e5 e3d3 e5d6 d3d4 b7b6 h4h5 d6c6 c4c5 b6c5 d4e5 c6c7 e5d5 c7b6 d5e4 b6c7 e4d5 c7b6 d5e4 b6c6 e4e5 c6c7

[INFO  ] [20:12:44.466612] <   > fastchess --- Finished match

[INFO  ] [20:12:44.466716] <   > fastchess --- Total Time: 00:02:27 (hours:minutes:seconds)


