Started game 1 of 12 (Axiom2 vs Axiom2-4T)
Started game 2 of 12 (Axiom2-4T vs Axiom2)
Finished game 2 (Axiom2-4T vs Axiom2): 1-0 {White wins by adjudication}
Score of Axiom2 vs Axiom2-4T: 0 - 1 - 0  [0.000] 1
Started game 3 of 12 (Axiom2 vs Axiom2-4T)
Finished game 1 (Axiom2 vs Axiom2-4T): 0-1 {Black mates}
Score of Axiom2 vs Axiom2-4T: 0 - 2 - 0  [0.000] 2
Elo difference: -inf +/- nan, LOS: 0.00 %, DrawRatio: 0.00 %
Started game 4 of 12 (Axiom2-4T vs Axiom2)
Finished game 3 (Axiom2 vs Axiom2-4T): 1/2-1/2 {Draw by 3-fold repetition}
Score of Axiom2 vs Axiom2-4T: 0 - 2 - 1  [0.167] 3
Started game 5 of 12 (Axiom2 vs Axiom2-4T)
Finished game 4 (Axiom2-4T vs Axiom2): 1-0 {White wins by adjudication}
Score of Axiom2 vs Axiom2-4T: 0 - 3 - 1  [0.125] 4
Elo difference: -338.04 +/- nan, LOS: 0.03 %, DrawRatio: 25.00 %
Started game 6 of 12 (Axiom2-4T vs Axiom2)
Finished game 6 (Axiom2-4T vs Axiom2): 1-0 {White mates}
Score of Axiom2 vs Axiom2-4T: 0 - 4 - 1  [0.100] 5
Started game 7 of 12 (Axiom2 vs Axiom2-4T)
Finished game 5 (Axiom2 vs Axiom2-4T): 0-1 {Black wins by adjudication}
Score of Axiom2 vs Axiom2-4T: 0 - 5 - 1  [0.083] 6
Elo difference: -416.56 +/- nan, LOS: 0.00 %, DrawRatio: 16.67 %
Started game 8 of 12 (Axiom2-4T vs Axiom2)
Finished game 7 (Axiom2 vs Axiom2-4T): 0-1 {Black wins by adjudication}
Score of Axiom2 vs Axiom2-4T: 0 - 6 - 1  [0.071] 7
Started game 9 of 12 (Axiom2 vs Axiom2-4T)
Finished game 8 (Axiom2-4T vs Axiom2): 1/2-1/2 {Draw by fifty moves rule}
Score of Axiom2 vs Axiom2-4T: 0 - 6 - 2  [0.125] 8
Elo difference: -338.04 +/- nan, LOS: 0.00 %, DrawRatio: 25.00 %
Started game 10 of 12 (Axiom2-4T vs Axiom2)
Finished game 10 (Axiom2-4T vs Axiom2): 0-1 {Black wins by adjudication}
Score of Axiom2 vs Axiom2-4T: 1 - 6 - 2  [0.222] 9
Started game 11 of 12 (Axiom2 vs Axiom2-4T)
Warning; PV continues after threefold repetition - move c3c2 from Axiom2
Info; info depth 1 seldepth 3 multipv 1 score cp 0 nodes 28 time 1 nps 28000 hashfull 11 pv e3f2 c3c2 f2e3
Position; fen rnb1kbnr/ppp1pppp/8/q7/8/2N5/PPPP1PPP/R1BQKBNR w KQkq - 0 1
Moves; b2b3 c8e6 b3b4 a5b6 g1f3 g8f6 f3g5 b8d7 g5e6 b6e6 d1e2 e6b6 a1b1 e7e6 e2b5 c7c6 b5b6 a7b6 d2d4 f8d6 f1d3 e6e5 c1e3 e8g8 a2a4 e5d4 e3d4 f8e8 e1f1 h7h5 h2h4 e8e7 b4b5 c6c5 d4f6 d7f6 h1h3 d6e5 b1e1 g8f8 h3e3 e5c3 e3e7 c3e1 e7e1 a8a4 c2c4 f6e8 e1c1 e8d6 g2g3 f7f5 f1e2 a4a3 f2f4 d6e4 c1g1 g7g6 e2e3 f8f7 e3e2 e4c3 e2e3 c3e4 e3e2 f7e7 e2e3 e7d6 g1d1 d6d7 d1g1 e4d6 g1c1 d6e4 c1g1 d7e6 g1d1 e6d6 d1g1 d6e6 g1e1 e6f6 e1g1 e4f2 e3f2 a3d3 g1c1 d3d2 f2e3 d2g2 e3f3 g2a2 c1d1 f6e6 d1e1 e6d6 e1d1 d6c7 d1c1 c7d7 c1d1 d7e7 d1e1 e7f6 e1d1 f6e7 d1e1 e7d7 e1d1 d7c7 d1c1 c7c8 c1c3 c8d7 c3d3 d7c7 d3c3 c7c8 f3e3 c8d7 e3f3 d7e6 c3e3 e6f7 e3d3 f7e6 d3e3 e6d7 e3d3 d7c7 d3c3 a2a4 f3e2 c7d8 e2e3 d8e7 e3f3 e7e6 c3c2 e6f6 c2c3 a4a2 c3d3 f6e7 d3e3 e7d6 e3d3 d6e7 d3e3 e7f7 e3d3 a2a7 d3d6 a7a3 f3g2 f7g7 d6b6 a3a7 b6d6 a7a2 g2h3 g7h6 d6d8 b7b6 d8h8 h6g7 h8b8 a2c2 b8b6 c2c4 b6b7 g7h6 b7b8 c4b4 b5b6 b4b2 b8h8 h6g7 h8b8 c5c4 b8c8 b2b6 c8c4 b6b2 c4c6 b2a2 c6b6 a2c2 b6a6 c2b2 a6c6 b2d2 c6a6 d2c2 a6b6 c2a2 b6c6 a2b2 c6a6 b2d2 a6b6 g7f7 b6b7 f7e6 b7b6 d2d6 b6b7 d6a6 h3g2 a6c6 g2f3 c6c3 f3f2 c3c6 f2e3 c6c3 e3f2 c3c6 f2e3 c6c3
Warning; PV continues after threefold repetition - move c3c2 from Axiom2
Info; info depth 2 seldepth 3 multipv 1 score cp 0 nodes 66 time 1 nps 66000 hashfull 11 pv e3f2 c3c2 f2e3
Position; fen rnb1kbnr/ppp1pppp/8/q7/8/2N5/PPPP1PPP/R1BQKBNR w KQkq - 0 1
Moves; b2b3 c8e6 b3b4 a5b6 g1f3 g8f6 f3g5 b8d7 g5e6 b6e6 d1e2 e6b6 a1b1 e7e6 e2b5 c7c6 b5b6 a7b6 d2d4 f8d6 f1d3 e6e5 c1e3 e8g8 a2a4 e5d4 e3d4 f8e8 e1f1 h7h5 h2h4 e8e7 b4b5 c6c5 d4f6 d7f6 h1h3 d6e5 b1e1 g8f8 h3e3 e5c3 e3e7 c3e1 e7e1 a8a4 c2c4 f6e8 e1c1 e8d6 g2g3 f7f5 f1e2 a4a3 f2f4 d6e4 c1g1 g7g6 e2e3 f8f7 e3e2 e4c3 e2e3 c3e4 e3e2 f7e7 e2e3 e7d6 g1d1 d6d7 d1g1 e4d6 g1c1 d6e4 c1g1 d7e6 g1d1 e6d6 d1g1 d6e6 g1e1 e6f6 e1g1 e4f2 e3f2 a3d3 g1c1 d3d2 f2e3 d2g2 e3f3 g2a2 c1d1 f6e6 d1e1 e6d6 e1d1 d6c7 d1c1 c7d7 c1d1 d7e7 d1e1 e7f6 e1d1 f6e7 d1e1 e7d7 e1d1 d7c7 d1c1 c7c8 c1c3 c8d7 c3d3 d7c7 d3c3 c7c8 f3e3 c8d7 e3f3 d7e6 c3e3 e6f7 e3d3 f7e6 d3e3 e6d7 e3d3 d7c7 d3c3 a2a4 f3e2 c7d8 e2e3 d8e7 e3f3 e7e6 c3c2 e6f6 c2c3 a4a2 c3d3 f6e7 d3e3 e7d6 e3d3 d6e7 d3e3 e7f7 e3d3 a2a7 d3d6 a7a3 f3g2 f7g7 d6b6 a3a7 b6d6 a7a2 g2h3 g7h6 d6d8 b7b6 d8h8 h6g7 h8b8 a2c2 b8b6 c2c4 b6b7 g7h6 b7b8 c4b4 b5b6 b4b2 b8h8 h6g7 h8b8 c5c4 b8c8 b2b6 c8c4 b6b2 c4c6 b2a2 c6b6 a2c2 b6a6 c2b2 a6c6 b2d2 c6a6 d2c2 a6b6 c2a2 b6c6 a2b2 c6a6 b2d2 a6b6 g7f7 b6b7 f7e6 b7b6 d2d6 b6b7 d6a6 h3g2 a6c6 g2f3 c6c3 f3f2 c3c6 f2e3 c6c3 e3f2 c3c6 f2e3 c6c3
Warning; PV continues after threefold repetition - move c3d3 from Axiom2
Info; info depth 4 seldepth 9 multipv 1 score cp 0 nodes 1119 time 3 nps 373000 hashfull 11 pv e3f2 c3d3 b7b6 d3d6 b6b7 d6d2 f2e3
Position; fen rnb1kbnr/ppp1pppp/8/q7/8/2N5/PPPP1PPP/R1BQKBNR w KQkq - 0 1
Moves; b2b3 c8e6 b3b4 a5b6 g1f3 g8f6 f3g5 b8d7 g5e6 b6e6 d1e2 e6b6 a1b1 e7e6 e2b5 c7c6 b5b6 a7b6 d2d4 f8d6 f1d3 e6e5 c1e3 e8g8 a2a4 e5d4 e3d4 f8e8 e1f1 h7h5 h2h4 e8e7 b4b5 c6c5 d4f6 d7f6 h1h3 d6e5 b1e1 g8f8 h3e3 e5c3 e3e7 c3e1 e7e1 a8a4 c2c4 f6e8 e1c1 e8d6 g2g3 f7f5 f1e2 a4a3 f2f4 d6e4 c1g1 g7g6 e2e3 f8f7 e3e2 e4c3 e2e3 c3e4 e3e2 f7e7 e2e3 e7d6 g1d1 d6d7 d1g1 e4d6 g1c1 d6e4 c1g1 d7e6 g1d1 e6d6 d1g1 d6e6 g1e1 e6f6 e1g1 e4f2 e3f2 a3d3 g1c1 d3d2 f2e3 d2g2 e3f3 g2a2 c1d1 f6e6 d1e1 e6d6 e1d1 d6c7 d1c1 c7d7 c1d1 d7e7 d1e1 e7f6 e1d1 f6e7 d1e1 e7d7 e1d1 d7c7 d1c1 c7c8 c1c3 c8d7 c3d3 d7c7 d3c3 c7c8 f3e3 c8d7 e3f3 d7e6 c3e3 e6f7 e3d3 f7e6 d3e3 e6d7 e3d3 d7c7 d3c3 a2a4 f3e2 c7d8 e2e3 d8e7 e3f3 e7e6 c3c2 e6f6 c2c3 a4a2 c3d3 f6e7 d3e3 e7d6 e3d3 d6e7 d3e3 e7f7 e3d3 a2a7 d3d6 a7a3 f3g2 f7g7 d6b6 a3a7 b6d6 a7a2 g2h3 g7h6 d6d8 b7b6 d8h8 h6g7 h8b8 a2c2 b8b6 c2c4 b6b7 g7h6 b7b8 c4b4 b5b6 b4b2 b8h8 h6g7 h8b8 c5c4 b8c8 b2b6 c8c4 b6b2 c4c6 b2a2 c6b6 a2c2 b6a6 c2b2 a6c6 b2d2 c6a6 d2c2 a6b6 c2a2 b6c6 a2b2 c6a6 b2d2 a6b6 g7f7 b6b7 f7e6 b7b6 d2d6 b6b7 d6a6 h3g2 a6c6 g2f3 c6c3 f3f2 c3c6 f2e3 c6c3 e3f2 c3c6 f2e3 c6c3
Finished game 9 (Axiom2 vs Axiom2-4T): 1/2-1/2 {Draw by 3-fold repetition}
Score of Axiom2 vs Axiom2-4T: 1 - 6 - 3  [0.250] 10
Elo difference: -190.85 +/- 256.71, LOS: 0.92 %, DrawRatio: 30.00 %
Started game 12 of 12 (Axiom2-4T vs Axiom2)
Warning; PV continues after threefold repetition - move g4h5 from Axiom2-4T
Info; info depth 2 seldepth 5 multipv 1 score cp 0 nodes 601 time 3 nps 200333 hashfull 0 pv h8g8 g4h5
Position; fen rnbqkb1r/ppp2ppp/4pn2/3p4/2PP4/2N5/PP2PPPP/R1BQKBNR w KQkq - 0 1
Moves; c1g5 b8c6 g1f3 f8b4 c4d5 e6d5 d1b3 a7a5 e1c1 b4c3 b2c3 a5a4 b3b1 d8e7 g5f6 e7a3 c1d2 g7f6 e2e3 h8g8 h2h3 h7h5 g2g3 a8a5 f1d3 c8d7 b1c2 b7b5 d1b1 c6e7 c2b2 a3b2 b1b2 a4a3 b2b3 g8h8 f3h4 c7c6 f2f3 h8g8 g3g4 d7e6 b3b1 a5a7 b1b4 g8h8 b4b1 h8g8 b1b3 g8h8 b3b1
Warning; PV continues after threefold repetition - move g4h5 from Axiom2-4T
Info; info depth 3 seldepth 8 multipv 1 score cp 0 nodes 1437 time 4 nps 359250 hashfull 0 pv h8g8 g4h5 g8g3
Position; fen rnbqkb1r/ppp2ppp/4pn2/3p4/2PP4/2N5/PP2PPPP/R1BQKBNR w KQkq - 0 1
Moves; c1g5 b8c6 g1f3 f8b4 c4d5 e6d5 d1b3 a7a5 e1c1 b4c3 b2c3 a5a4 b3b1 d8e7 g5f6 e7a3 c1d2 g7f6 e2e3 h8g8 h2h3 h7h5 g2g3 a8a5 f1d3 c8d7 b1c2 b7b5 d1b1 c6e7 c2b2 a3b2 b1b2 a4a3 b2b3 g8h8 f3h4 c7c6 f2f3 h8g8 g3g4 d7e6 b3b1 a5a7 b1b4 g8h8 b4b1 h8g8 b1b3 g8h8 b3b1
Warning; PV continues after threefold repetition - move b1b3 from Axiom2-4T
Info; info depth 4 seldepth 11 multipv 1 score cp 0 nodes 5398 time 6 nps 899666 hashfull 0 pv h8g8 b1b3 g8h8 b3b4 h5g4 h3g4
Position; fen rnbqkb1r/ppp2ppp/4pn2/3p4/2PP4/2N5/PP2PPPP/R1BQKBNR w KQkq - 0 1
Moves; c1g5 b8c6 g1f3 f8b4 c4d5 e6d5 d1b3 a7a5 e1c1 b4c3 b2c3 a5a4 b3b1 d8e7 g5f6 e7a3 c1d2 g7f6 e2e3 h8g8 h2h3 h7h5 g2g3 a8a5 f1d3 c8d7 b1c2 b7b5 d1b1 c6e7 c2b2 a3b2 b1b2 a4a3 b2b3 g8h8 f3h4 c7c6 f2f3 h8g8 g3g4 d7e6 b3b1 a5a7 b1b4 g8h8 b4b1 h8g8 b1b3 g8h8 b3b1
Warning; PV continues after threefold repetition - move b1b4 from Axiom2-4T
Info; info depth 5 seldepth 12 multipv 1 score cp 0 nodes 9489 time 9 nps 1054333 hashfull 0 pv h8g8 b1b4 g8h8 b4b3 h5g4 h3g4
Position; fen rnbqkb1r/ppp2ppp/4pn2/3p4/2PP4/2N5/PP2PPPP/R1BQKBNR w KQkq - 0 1
Moves; c1g5 b8c6 g1f3 f8b4 c4d5 e6d5 d1b3 a7a5 e1c1 b4c3 b2c3 a5a4 b3b1 d8e7 g5f6 e7a3 c1d2 g7f6 e2e3 h8g8 h2h3 h7h5 g2g3 a8a5 f1d3 c8d7 b1c2 b7b5 d1b1 c6e7 c2b2 a3b2 b1b2 a4a3 b2b3 g8h8 f3h4 c7c6 f2f3 h8g8 g3g4 d7e6 b3b1 a5a7 b1b4 g8h8 b4b1 h8g8 b1b3 g8h8 b3b1
Warning; PV continues after threefold repetition - move b1g1 from Axiom2-4T
Info; info depth 6 seldepth 17 multipv 1 score cp 0 nodes 21727 time 18 nps 1207055 hashfull 0 pv h8g8 b1g1 g8h8 h4f5 e6f5 g4f5
Position; fen rnbqkb1r/ppp2ppp/4pn2/3p4/2PP4/2N5/PP2PPPP/R1BQKBNR w KQkq - 0 1
Moves; c1g5 b8c6 g1f3 f8b4 c4d5 e6d5 d1b3 a7a5 e1c1 b4c3 b2c3 a5a4 b3b1 d8e7 g5f6 e7a3 c1d2 g7f6 e2e3 h8g8 h2h3 h7h5 g2g3 a8a5 f1d3 c8d7 b1c2 b7b5 d1b1 c6e7 c2b2 a3b2 b1b2 a4a3 b2b3 g8h8 f3h4 c7c6 f2f3 h8g8 g3g4 d7e6 b3b1 a5a7 b1b4 g8h8 b4b1 h8g8 b1b3 g8h8 b3b1
Warning; PV continues after threefold repetition - move b1a1 from Axiom2-4T
Info; info depth 7 seldepth 18 multipv 1 score cp 0 nodes 120173 time 97 nps 1238896 hashfull 5 pv h8g8 b1a1 e8d7 h1h2 g8h8 a1h1 h5g4 h3g4
Position; fen rnbqkb1r/ppp2ppp/4pn2/3p4/2PP4/2N5/PP2PPPP/R1BQKBNR w KQkq - 0 1
Moves; c1g5 b8c6 g1f3 f8b4 c4d5 e6d5 d1b3 a7a5 e1c1 b4c3 b2c3 a5a4 b3b1 d8e7 g5f6 e7a3 c1d2 g7f6 e2e3 h8g8 h2h3 h7h5 g2g3 a8a5 f1d3 c8d7 b1c2 b7b5 d1b1 c6e7 c2b2 a3b2 b1b2 a4a3 b2b3 g8h8 f3h4 c7c6 f2f3 h8g8 g3g4 d7e6 b3b1 a5a7 b1b4 g8h8 b4b1 h8g8 b1b3 g8h8 b3b1
Warning; PV continues after threefold repetition - move b1a1 from Axiom2-4T
Info; info depth 7 seldepth 18 multipv 1 score cp 0 nodes 120231 time 98 nps 1226846 hashfull 5 pv h8g8 b1a1 e8d7 h1h2 g8h8 a1h1 h5g4 h3g4
Position; fen rnbqkb1r/ppp2ppp/4pn2/3p4/2PP4/2N5/PP2PPPP/R1BQKBNR w KQkq - 0 1
Moves; c1g5 b8c6 g1f3 f8b4 c4d5 e6d5 d1b3 a7a5 e1c1 b4c3 b2c3 a5a4 b3b1 d8e7 g5f6 e7a3 c1d2 g7f6 e2e3 h8g8 h2h3 h7h5 g2g3 a8a5 f1d3 c8d7 b1c2 b7b5 d1b1 c6e7 c2b2 a3b2 b1b2 a4a3 b2b3 g8h8 f3h4 c7c6 f2f3 h8g8 g3g4 d7e6 b3b1 a5a7 b1b4 g8h8 b4b1 h8g8 b1b3 g8h8 b3b1
Finished game 11 (Axiom2 vs Axiom2-4T): 1/2-1/2 {Draw by 3-fold repetition}
Score of Axiom2 vs Axiom2-4T: 1 - 6 - 4  [0.273] 11
Finished game 12 (Axiom2-4T vs Axiom2): 1-0 {White wins by adjudication}
Score of Axiom2 vs Axiom2-4T: 1 - 7 - 4  [0.250] 12
Elo difference: -190.85 +/- 204.66, LOS: 0.36 %, DrawRatio: 33.33 %
Finished match
Total Time: 00:03:19 (hours:minutes:seconds)
