Indexing opening suite...
Started game 1 of 100 (candidate_version vs reference)
Started game 2 of 100 (reference vs candidate_version)
Finished game 2 (reference vs candidate_version): 1-0 {White mates}
Score of candidate_version vs reference: 0 - 1 - 0  [0.000] 1
Started game 3 of 100 (candidate_version vs reference)
Finished game 1 (candidate_version vs reference): 1-0 {White mates}
Score of candidate_version vs reference: 1 - 1 - 0  [0.500] 2
Started game 4 of 100 (reference vs candidate_version)
Finished game 3 (candidate_version vs reference): 1/2-1/2 {Draw by fifty moves rule}
Score of candidate_version vs reference: 1 - 1 - 1  [0.500] 3
Started game 5 of 100 (candidate_version vs reference)
Finished game 4 (reference vs candidate_version): 0-1 {Black mates}
Score of candidate_version vs reference: 2 - 1 - 1  [0.625] 4
Started game 6 of 100 (reference vs candidate_version)
Finished game 6 (reference vs candidate_version): 1-0 {White mates}
Score of candidate_version vs reference: 2 - 2 - 1  [0.500] 5
Started game 7 of 100 (candidate_version vs reference)
Finished game 5 (candidate_version vs reference): 1-0 {White mates}
Score of candidate_version vs reference: 3 - 2 - 1  [0.583] 6
Started game 8 of 100 (reference vs candidate_version)
Finished game 8 (reference vs candidate_version): 1-0 {White mates}
Score of candidate_version vs reference: 3 - 3 - 1  [0.500] 7
Started game 9 of 100 (candidate_version vs reference)
Finished game 7 (candidate_version vs reference): 0-1 {Black mates}
Score of candidate_version vs reference: 3 - 4 - 1  [0.438] 8
Started game 10 of 100 (reference vs candidate_version)
Finished game 9 (candidate_version vs reference): 1-0 {White mates}
Score of candidate_version vs reference: 4 - 4 - 1  [0.500] 9
Started game 11 of 100 (candidate_version vs reference)
Finished game 10 (reference vs candidate_version): 1-0 {White mates}
Score of candidate_version vs reference: 4 - 5 - 1  [0.450] 10
Elo difference: -34.86 +/- 237.48, LOS: 36.87 %, DrawRatio: 10.00 %
SPRT: llr -0.02 (0.6%), lbound -2.94, ubound 2.94
Started game 12 of 100 (reference vs candidate_version)
Finished game 11 (candidate_version vs reference): 0-1 {Black mates}
Score of candidate_version vs reference: 4 - 6 - 1  [0.409] 11
Started game 13 of 100 (candidate_version vs reference)
Finished game 12 (reference vs candidate_version): 1-0 {White mates}
Score of candidate_version vs reference: 4 - 7 - 1  [0.375] 12
Started game 14 of 100 (reference vs candidate_version)
Finished game 13 (candidate_version vs reference): 1-0 {White mates}
Score of candidate_version vs reference: 5 - 7 - 1  [0.423] 13
Started game 15 of 100 (candidate_version vs reference)
Finished game 14 (reference vs candidate_version): 0-1 {Black mates}
Score of candidate_version vs reference: 6 - 7 - 1  [0.464] 14
Started game 16 of 100 (reference vs candidate_version)
Finished game 15 (candidate_version vs reference): 1-0 {White mates}
Score of candidate_version vs reference: 7 - 7 - 1  [0.500] 15
Started game 17 of 100 (candidate_version vs reference)
Finished game 16 (reference vs candidate_version): 0-1 {Black mates}
Score of candidate_version vs reference: 8 - 7 - 1  [0.531] 16
Started game 18 of 100 (reference vs candidate_version)
Finished game 17 (candidate_version vs reference): 1-0 {White mates}
Score of candidate_version vs reference: 9 - 7 - 1  [0.559] 17
Started game 19 of 100 (candidate_version vs reference)
Finished game 19 (candidate_version vs reference): 0-1 {Black mates}
Score of candidate_version vs reference: 9 - 8 - 1  [0.528] 18
Started game 20 of 100 (reference vs candidate_version)
Finished game 18 (reference vs candidate_version): 1-0 {White mates}
Score of candidate_version vs reference: 9 - 9 - 1  [0.500] 19
Started game 21 of 100 (candidate_version vs reference)
Finished game 20 (reference vs candidate_version): 0-1 {Black mates}
Score of candidate_version vs reference: 10 - 9 - 1  [0.525] 20
Elo difference: 17.39 +/- 158.89, LOS: 59.08 %, DrawRatio: 5.00 %
SPRT: llr 0.01 (0.4%), lbound -2.94, ubound 2.94
Started game 22 of 100 (reference vs candidate_version)
Finished game 21 (candidate_version vs reference): 1-0 {White mates}
Score of candidate_version vs reference: 11 - 9 - 1  [0.548] 21
Started game 23 of 100 (candidate_version vs reference)
Finished game 23 (candidate_version vs reference): 1/2-1/2 {Draw by 3-fold repetition}
Score of candidate_version vs reference: 11 - 9 - 2  [0.545] 22
Started game 24 of 100 (reference vs candidate_version)
Finished game 22 (reference vs candidate_version): 0-1 {Black mates}
Score of candidate_version vs reference: 12 - 9 - 2  [0.565] 23
Started game 25 of 100 (candidate_version vs reference)
Finished game 24 (reference vs candidate_version): 1-0 {White mates}
Score of candidate_version vs reference: 12 - 10 - 2  [0.542] 24
Started game 26 of 100 (reference vs candidate_version)
Finished game 25 (candidate_version vs reference): 1-0 {White mates}
Score of candidate_version vs reference: 13 - 10 - 2  [0.560] 25
Started game 27 of 100 (candidate_version vs reference)
Finished game 26 (reference vs candidate_version): 0-1 {Black mates}
Score of candidate_version vs reference: 14 - 10 - 2  [0.577] 26
Started game 28 of 100 (reference vs candidate_version)
Finished game 27 (candidate_version vs reference): 1-0 {White mates}
Score of candidate_version vs reference: 15 - 10 - 2  [0.593] 27
Started game 29 of 100 (candidate_version vs reference)
Warning; PV continues after threefold repetition - move f1e1 from candidate_version
Info; info depth 2 score cp 0 nodes 212 time 2 nps 106000 pv f7e8 f1e1
Position; fen rnbqk2r/ppp1bppp/4pn2/3p4/8/5NP1/PPPPPPBP/RNBQ1RK1 w kq - 0 1
Moves; d2d4 b8c6 b1c3 f6e4 c3e4 d5e4 f3e5 c6e5 d4e5 d8d5 c1f4 c8d7 c2c4 d5c4 a1c1 c4a2 c1c7 a2d5 g2e4 d5d1 f1d1 d7b5 g1f1 b5a6 d1d7 e7d8 d7f7 d8c7 f7c7 e8g8 e4b7 a6b7 c7b7 a8b8 b7a7 b8b2 f2f3 f8d8 f1f2 d8d1 a7a6 g8f7 a6d6 d1h1 g3g4 g7g5 f4g3 h1c1 d6d7 f7f8 d7h7 c1c2 h7h8 f8f7 h8h7 f7e8 h7h8 e8f7 f2f1 c2e2 h8h7 f7f8 h7h8 f8f7 h8h7 f7f8 h7a7 e2d2 h2h3 b2b3 a7a8 f8e7 a8a7 e7e8 a7a8 e8e7 a8a7 e7e8 a7a8 e8f7 a8a7
Finished game 28 (reference vs candidate_version): 1/2-1/2 {Draw by 3-fold repetition}
Score of candidate_version vs reference: 15 - 10 - 3  [0.589] 28
Started game 30 of 100 (reference vs candidate_version)
Finished game 29 (candidate_version vs reference): 1-0 {White mates}
Score of candidate_version vs reference: 16 - 10 - 3  [0.603] 29
Started game 31 of 100 (candidate_version vs reference)
Finished game 30 (reference vs candidate_version): 0-1 {Black mates}
Score of candidate_version vs reference: 17 - 10 - 3  [0.617] 30
Elo difference: 82.59 +/- 127.22, LOS: 91.77 %, DrawRatio: 10.00 %
SPRT: llr 0.11 (3.7%), lbound -2.94, ubound 2.94
Started game 32 of 100 (reference vs candidate_version)
Finished game 31 (candidate_version vs reference): 0-1 {Black mates}
Score of candidate_version vs reference: 17 - 11 - 3  [0.597] 31
Started game 33 of 100 (candidate_version vs reference)
Finished game 33 (candidate_version vs reference): 1-0 {White mates}
Score of candidate_version vs reference: 18 - 11 - 3  [0.609] 32
Started game 34 of 100 (reference vs candidate_version)
Finished game 32 (reference vs candidate_version): 1/2-1/2 {Draw by fifty moves rule}
Score of candidate_version vs reference: 18 - 11 - 4  [0.606] 33
Started game 35 of 100 (candidate_version vs reference)
Finished game 35 (candidate_version vs reference): 1-0 {White mates}
Score of candidate_version vs reference: 19 - 11 - 4  [0.618] 34
Started game 36 of 100 (reference vs candidate_version)
Finished game 34 (reference vs candidate_version): 1-0 {White mates}
Score of candidate_version vs reference: 19 - 12 - 4  [0.600] 35
Started game 37 of 100 (candidate_version vs reference)
Finished game 36 (reference vs candidate_version): 1-0 {White mates}
Score of candidate_version vs reference: 19 - 13 - 4  [0.583] 36
Started game 38 of 100 (reference vs candidate_version)
Finished game 37 (candidate_version vs reference): 1-0 {White mates}
Score of candidate_version vs reference: 20 - 13 - 4  [0.595] 37
Started game 39 of 100 (candidate_version vs reference)
Finished game 38 (reference vs candidate_version): 1-0 {White mates}
Score of candidate_version vs reference: 20 - 14 - 4  [0.579] 38
Started game 40 of 100 (reference vs candidate_version)
Finished game 39 (candidate_version vs reference): 0-1 {Black mates}
Score of candidate_version vs reference: 20 - 15 - 4  [0.564] 39
Started game 41 of 100 (candidate_version vs reference)
Finished game 40 (reference vs candidate_version): 1-0 {White mates}
Score of candidate_version vs reference: 20 - 16 - 4  [0.550] 40
Elo difference: 34.86 +/- 105.86, LOS: 74.87 %, DrawRatio: 10.00 %
SPRT: llr 0.06 (2.0%), lbound -2.94, ubound 2.94
Started game 42 of 100 (reference vs candidate_version)
Finished game 41 (candidate_version vs reference): 1-0 {White mates}
Score of candidate_version vs reference: 21 - 16 - 4  [0.561] 41
Started game 43 of 100 (candidate_version vs reference)
Finished game 42 (reference vs candidate_version): 1-0 {White mates}
Score of candidate_version vs reference: 21 - 17 - 4  [0.548] 42
Started game 44 of 100 (reference vs candidate_version)
Finished game 44 (reference vs candidate_version): 0-1 {Black mates}
Score of candidate_version vs reference: 22 - 17 - 4  [0.558] 43
Started game 45 of 100 (candidate_version vs reference)
Finished game 43 (candidate_version vs reference): 1-0 {White mates}
Score of candidate_version vs reference: 23 - 17 - 4  [0.568] 44
Started game 46 of 100 (reference vs candidate_version)
Finished game 45 (candidate_version vs reference): 1-0 {White mates}
Score of candidate_version vs reference: 24 - 17 - 4  [0.578] 45
Started game 47 of 100 (candidate_version vs reference)
Finished game 47 (candidate_version vs reference): 1/2-1/2 {Draw by 3-fold repetition}
Score of candidate_version vs reference: 24 - 17 - 5  [0.576] 46
Started game 48 of 100 (reference vs candidate_version)
Finished game 46 (reference vs candidate_version): 1/2-1/2 {Draw by fifty moves rule}
Score of candidate_version vs reference: 24 - 17 - 6  [0.574] 47
Started game 49 of 100 (candidate_version vs reference)
Finished game 49 (candidate_version vs reference): 1-0 {White mates}
Score of candidate_version vs reference: 25 - 17 - 6  [0.583] 48
Started game 50 of 100 (reference vs candidate_version)
Finished game 48 (reference vs candidate_version): 0-1 {Black mates}
Score of candidate_version vs reference: 26 - 17 - 6  [0.592] 49
Started game 51 of 100 (candidate_version vs reference)
Finished game 50 (reference vs candidate_version): 0-1 {Black mates}
Score of candidate_version vs reference: 27 - 17 - 6  [0.600] 50
Elo difference: 70.44 +/- 94.48, LOS: 93.86 %, DrawRatio: 12.00 %
SPRT: llr 0.16 (5.4%), lbound -2.94, ubound 2.94
Started game 52 of 100 (reference vs candidate_version)
Finished game 51 (candidate_version vs reference): 1-0 {White mates}
Score of candidate_version vs reference: 28 - 17 - 6  [0.608] 51
Started game 53 of 100 (candidate_version vs reference)
Finished game 53 (candidate_version vs reference): 1-0 {White mates}
Score of candidate_version vs reference: 29 - 17 - 6  [0.615] 52
Started game 54 of 100 (reference vs candidate_version)
Finished game 54 (reference vs candidate_version): 1-0 {White mates}
Score of candidate_version vs reference: 29 - 18 - 6  [0.604] 53
Started game 55 of 100 (candidate_version vs reference)
Finished game 52 (reference vs candidate_version): 1/2-1/2 {Draw by fifty moves rule}
Score of candidate_version vs reference: 29 - 18 - 7  [0.602] 54
Started game 56 of 100 (reference vs candidate_version)
Finished game 55 (candidate_version vs reference): 1-0 {White mates}
Score of candidate_version vs reference: 30 - 18 - 7  [0.609] 55
Started game 57 of 100 (candidate_version vs reference)
Finished game 56 (reference vs candidate_version): 0-1 {Black mates}
Score of candidate_version vs reference: 31 - 18 - 7  [0.616] 56
Started game 58 of 100 (reference vs candidate_version)
Finished game 57 (candidate_version vs reference): 0-1 {Black mates}
Score of candidate_version vs reference: 31 - 19 - 7  [0.605] 57
Started game 59 of 100 (candidate_version vs reference)
Finished game 58 (reference vs candidate_version): 1/2-1/2 {Draw by insufficient mating material}
Score of candidate_version vs reference: 31 - 19 - 8  [0.603] 58
Started game 60 of 100 (reference vs candidate_version)
Finished game 59 (candidate_version vs reference): 0-1 {Black mates}
Score of candidate_version vs reference: 31 - 20 - 8  [0.593] 59
Started game 61 of 100 (candidate_version vs reference)
Finished game 60 (reference vs candidate_version): 1/2-1/2 {Draw by 3-fold repetition}
Score of candidate_version vs reference: 31 - 20 - 9  [0.592] 60
Elo difference: 64.42 +/- 83.96, LOS: 94.20 %, DrawRatio: 15.00 %
SPRT: llr 0.18 (6.1%), lbound -2.94, ubound 2.94
Started game 62 of 100 (reference vs candidate_version)
Finished game 61 (candidate_version vs reference): 0-1 {Black mates}
Score of candidate_version vs reference: 31 - 21 - 9  [0.582] 61
Started game 63 of 100 (candidate_version vs reference)
Finished game 62 (reference vs candidate_version): 0-1 {Black mates}
Score of candidate_version vs reference: 32 - 21 - 9  [0.589] 62
Started game 64 of 100 (reference vs candidate_version)
Finished game 63 (candidate_version vs reference): 1-0 {White mates}
Score of candidate_version vs reference: 33 - 21 - 9  [0.595] 63
Started game 65 of 100 (candidate_version vs reference)
Warning; PV continues after threefold repetition - move f6f5 from reference
Info; info depth 2 score cp 0 nodes 84 time 1 nps 84000 pv c2d3 f6f5
Position; fen rnbqkb1r/ppp2ppp/8/3np3/8/2N3P1/PP1PPP1P/R1BQKBNR w KQkq - 0 1
Moves; e2e4 d5c3 d2c3 d8d1 e1d1 b8c6 c1e3 c8e6 g1f3 e8c8 d1c2 f8e7 f1d3 c8b8 f3g5 e7g5 e3g5 f7f6 g5e3 h7h5 h1d1 h5h4 d3b5 h4g3 h2g3 g7g5 a2a4 a7a6 d1d8 c6d8 b5e2 d8f7 a1d1 f7d6 e2d3 e6g4 d1d2 h8h1 c2b3 g4f3 d3c2 g5g4 e3c5 d6c8 d2d5 c7c6 d5d7 b7b6 c5e3 b6b5 a4a5 f3e2 b3b4 e2c4 e3c5 h1h8 d7d1 c4e6 c5e3 h8h7 e3c5 b8c7 b2b3 h7d7 d1d7 c7d7 c2d3 c8d6 b4a3 d6b7 c5b6 d7e7 b3b4 e7d7 a3b2 b7d6 b2c2 e6c4 b6c5 c4d3 c2d3 d6c4 c5e3 c4b2 d3e2 b2c4 e3c5 d7e6 c5e3 e6d7 e3c5 d7e6 c5e3 e6e7 e3c5 e7d7 c5b6 c4d6 e2d3 d6c4 d3e2 d7e8 b6c5 e8f7 c5b6 f7g6 e2d3 c4b2 d3e2 b2c4 e2d3 c4b2 d3c2 b2c4
Warning; PV continues after threefold repetition - move g6f7 from reference
Info; info depth 3 score cp 0 nodes 263 time 3 nps 87666 pv c2d3 g6f7 b6c5
Position; fen rnbqkb1r/ppp2ppp/8/3np3/8/2N3P1/PP1PPP1P/R1BQKBNR w KQkq - 0 1
Moves; e2e4 d5c3 d2c3 d8d1 e1d1 b8c6 c1e3 c8e6 g1f3 e8c8 d1c2 f8e7 f1d3 c8b8 f3g5 e7g5 e3g5 f7f6 g5e3 h7h5 h1d1 h5h4 d3b5 h4g3 h2g3 g7g5 a2a4 a7a6 d1d8 c6d8 b5e2 d8f7 a1d1 f7d6 e2d3 e6g4 d1d2 h8h1 c2b3 g4f3 d3c2 g5g4 e3c5 d6c8 d2d5 c7c6 d5d7 b7b6 c5e3 b6b5 a4a5 f3e2 b3b4 e2c4 e3c5 h1h8 d7d1 c4e6 c5e3 h8h7 e3c5 b8c7 b2b3 h7d7 d1d7 c7d7 c2d3 c8d6 b4a3 d6b7 c5b6 d7e7 b3b4 e7d7 a3b2 b7d6 b2c2 e6c4 b6c5 c4d3 c2d3 d6c4 c5e3 c4b2 d3e2 b2c4 e3c5 d7e6 c5e3 e6d7 e3c5 d7e6 c5e3 e6e7 e3c5 e7d7 c5b6 c4d6 e2d3 d6c4 d3e2 d7e8 b6c5 e8f7 c5b6 f7g6 e2d3 c4b2 d3e2 b2c4 e2d3 c4b2 d3c2 b2c4
Warning; PV continues after threefold repetition - move g6f7 from reference
Info; info depth 3 score cp 0 nodes 1311 time 14 nps 93642 pv c2d3 g6f7 b6c5
Position; fen rnbqkb1r/ppp2ppp/8/3np3/8/2N3P1/PP1PPP1P/R1BQKBNR w KQkq - 0 1
Moves; e2e4 d5c3 d2c3 d8d1 e1d1 b8c6 c1e3 c8e6 g1f3 e8c8 d1c2 f8e7 f1d3 c8b8 f3g5 e7g5 e3g5 f7f6 g5e3 h7h5 h1d1 h5h4 d3b5 h4g3 h2g3 g7g5 a2a4 a7a6 d1d8 c6d8 b5e2 d8f7 a1d1 f7d6 e2d3 e6g4 d1d2 h8h1 c2b3 g4f3 d3c2 g5g4 e3c5 d6c8 d2d5 c7c6 d5d7 b7b6 c5e3 b6b5 a4a5 f3e2 b3b4 e2c4 e3c5 h1h8 d7d1 c4e6 c5e3 h8h7 e3c5 b8c7 b2b3 h7d7 d1d7 c7d7 c2d3 c8d6 b4a3 d6b7 c5b6 d7e7 b3b4 e7d7 a3b2 b7d6 b2c2 e6c4 b6c5 c4d3 c2d3 d6c4 c5e3 c4b2 d3e2 b2c4 e3c5 d7e6 c5e3 e6d7 e3c5 d7e6 c5e3 e6e7 e3c5 e7d7 c5b6 c4d6 e2d3 d6c4 d3e2 d7e8 b6c5 e8f7 c5b6 f7g6 e2d3 c4b2 d3e2 b2c4 e2d3 c4b2 d3c2 b2c4
Finished game 64 (reference vs candidate_version): 1/2-1/2 {Draw by 3-fold repetition}
Score of candidate_version vs reference: 33 - 21 - 10  [0.594] 64
Started game 66 of 100 (reference vs candidate_version)
Finished game 66 (reference vs candidate_version): 1/2-1/2 {Draw by 3-fold repetition}
Score of candidate_version vs reference: 33 - 21 - 11  [0.592] 65
Started game 67 of 100 (candidate_version vs reference)
Finished game 65 (candidate_version vs reference): 0-1 {Black mates}
Score of candidate_version vs reference: 33 - 22 - 11  [0.583] 66
Started game 68 of 100 (reference vs candidate_version)
Finished game 67 (candidate_version vs reference): 1/2-1/2 {Draw by 3-fold repetition}
Score of candidate_version vs reference: 33 - 22 - 12  [0.582] 67
Started game 69 of 100 (candidate_version vs reference)
Finished game 68 (reference vs candidate_version): 1-0 {White mates}
Score of candidate_version vs reference: 33 - 23 - 12  [0.574] 68
Started game 70 of 100 (reference vs candidate_version)
Finished game 69 (candidate_version vs reference): 0-1 {Black mates}
Score of candidate_version vs reference: 33 - 24 - 12  [0.565] 69
Started game 71 of 100 (candidate_version vs reference)
Finished game 70 (reference vs candidate_version): 1-0 {White mates}
Score of candidate_version vs reference: 33 - 25 - 12  [0.557] 70
Elo difference: 39.88 +/- 75.70, LOS: 85.52 %, DrawRatio: 17.14 %
SPRT: llr 0.13 (4.4%), lbound -2.94, ubound 2.94
Started game 72 of 100 (reference vs candidate_version)
Finished game 71 (candidate_version vs reference): 1-0 {White mates}
Score of candidate_version vs reference: 34 - 25 - 12  [0.563] 71
Started game 73 of 100 (candidate_version vs reference)
Finished game 72 (reference vs candidate_version): 0-1 {Black mates}
Score of candidate_version vs reference: 35 - 25 - 12  [0.569] 72
Started game 74 of 100 (reference vs candidate_version)
Finished game 73 (candidate_version vs reference): 0-1 {Black mates}
Score of candidate_version vs reference: 35 - 26 - 12  [0.562] 73
Started game 75 of 100 (candidate_version vs reference)
Finished game 75 (candidate_version vs reference): 1-0 {White mates}
Score of candidate_version vs reference: 36 - 26 - 12  [0.568] 74
Started game 76 of 100 (reference vs candidate_version)
Finished game 74 (reference vs candidate_version): 1/2-1/2 {Draw by fifty moves rule}
Score of candidate_version vs reference: 36 - 26 - 13  [0.567] 75
Started game 77 of 100 (candidate_version vs reference)
Finished game 76 (reference vs candidate_version): 1-0 {White mates}
Score of candidate_version vs reference: 36 - 27 - 13  [0.559] 76
Started game 78 of 100 (reference vs candidate_version)
Finished game 77 (candidate_version vs reference): 0-1 {Black mates}
Score of candidate_version vs reference: 36 - 28 - 13  [0.552] 77
Started game 79 of 100 (candidate_version vs reference)
Finished game 78 (reference vs candidate_version): 1-0 {White mates}
Score of candidate_version vs reference: 36 - 29 - 13  [0.545] 78
Started game 80 of 100 (reference vs candidate_version)
Finished game 79 (candidate_version vs reference): 1-0 {White mates}
Score of candidate_version vs reference: 37 - 29 - 13  [0.551] 79
Started game 81 of 100 (candidate_version vs reference)
Finished game 80 (reference vs candidate_version): 0-1 {Black mates}
Score of candidate_version vs reference: 38 - 29 - 13  [0.556] 80
Elo difference: 39.25 +/- 71.04, LOS: 86.61 %, DrawRatio: 16.25 %
SPRT: llr 0.14 (4.9%), lbound -2.94, ubound 2.94
Started game 82 of 100 (reference vs candidate_version)
Finished game 82 (reference vs candidate_version): 0-1 {Black mates}
Score of candidate_version vs reference: 39 - 29 - 13  [0.562] 81
Started game 83 of 100 (candidate_version vs reference)
Finished game 81 (candidate_version vs reference): 0-1 {Black mates}
Score of candidate_version vs reference: 39 - 30 - 13  [0.555] 82
Started game 84 of 100 (reference vs candidate_version)
Finished game 83 (candidate_version vs reference): 1-0 {White mates}
Score of candidate_version vs reference: 40 - 30 - 13  [0.560] 83
Started game 85 of 100 (candidate_version vs reference)
Finished game 84 (reference vs candidate_version): 1/2-1/2 {Draw by fifty moves rule}
Score of candidate_version vs reference: 40 - 30 - 14  [0.560] 84
Started game 86 of 100 (reference vs candidate_version)
Finished game 85 (candidate_version vs reference): 1-0 {White mates}
Score of candidate_version vs reference: 41 - 30 - 14  [0.565] 85
Started game 87 of 100 (candidate_version vs reference)
Finished game 86 (reference vs candidate_version): 1-0 {White mates}
Score of candidate_version vs reference: 41 - 31 - 14  [0.558] 86
Started game 88 of 100 (reference vs candidate_version)
Finished game 87 (candidate_version vs reference): 0-1 {Black mates}
Score of candidate_version vs reference: 41 - 32 - 14  [0.552] 87
Started game 89 of 100 (candidate_version vs reference)
Finished game 88 (reference vs candidate_version): 0-1 {Black mates}
Score of candidate_version vs reference: 42 - 32 - 14  [0.557] 88
Started game 90 of 100 (reference vs candidate_version)
Finished game 89 (candidate_version vs reference): 1-0 {White mates}
Score of candidate_version vs reference: 43 - 32 - 14  [0.562] 89
Started game 91 of 100 (candidate_version vs reference)
Finished game 90 (reference vs candidate_version): 0-1 {Black mates}
Score of candidate_version vs reference: 44 - 32 - 14  [0.567] 90
Elo difference: 46.60 +/- 67.32, LOS: 91.79 %, DrawRatio: 15.56 %
SPRT: llr 0.19 (6.6%), lbound -2.94, ubound 2.94
Started game 92 of 100 (reference vs candidate_version)
Finished game 92 (reference vs candidate_version): 1-0 {White mates}
Score of candidate_version vs reference: 44 - 33 - 14  [0.560] 91
Started game 93 of 100 (candidate_version vs reference)
Finished game 91 (candidate_version vs reference): 1/2-1/2 {Draw by fifty moves rule}
Score of candidate_version vs reference: 44 - 33 - 15  [0.560] 92
Started game 94 of 100 (reference vs candidate_version)
Finished game 93 (candidate_version vs reference): 0-1 {Black mates}
Score of candidate_version vs reference: 44 - 34 - 15  [0.554] 93
Started game 95 of 100 (candidate_version vs reference)
Finished game 94 (reference vs candidate_version): 1-0 {White mates}
Score of candidate_version vs reference: 44 - 35 - 15  [0.548] 94
Started game 96 of 100 (reference vs candidate_version)
Finished game 95 (candidate_version vs reference): 1-0 {White mates}
Score of candidate_version vs reference: 45 - 35 - 15  [0.553] 95
Started game 97 of 100 (candidate_version vs reference)
Finished game 96 (reference vs candidate_version): 1-0 {White mates}
Score of candidate_version vs reference: 45 - 36 - 15  [0.547] 96
Started game 98 of 100 (reference vs candidate_version)
Finished game 97 (candidate_version vs reference): 1/2-1/2 {Draw by insufficient mating material}
Score of candidate_version vs reference: 45 - 36 - 16  [0.546] 97
Started game 99 of 100 (candidate_version vs reference)
Finished game 98 (reference vs candidate_version): 0-1 {Black mates}
Score of candidate_version vs reference: 46 - 36 - 16  [0.551] 98
Started game 100 of 100 (reference vs candidate_version)
Finished game 99 (candidate_version vs reference): 1/2-1/2 {Draw by insufficient mating material}
Score of candidate_version vs reference: 46 - 36 - 17  [0.551] 99
Finished game 100 (reference vs candidate_version): 0-1 {Black mates}
Score of candidate_version vs reference: 47 - 36 - 17  [0.555] 100
Elo difference: 38.37 +/- 63.05, LOS: 88.81 %, DrawRatio: 17.00 %
SPRT: llr 0.18 (6.1%), lbound -2.94, ubound 2.94
Finished match
Total Time: 00:02:16 (hours:minutes:seconds)

