[INFO  ] [09:25:35.708768] <   > fastchess --- fastchess alpha 1.8.2 compiled for windows-latest 20260726-f618e34 (CI) 
[INFO  ] [09:25:35.708921] <   > fastchess --- Setting seed to: 20260911
[INFO  ] [09:25:35.709195] <   > fastchess --- Indexing opening suite...

[INFO  ] [09:25:35.709651] <   > fastchess --- Starting tournament...
[WARN  ] [09:26:14.532299] <   > fastchess --- Warning; PV continues after threefold repetition - move f1e1 from candidate_version
Info; info depth 2 score cp 0 nodes 212 time 2 nps 106000 pv f7e8 f1e1
Position; fen rnbqk2r/ppp1bppp/4pn2/3p4/8/5NP1/PPPPPPBP/RNBQ1RK1 w kq - 0 1
Moves; d2d4 b8c6 b1c3 f6e4 c3e4 d5e4 f3e5 c6e5 d4e5 d8d5 c1f4 c8d7 c2c4 d5c4 a1c1 c4a2 c1c7 a2d5 g2e4 d5d1 f1d1 d7b5 g1f1 b5a6 d1d7 e7d8 d7f7 d8c7 f7c7 e8g8 e4b7 a6b7 c7b7 a8b8 b7a7 b8b2 f2f3 f8d8 f1f2 d8d1 a7a6 g8f7 a6d6 d1h1 g3g4 g7g5 f4g3 h1c1 d6d7 f7f8 d7h7 c1c2 h7h8 f8f7 h8h7 f7e8 h7h8 e8f7 f2f1 c2e2 h8h7 f7f8 h7h8 f8f7 h8h7 f7f8 h7a7 e2d2 h2h3 b2b3 a7a8 f8e7 a8a7 e7e8 a7a8 e8e7 a8a7 e7e8 a7a8 e8f7 a8a7

[WARN  ] [09:27:00.254886] <   > fastchess --- Warning; PV continues after threefold repetition - move f6f5 from reference
Info; info depth 2 score cp 0 nodes 84 time 1 nps 84000 pv c2d3 f6f5
Position; fen rnbqkb1r/ppp2ppp/8/3np3/8/2N3P1/PP1PPP1P/R1BQKBNR w KQkq - 0 1
Moves; e2e4 d5c3 d2c3 d8d1 e1d1 b8c6 c1e3 c8e6 g1f3 e8c8 d1c2 f8e7 f1d3 c8b8 f3g5 e7g5 e3g5 f7f6 g5e3 h7h5 h1d1 h5h4 d3b5 h4g3 h2g3 g7g5 a2a4 a7a6 d1d8 c6d8 b5e2 d8f7 a1d1 f7d6 e2d3 e6g4 d1d2 h8h1 c2b3 g4f3 d3c2 g5g4 e3c5 d6c8 d2d5 c7c6 d5d7 b7b6 c5e3 b6b5 a4a5 f3e2 b3b4 e2c4 e3c5 h1h8 d7d1 c4e6 c5e3 h8h7 e3c5 b8c7 b2b3 h7d7 d1d7 c7d7 c2d3 c8d6 b4a3 d6b7 c5b6 d7e7 b3b4 e7d7 a3b2 b7d6 b2c2 e6c4 b6c5 c4d3 c2d3 d6c4 c5e3 c4b2 d3e2 b2c4 e3c5 d7e6 c5e3 e6d7 e3c5 d7e6 c5e3 e6e7 e3c5 e7d7 c5b6 c4d6 e2d3 d6c4 d3e2 d7e8 b6c5 e8f7 c5b6 f7g6 e2d3 c4b2 d3e2 b2c4 e2d3 c4b2 d3c2 b2c4

[WARN  ] [09:27:00.254971] <   > fastchess --- Warning; PV continues after threefold repetition - move g6f7 from reference
Info; info depth 3 score cp 0 nodes 263 time 3 nps 87666 pv c2d3 g6f7 b6c5
Position; fen rnbqkb1r/ppp2ppp/8/3np3/8/2N3P1/PP1PPP1P/R1BQKBNR w KQkq - 0 1
Moves; e2e4 d5c3 d2c3 d8d1 e1d1 b8c6 c1e3 c8e6 g1f3 e8c8 d1c2 f8e7 f1d3 c8b8 f3g5 e7g5 e3g5 f7f6 g5e3 h7h5 h1d1 h5h4 d3b5 h4g3 h2g3 g7g5 a2a4 a7a6 d1d8 c6d8 b5e2 d8f7 a1d1 f7d6 e2d3 e6g4 d1d2 h8h1 c2b3 g4f3 d3c2 g5g4 e3c5 d6c8 d2d5 c7c6 d5d7 b7b6 c5e3 b6b5 a4a5 f3e2 b3b4 e2c4 e3c5 h1h8 d7d1 c4e6 c5e3 h8h7 e3c5 b8c7 b2b3 h7d7 d1d7 c7d7 c2d3 c8d6 b4a3 d6b7 c5b6 d7e7 b3b4 e7d7 a3b2 b7d6 b2c2 e6c4 b6c5 c4d3 c2d3 d6c4 c5e3 c4b2 d3e2 b2c4 e3c5 d7e6 c5e3 e6d7 e3c5 d7e6 c5e3 e6e7 e3c5 e7d7 c5b6 c4d6 e2d3 d6c4 d3e2 d7e8 b6c5 e8f7 c5b6 f7g6 e2d3 c4b2 d3e2 b2c4 e2d3 c4b2 d3c2 b2c4

[WARN  ] [09:27:00.255013] <   > fastchess --- Warning; PV continues after threefold repetition - move g6f7 from reference
Info; info depth 3 score cp 0 nodes 1311 time 14 nps 93642 pv c2d3 g6f7 b6c5
Position; fen rnbqkb1r/ppp2ppp/8/3np3/8/2N3P1/PP1PPP1P/R1BQKBNR w KQkq - 0 1
Moves; e2e4 d5c3 d2c3 d8d1 e1d1 b8c6 c1e3 c8e6 g1f3 e8c8 d1c2 f8e7 f1d3 c8b8 f3g5 e7g5 e3g5 f7f6 g5e3 h7h5 h1d1 h5h4 d3b5 h4g3 h2g3 g7g5 a2a4 a7a6 d1d8 c6d8 b5e2 d8f7 a1d1 f7d6 e2d3 e6g4 d1d2 h8h1 c2b3 g4f3 d3c2 g5g4 e3c5 d6c8 d2d5 c7c6 d5d7 b7b6 c5e3 b6b5 a4a5 f3e2 b3b4 e2c4 e3c5 h1h8 d7d1 c4e6 c5e3 h8h7 e3c5 b8c7 b2b3 h7d7 d1d7 c7d7 c2d3 c8d6 b4a3 d6b7 c5b6 d7e7 b3b4 e7d7 a3b2 b7d6 b2c2 e6c4 b6c5 c4d3 c2d3 d6c4 c5e3 c4b2 d3e2 b2c4 e3c5 d7e6 c5e3 e6d7 e3c5 d7e6 c5e3 e6e7 e3c5 e7d7 c5b6 c4d6 e2d3 d6c4 d3e2 d7e8 b6c5 e8f7 c5b6 f7g6 e2d3 c4b2 d3e2 b2c4 e2d3 c4b2 d3c2 b2c4

[INFO  ] [09:27:52.072835] <   > fastchess --- Finished match

[INFO  ] [09:27:52.072951] <   > fastchess --- Total Time: 00:02:16 (hours:minutes:seconds)


