Indexing opening suite...
Started game 2 of 40 (reference vs candidate_adaptive_time)
Started game 1 of 40 (candidate_adaptive_time vs reference)
Finished game 2 (reference vs candidate_adaptive_time): 0-1 {Black mates}
Score of candidate_adaptive_time vs reference: 1 - 0 - 0  [1.000] 1
Started game 3 of 40 (candidate_adaptive_time vs reference)
Finished game 1 (candidate_adaptive_time vs reference): 0-1 {Black mates}
Score of candidate_adaptive_time vs reference: 1 - 1 - 0  [0.500] 2
Started game 4 of 40 (reference vs candidate_adaptive_time)
Finished game 3 (candidate_adaptive_time vs reference): 1/2-1/2 {Draw by 3-fold repetition}
Score of candidate_adaptive_time vs reference: 1 - 1 - 1  [0.500] 3
Started game 5 of 40 (candidate_adaptive_time vs reference)
Finished game 4 (reference vs candidate_adaptive_time): 1-0 {White mates}
Score of candidate_adaptive_time vs reference: 1 - 2 - 1  [0.375] 4
Started game 6 of 40 (reference vs candidate_adaptive_time)
Finished game 6 (reference vs candidate_adaptive_time): 0-1 {Black mates}
Score of candidate_adaptive_time vs reference: 2 - 2 - 1  [0.500] 5
Started game 7 of 40 (candidate_adaptive_time vs reference)
Finished game 5 (candidate_adaptive_time vs reference): 1/2-1/2 {Draw by insufficient mating material}
Score of candidate_adaptive_time vs reference: 2 - 2 - 2  [0.500] 6
Started game 8 of 40 (reference vs candidate_adaptive_time)
Finished game 7 (candidate_adaptive_time vs reference): 0-1 {Black mates}
Score of candidate_adaptive_time vs reference: 2 - 3 - 2  [0.429] 7
Started game 9 of 40 (candidate_adaptive_time vs reference)
Finished game 8 (reference vs candidate_adaptive_time): 0-1 {Black mates}
Score of candidate_adaptive_time vs reference: 3 - 3 - 2  [0.500] 8
Started game 10 of 40 (reference vs candidate_adaptive_time)
Finished game 9 (candidate_adaptive_time vs reference): 0-1 {Black mates}
Score of candidate_adaptive_time vs reference: 3 - 4 - 2  [0.444] 9
Started game 11 of 40 (candidate_adaptive_time vs reference)
Finished game 11 (candidate_adaptive_time vs reference): 0-1 {Black mates}
Score of candidate_adaptive_time vs reference: 3 - 5 - 2  [0.400] 10
Elo difference: -70.44 +/- 226.82, LOS: 23.41 %, DrawRatio: 20.00 %
SPRT: llr -0.04 (1.3%), lbound -2.94, ubound 2.94
Started game 12 of 40 (reference vs candidate_adaptive_time)
Finished game 10 (reference vs candidate_adaptive_time): 1-0 {White mates}
Score of candidate_adaptive_time vs reference: 3 - 6 - 2  [0.364] 11
Started game 13 of 40 (candidate_adaptive_time vs reference)
Finished game 12 (reference vs candidate_adaptive_time): 0-1 {Black mates}
Score of candidate_adaptive_time vs reference: 4 - 6 - 2  [0.417] 12
Started game 14 of 40 (reference vs candidate_adaptive_time)
Finished game 13 (candidate_adaptive_time vs reference): 0-1 {Black mates}
Score of candidate_adaptive_time vs reference: 4 - 7 - 2  [0.385] 13
Started game 15 of 40 (candidate_adaptive_time vs reference)
Finished game 14 (reference vs candidate_adaptive_time): 1-0 {White mates}
Score of candidate_adaptive_time vs reference: 4 - 8 - 2  [0.357] 14
Started game 16 of 40 (reference vs candidate_adaptive_time)
Finished game 15 (candidate_adaptive_time vs reference): 1-0 {White mates}
Score of candidate_adaptive_time vs reference: 5 - 8 - 2  [0.400] 15
Started game 17 of 40 (candidate_adaptive_time vs reference)
Finished game 16 (reference vs candidate_adaptive_time): 0-1 {Black mates}
Score of candidate_adaptive_time vs reference: 6 - 8 - 2  [0.438] 16
Started game 18 of 40 (reference vs candidate_adaptive_time)
Finished game 17 (candidate_adaptive_time vs reference): 1/2-1/2 {Draw by fifty moves rule}
Score of candidate_adaptive_time vs reference: 6 - 8 - 3  [0.441] 17
Started game 19 of 40 (candidate_adaptive_time vs reference)
Finished game 18 (reference vs candidate_adaptive_time): 0-1 {Black mates}
Score of candidate_adaptive_time vs reference: 7 - 8 - 3  [0.472] 18
Started game 20 of 40 (reference vs candidate_adaptive_time)
Finished game 19 (candidate_adaptive_time vs reference): 0-1 {Black mates}
Score of candidate_adaptive_time vs reference: 7 - 9 - 3  [0.447] 19
Started game 21 of 40 (candidate_adaptive_time vs reference)
Finished game 20 (reference vs candidate_adaptive_time): 1-0 {White mates}
Score of candidate_adaptive_time vs reference: 7 - 10 - 3  [0.425] 20
Elo difference: -52.51 +/- 151.22, LOS: 23.04 %, DrawRatio: 15.00 %
SPRT: llr -0.05 (1.8%), lbound -2.94, ubound 2.94
Started game 22 of 40 (reference vs candidate_adaptive_time)
Finished game 21 (candidate_adaptive_time vs reference): 1-0 {White mates}
Score of candidate_adaptive_time vs reference: 8 - 10 - 3  [0.452] 21
Started game 23 of 40 (candidate_adaptive_time vs reference)
Finished game 22 (reference vs candidate_adaptive_time): 0-1 {Black mates}
Score of candidate_adaptive_time vs reference: 9 - 10 - 3  [0.477] 22
Started game 24 of 40 (reference vs candidate_adaptive_time)
Finished game 23 (candidate_adaptive_time vs reference): 0-1 {Black mates}
Score of candidate_adaptive_time vs reference: 9 - 11 - 3  [0.457] 23
Started game 25 of 40 (candidate_adaptive_time vs reference)
Finished game 24 (reference vs candidate_adaptive_time): 1-0 {White mates}
Score of candidate_adaptive_time vs reference: 9 - 12 - 3  [0.438] 24
Started game 26 of 40 (reference vs candidate_adaptive_time)
Finished game 25 (candidate_adaptive_time vs reference): 0-1 {Black mates}
Score of candidate_adaptive_time vs reference: 9 - 13 - 3  [0.420] 25
Started game 27 of 40 (candidate_adaptive_time vs reference)
Finished game 26 (reference vs candidate_adaptive_time): 0-1 {Black mates}
Score of candidate_adaptive_time vs reference: 10 - 13 - 3  [0.442] 26
Started game 28 of 40 (reference vs candidate_adaptive_time)
Finished game 27 (candidate_adaptive_time vs reference): 1-0 {Black loses on time (4ms overrun)}
Score of candidate_adaptive_time vs reference: 11 - 13 - 3  [0.463] 27
Started game 29 of 40 (candidate_adaptive_time vs reference)
Finished game 28 (reference vs candidate_adaptive_time): 1-0 {White mates}
Score of candidate_adaptive_time vs reference: 11 - 14 - 3  [0.446] 28
Started game 30 of 40 (reference vs candidate_adaptive_time)
Finished game 29 (candidate_adaptive_time vs reference): 1-0 {White mates}
Score of candidate_adaptive_time vs reference: 12 - 14 - 3  [0.466] 29
Started game 31 of 40 (candidate_adaptive_time vs reference)
Finished game 30 (reference vs candidate_adaptive_time): 1-0 {White mates}
Score of candidate_adaptive_time vs reference: 12 - 15 - 3  [0.450] 30
Elo difference: -34.86 +/- 123.59, LOS: 28.08 %, DrawRatio: 10.00 %
SPRT: llr -0.05 (1.7%), lbound -2.94, ubound 2.94
Started game 32 of 40 (reference vs candidate_adaptive_time)
Finished game 31 (candidate_adaptive_time vs reference): 1-0 {White mates}
Score of candidate_adaptive_time vs reference: 13 - 15 - 3  [0.468] 31
Started game 33 of 40 (candidate_adaptive_time vs reference)
Finished game 32 (reference vs candidate_adaptive_time): 0-1 {Black mates}
Score of candidate_adaptive_time vs reference: 14 - 15 - 3  [0.484] 32
Started game 34 of 40 (reference vs candidate_adaptive_time)
Finished game 34 (reference vs candidate_adaptive_time): 1-0 {White mates}
Score of candidate_adaptive_time vs reference: 14 - 16 - 3  [0.470] 33
Started game 35 of 40 (candidate_adaptive_time vs reference)
Finished game 33 (candidate_adaptive_time vs reference): 1-0 {White mates}
Score of candidate_adaptive_time vs reference: 15 - 16 - 3  [0.485] 34
Started game 36 of 40 (reference vs candidate_adaptive_time)
Finished game 36 (reference vs candidate_adaptive_time): 1-0 {White mates}
Score of candidate_adaptive_time vs reference: 15 - 17 - 3  [0.471] 35
Started game 37 of 40 (candidate_adaptive_time vs reference)
Finished game 35 (candidate_adaptive_time vs reference): 1/2-1/2 {Draw by 3-fold repetition}
Score of candidate_adaptive_time vs reference: 15 - 17 - 4  [0.472] 36
Started game 38 of 40 (reference vs candidate_adaptive_time)
Finished game 38 (reference vs candidate_adaptive_time): 1-0 {White mates}
Score of candidate_adaptive_time vs reference: 15 - 18 - 4  [0.459] 37
Started game 39 of 40 (candidate_adaptive_time vs reference)
Finished game 37 (candidate_adaptive_time vs reference): 1/2-1/2 {Draw by fifty moves rule}
Score of candidate_adaptive_time vs reference: 15 - 18 - 5  [0.461] 38
Started game 40 of 40 (reference vs candidate_adaptive_time)
Finished game 39 (candidate_adaptive_time vs reference): 1-0 {White mates}
Score of candidate_adaptive_time vs reference: 16 - 18 - 5  [0.474] 39
Finished game 40 (reference vs candidate_adaptive_time): 1-0 {White mates}
Score of candidate_adaptive_time vs reference: 16 - 19 - 5  [0.463] 40
Elo difference: -26.11 +/- 104.01, LOS: 30.55 %, DrawRatio: 12.50 %
SPRT: llr -0.05 (1.8%), lbound -2.94, ubound 2.94
Finished match
Total Time: 00:02:13 (hours:minutes:seconds)

